Archive member included to satisfy reference by file (symbol)

library.a(initialize.o)       obj/Lab1B-Main-c.o (InitializeHardware)
library.a(stm32f429i_discovery.o)
                              library.a(initialize.o) (BSP_PB_Init)
library.a(stm32f429i_discovery_lcd.o)
                              library.a(initialize.o) (BSP_LCD_LayerDefaultInit)
library.a(stm32f429i_discovery_sdram.o)
                              library.a(stm32f429i_discovery_lcd.o) (BSP_SDRAM_Init)
library.a(stm32f4xx_hal.o)    library.a(initialize.o) (HAL_Init)
library.a(stm32f4xx_hal_cortex.o)
                              library.a(stm32f4xx_hal.o) (HAL_NVIC_SetPriorityGrouping)
library.a(stm32f4xx_hal_dma.o)
                              library.a(stm32f429i_discovery_sdram.o) (HAL_DMA_Init)
library.a(stm32f4xx_hal_dma2d.o)
                              library.a(stm32f429i_discovery_lcd.o) (HAL_DMA2D_Init)
library.a(stm32f4xx_hal_gpio.o)
                              library.a(stm32f429i_discovery.o) (HAL_GPIO_Init)
library.a(stm32f4xx_hal_i2c.o)
                              library.a(stm32f429i_discovery.o) (HAL_I2C_Init)
library.a(stm32f4xx_hal_ltdc.o)
                              library.a(stm32f429i_discovery_lcd.o) (HAL_LTDC_Init)
library.a(stm32f4xx_hal_rcc.o)
                              library.a(initialize.o) (HAL_RCC_OscConfig)
library.a(stm32f4xx_hal_rcc_ex.o)
                              library.a(stm32f429i_discovery_lcd.o) (HAL_RCCEx_PeriphCLKConfig)
library.a(stm32f4xx_hal_sdram.o)
                              library.a(stm32f429i_discovery_sdram.o) (HAL_SDRAM_Init)
library.a(stm32f4xx_hal_spi.o)
                              library.a(stm32f429i_discovery.o) (HAL_SPI_Init)
library.a(stm32f4xx_it.o)     library.a(initialize.o) (IncludeThis)
library.a(stm32f4xx_ll_fmc.o)
                              library.a(stm32f4xx_hal_sdram.o) (FMC_SDRAM_Init)
library.a(svcHandler.o)       library.a(stm32f4xx_it.o) (SVC_Exception)
library.a(system_stm32f4xx.o)
                              library.a(stm32f4xx_hal_rcc.o) (SystemCoreClock)
library.a(startup_stm32f429xx.o)
                              library.a(initialize.o) (Reset_Handler)
library.a(ili9341.o)          library.a(stm32f429i_discovery_lcd.o) (ili9341_drv)
y:/coen20/gcc/bin/../lib/gcc/arm-none-eabi/9.3.1/../../../../arm-none-eabi/lib/thumb/v7e-m+fp/hard\libc.a(lib_a-exit.o)
                              y:/coen20/gcc/bin/../lib/gcc/arm-none-eabi/9.3.1/../../../../arm-none-eabi/lib/thumb/v7e-m+fp/hard/crt0.o (exit)
y:/coen20/gcc/bin/../lib/gcc/arm-none-eabi/9.3.1/../../../../arm-none-eabi/lib/thumb/v7e-m+fp/hard\libc.a(lib_a-impure.o)
                              y:/coen20/gcc/bin/../lib/gcc/arm-none-eabi/9.3.1/../../../../arm-none-eabi/lib/thumb/v7e-m+fp/hard\libc.a(lib_a-exit.o) (_global_impure_ptr)
y:/coen20/gcc/bin/../lib/gcc/arm-none-eabi/9.3.1/../../../../arm-none-eabi/lib/thumb/v7e-m+fp/hard\libc.a(lib_a-init.o)
                              y:/coen20/gcc/bin/../lib/gcc/arm-none-eabi/9.3.1/../../../../arm-none-eabi/lib/thumb/v7e-m+fp/hard/crt0.o (__libc_init_array)
y:/coen20/gcc/bin/../lib/gcc/arm-none-eabi/9.3.1/../../../../arm-none-eabi/lib/thumb/v7e-m+fp/hard\libc.a(lib_a-malloc.o)
                              obj/Lab1B-Main-c.o (malloc)
y:/coen20/gcc/bin/../lib/gcc/arm-none-eabi/9.3.1/../../../../arm-none-eabi/lib/thumb/v7e-m+fp/hard\libc.a(lib_a-mallocr.o)
                              y:/coen20/gcc/bin/../lib/gcc/arm-none-eabi/9.3.1/../../../../arm-none-eabi/lib/thumb/v7e-m+fp/hard\libc.a(lib_a-malloc.o) (_malloc_r)
y:/coen20/gcc/bin/../lib/gcc/arm-none-eabi/9.3.1/../../../../arm-none-eabi/lib/thumb/v7e-m+fp/hard\libc.a(lib_a-memcpy.o)
                              library.a(svcHandler.o) (memcpy)
y:/coen20/gcc/bin/../lib/gcc/arm-none-eabi/9.3.1/../../../../arm-none-eabi/lib/thumb/v7e-m+fp/hard\libc.a(lib_a-memset.o)
                              y:/coen20/gcc/bin/../lib/gcc/arm-none-eabi/9.3.1/../../../../arm-none-eabi/lib/thumb/v7e-m+fp/hard/crt0.o (memset)
y:/coen20/gcc/bin/../lib/gcc/arm-none-eabi/9.3.1/../../../../arm-none-eabi/lib/thumb/v7e-m+fp/hard\libc.a(lib_a-mlock.o)
                              y:/coen20/gcc/bin/../lib/gcc/arm-none-eabi/9.3.1/../../../../arm-none-eabi/lib/thumb/v7e-m+fp/hard\libc.a(lib_a-mallocr.o) (__malloc_lock)
y:/coen20/gcc/bin/../lib/gcc/arm-none-eabi/9.3.1/../../../../arm-none-eabi/lib/thumb/v7e-m+fp/hard\libc.a(lib_a-printf.o)
                              library.a(initialize.o) (printf)
y:/coen20/gcc/bin/../lib/gcc/arm-none-eabi/9.3.1/../../../../arm-none-eabi/lib/thumb/v7e-m+fp/hard\libc.a(lib_a-sbrkr.o)
                              y:/coen20/gcc/bin/../lib/gcc/arm-none-eabi/9.3.1/../../../../arm-none-eabi/lib/thumb/v7e-m+fp/hard\libc.a(lib_a-mallocr.o) (_sbrk_r)
y:/coen20/gcc/bin/../lib/gcc/arm-none-eabi/9.3.1/../../../../arm-none-eabi/lib/thumb/v7e-m+fp/hard\libc.a(lib_a-sprintf.o)
[...]
Memory Configuration

Name             Origin             Length             Attributes
ROM              0x08000000         0x00200000         xr
RAM              0x20000000         0x00030000         xrw
CCM              0x10000000         0x00010000         xrw
*default*        0x00000000         0xffffffff

Linker script and memory map

LOAD y:/coen20/gcc/bin/../lib/gcc/arm-none-eabi/9.3.1/thumb/v7e-m+fp/hard/crti.o
LOAD y:/coen20/gcc/bin/../lib/gcc/arm-none-eabi/9.3.1/thumb/v7e-m+fp/hard/crtbegin.o
LOAD y:/coen20/gcc/bin/../lib/gcc/arm-none-eabi/9.3.1/../../../../arm-none-eabi/lib/thumb/v7e-m+fp/hard/crt0.o
LOAD obj/Lab1B-Main-c.o
LOAD obj/Lab1B-SpaceInvaders-s.o
LOAD library.a
LOAD library.a
LOAD y:/coen20/gcc/bin/../lib/gcc/arm-none-eabi/9.3.1/../../../../arm-none-eabi/lib/thumb/v7e-m+fp/hard\libm.a
LOAD y:/coen20/gcc/bin/../lib/gcc/arm-none-eabi/9.3.1/../../../../arm-none-eabi/lib/thumb/v7e-m+fp/hard\libc.a
LOAD y:/coen20/gcc/bin/../lib/gcc/arm-none-eabi/9.3.1/../../../../arm-none-eabi/lib/thumb/v7e-m+fp/hard\libnosys.a
LOAD y:/coen20/gcc/bin/../lib/gcc/arm-none-eabi/9.3.1/../../../../arm-none-eabi/lib/thumb/v7e-m+fp/hard\libc.a
START GROUP
LOAD y:/coen20/gcc/bin/../lib/gcc/arm-none-eabi/9.3.1/thumb/v7e-m+fp/hard\libgcc.a
LOAD y:/coen20/gcc/bin/../lib/gcc/arm-none-eabi/9.3.1/../../../../arm-none-eabi/lib/thumb/v7e-m+fp/hard\libc.a
END GROUP
LOAD y:/coen20/gcc/bin/../lib/gcc/arm-none-eabi/9.3.1/thumb/v7e-m+fp/hard/crtend.o
LOAD y:/coen20/gcc/bin/../lib/gcc/arm-none-eabi/9.3.1/thumb/v7e-m+fp/hard/crtn.o

.text           0x08000000    0x10ebc
 *(.isr_vector)
 .isr_vector    0x08000000      0x1ac library.a(startup_stm32f429xx.o)
                0x08000000                __isr_vector
 *(.text*)
 .text          0x080001ac       0x40 y:/coen20/gcc/bin/../lib/gcc/arm-none-eabi/9.3.1/thumb/v7e-m+fp/hard/crtbegin.o
 .text          0x080001ec       0x7c y:/coen20/gcc/bin/../lib/gcc/arm-none-eabi/9.3.1/../../../../arm-none-eabi/lib/thumb/v7e-m+fp/hard/crt0.o
                0x080001ec                _stack_init
                0x080001f4                _start
                0x080001f4                _mainCRTStartup
 .text.LoadSprite
                0x08000268       0xd4 obj/Lab1B-Main-c.o
 .text.PutMessage
                0x0800033c       0x80 obj/Lab1B-Main-c.o
 .text.PutMessage.constprop.0
                0x080003bc       0x84 obj/Lab1B-Main-c.o
 .text.DrawExplosion.isra.0
                0x08000440      0x1b8 obj/Lab1B-Main-c.o
 .text.UpdateDisplay
                0x080005f8      0x694 obj/Lab1B-Main-c.o
 *fill*         0x08000c8c        0x4 
 .text.startup.main
                0x08000c90     0x1f58 obj/Lab1B-Main-c.o
                0x08000c90                main
 .text          0x08002be8       0x3c obj/Lab1B-SpaceInvaders-s.o
                0x08002be8                GetTimeout
                0x08002bf8                Timeout
 .text.TextRows
                0x08002c24       0x12 library.a(initialize.o)
 .text._close   0x08002c36        0x2 library.a(initialize.o)
                0x08002c36                _close
 .text._fstat   0x08002c38        0x2 library.a(initialize.o)
                0x08002c38                _fstat
 .text._getpid  0x08002c3a        0x2 library.a(initialize.o)
                0x08002c3a                _getpid
 .text._isatty  0x08002c3c        0x2 library.a(initialize.o)
                0x08002c3c                _isatty
 .text._kill    0x08002c3e        0x2 library.a(initialize.o)
                0x08002c3e                _kill
 .text._lseek   0x08002c40        0x2 library.a(initialize.o)
                0x08002c40                _lseek
 .text._read    0x08002c42        0x2 library.a(initialize.o)
                0x08002c42                _read
 .text.ClearDisplay
                0x08002c44       0x34 library.a(initialize.o)
                0x08002c44                ClearDisplay
 .text.DisplayHeader
                0x08002c78       0x7c library.a(initialize.o)
                0x08002c78                DisplayHeader
 .text.DisplayFooter
                0x08002cf4       0x58 library.a(initialize.o)
                0x08002cf4                DisplayFooter
 .text._write   0x08002d4c      0x104 library.a(initialize.o)
                0x08002d4c                _write
 .text.InitializeHardware
                0x08002e50      0x124 library.a(initialize.o)
                0x08002e50                InitializeHardware
 .text.WaitForPushButton
                0x08002f74       0x18 library.a(initialize.o)
                0x08002f74                WaitForPushButton
 .text.PushButtonPressed
                0x08002f8c       0x10 library.a(initialize.o)
                0x08002f8c                PushButtonPressed
 .text.GetClockCycleCount
                0x08002f9c        0xc library.a(initialize.o)
                0x08002f9c                GetClockCycleCount
 .text.GetRandomNumber
                0x08002fa8       0x14 library.a(initialize.o)
                0x08002fa8                GetRandomNumber
 .text.SPIx_Init
                0x08002fbc       0x98 library.a(stm32f429i_discovery.o)
 .text.SPIx_Write
                0x08003054       0x30 library.a(stm32f429i_discovery.o)
 .text.SPIx_WriteRead
                0x08003084       0x40 library.a(stm32f429i_discovery.o)
 .text.BSP_PB_Init
                0x080030c4       0x70 library.a(stm32f429i_discovery.o)
                0x080030c4                BSP_PB_Init
 .text.BSP_PB_GetState
                0x08003134       0x14 library.a(stm32f429i_discovery.o)
                0x08003134                BSP_PB_GetState
 .text.LCD_IO_Init
                0x08003148       0xb0 library.a(stm32f429i_discovery.o)
                0x08003148                LCD_IO_Init
 .text.LCD_IO_WriteData
                0x080031f8       0x38 library.a(stm32f429i_discovery.o)
                0x080031f8                LCD_IO_WriteData
 .text.LCD_IO_WriteReg
                0x08003230       0x38 library.a(stm32f429i_discovery.o)
                0x08003230                LCD_IO_WriteReg
 .text.LCD_IO_ReadData
                0x08003268       0x6c library.a(stm32f429i_discovery.o)
                0x08003268                LCD_IO_ReadData
 .text.LCD_Delay
                0x080032d4        0x4 library.a(stm32f429i_discovery.o)
                0x080032d4                LCD_Delay
 .text.GYRO_IO_Init
                0x080032d8       0x6c library.a(stm32f429i_discovery.o)
                0x080032d8                GYRO_IO_Init
 .text.GYRO_IO_Write
                0x08003344       0x44 library.a(stm32f429i_discovery.o)
                0x08003344                GYRO_IO_Write
 .text.GYRO_IO_Read
                0x08003388       0x48 library.a(stm32f429i_discovery.o)
                0x08003388                GYRO_IO_Read
 .text.FillBuffer
                0x080033d0       0x64 library.a(stm32f429i_discovery_lcd.o)
 .text.BSP_LCD_GetXSize
                0x08003434       0x10 library.a(stm32f429i_discovery_lcd.o)
                0x08003434                BSP_LCD_GetXSize
 .text.BSP_LCD_GetYSize
                0x08003444       0x10 library.a(stm32f429i_discovery_lcd.o)
                0x08003444                BSP_LCD_GetYSize
 .text.BSP_LCD_LayerDefaultInit
                0x08003454       0x7c library.a(stm32f429i_discovery_lcd.o)
                0x08003454                BSP_LCD_LayerDefaultInit
 .text.BSP_LCD_SelectLayer
                0x080034d0        0xc library.a(stm32f429i_discovery_lcd.o)
                0x080034d0                BSP_LCD_SelectLayer
 .text.BSP_LCD_GetTextColor
                0x080034dc       0x18 library.a(stm32f429i_discovery_lcd.o)
                0x080034dc                BSP_LCD_GetTextColor
 .text.BSP_LCD_GetBackColor
                0x080034f4       0x18 library.a(stm32f429i_discovery_lcd.o)
                0x080034f4                BSP_LCD_GetBackColor
 .text.BSP_LCD_SetTextColor
                0x0800350c       0x18 library.a(stm32f429i_discovery_lcd.o)
                0x0800350c                BSP_LCD_SetTextColor
 .text.BSP_LCD_SetBackColor
                0x08003524       0x18 library.a(stm32f429i_discovery_lcd.o)
                0x08003524                BSP_LCD_SetBackColor
 .text.BSP_LCD_SetFont
                0x0800353c       0x18 library.a(stm32f429i_discovery_lcd.o)
                0x0800353c                BSP_LCD_SetFont
 .text.BSP_LCD_Init
                0x08003554      0x1bc library.a(stm32f429i_discovery_lcd.o)
                0x08003554                BSP_LCD_Init
 .text.BSP_LCD_GetFont
                0x08003710       0x18 library.a(stm32f429i_discovery_lcd.o)
                0x08003710                BSP_LCD_GetFont
 .text.BSP_LCD_Clear
                0x08003728       0x40 library.a(stm32f429i_discovery_lcd.o)
                0x08003728                BSP_LCD_Clear
 .text.BSP_LCD_DrawHLine
                0x08003768       0x50 library.a(stm32f429i_discovery_lcd.o)
                0x08003768                BSP_LCD_DrawHLine
 .text.BSP_LCD_DrawVLine
                0x080037b8       0x5c library.a(stm32f429i_discovery_lcd.o)
                0x080037b8                BSP_LCD_DrawVLine
 .text.BSP_LCD_DrawRect
                0x08003814       0x34 library.a(stm32f429i_discovery_lcd.o)
                0x08003814                BSP_LCD_DrawRect
 .text.BSP_LCD_FillRect
                0x08003848       0x78 library.a(stm32f429i_discovery_lcd.o)
                0x08003848                BSP_LCD_FillRect
 .text.BSP_LCD_DisplayOn
                0x080038c0       0x10 library.a(stm32f429i_discovery_lcd.o)
                0x080038c0                BSP_LCD_DisplayOn
 .text.BSP_LCD_DrawPixel
                0x080038d0       0x2c library.a(stm32f429i_discovery_lcd.o)
                0x080038d0                BSP_LCD_DrawPixel
 .text.BSP_LCD_DisplayChar
                0x080038fc       0xd4 library.a(stm32f429i_discovery_lcd.o)
                0x080038fc                BSP_LCD_DisplayChar
 .text.BSP_LCD_DisplayStringAt
                0x080039d0       0x9c library.a(stm32f429i_discovery_lcd.o)
                0x080039d0                BSP_LCD_DisplayStringAt
 .text.BSP_SDRAM_Initialization_sequence
                0x08003a6c       0x94 library.a(stm32f429i_discovery_sdram.o)
                0x08003a6c                BSP_SDRAM_Initialization_sequence
 .text.BSP_SDRAM_Init
                0x08003b00      0x1c8 library.a(stm32f429i_discovery_sdram.o)
                0x08003b00                BSP_SDRAM_Init
 .text.HAL_MspInit
                0x08003cc8        0x2 library.a(stm32f4xx_hal.o)
                0x08003cc8                HAL_MspInit
 .text.HAL_InitTick
                0x08003cca       0x28 library.a(stm32f4xx_hal.o)
                0x08003cca                HAL_InitTick
 *fill*         0x08003cf2        0x2 
 .text.HAL_Init
                0x08003cf4       0x34 library.a(stm32f4xx_hal.o)
                0x08003cf4                HAL_Init
 .text.HAL_IncTick
                0x08003d28       0x10 library.a(stm32f4xx_hal.o)
                0x08003d28                HAL_IncTick
 .text.HAL_GetTick
                0x08003d38        0xc library.a(stm32f4xx_hal.o)
                0x08003d38                HAL_GetTick
 .text.HAL_Delay
                0x08003d44       0x1a library.a(stm32f4xx_hal.o)
                0x08003d44                HAL_Delay
 *fill*         0x08003d5e        0x2 
 .text.HAL_NVIC_SetPriorityGrouping
                0x08003d60       0x24 library.a(stm32f4xx_hal_cortex.o)
                0x08003d60                HAL_NVIC_SetPriorityGrouping
 .text.HAL_NVIC_SetPriority
                0x08003d84       0x64 library.a(stm32f4xx_hal_cortex.o)
                0x08003d84                HAL_NVIC_SetPriority
 .text.HAL_NVIC_EnableIRQ
                0x08003de8       0x18 library.a(stm32f4xx_hal_cortex.o)
                0x08003de8                HAL_NVIC_EnableIRQ
 .text.HAL_SYSTICK_Config
                0x08003e00       0x28 library.a(stm32f4xx_hal_cortex.o)
                0x08003e00                HAL_SYSTICK_Config
 .text.HAL_DMA_Init
                0x08003e28       0x78 library.a(stm32f4xx_hal_dma.o)
                0x08003e28                HAL_DMA_Init
 .text.HAL_DMA_DeInit
                0x08003ea0      0xacc library.a(stm32f4xx_hal_dma.o)
                0x08003ea0                HAL_DMA_DeInit
 .text.DMA2D_SetConfig
                0x0800496c       0x80 library.a(stm32f4xx_hal_dma2d.o)
 .text.HAL_DMA2D_MspInit
                0x080049ec        0x2 library.a(stm32f4xx_hal_dma2d.o)
                0x080049ec                HAL_DMA2D_MspInit
 .text.HAL_DMA2D_Init
                0x080049ee       0x5c library.a(stm32f4xx_hal_dma2d.o)
                0x080049ee                HAL_DMA2D_Init
 .text.HAL_DMA2D_Start
                0x08004a4a       0x40 library.a(stm32f4xx_hal_dma2d.o)
                0x08004a4a                HAL_DMA2D_Start
 .text.HAL_DMA2D_PollForTransfer
                0x08004a8a       0xc4 library.a(stm32f4xx_hal_dma2d.o)
                0x08004a8a                HAL_DMA2D_PollForTransfer
 *fill*         0x08004b4e        0x2 
 .text.HAL_DMA2D_ConfigLayer
                0x08004b50       0xdc library.a(stm32f4xx_hal_dma2d.o)
                0x08004b50                HAL_DMA2D_ConfigLayer
 .text.HAL_GPIO_Init
                0x08004c2c      0x1d0 library.a(stm32f4xx_hal_gpio.o)
                0x08004c2c                HAL_GPIO_Init
 .text.HAL_GPIO_ReadPin
                0x08004dfc        0xc library.a(stm32f4xx_hal_gpio.o)
                0x08004dfc                HAL_GPIO_ReadPin
 .text.HAL_GPIO_WritePin
                0x08004e08        0xa library.a(stm32f4xx_hal_gpio.o)
                0x08004e08                HAL_GPIO_WritePin
 *fill*         0x08004e12        0x2 
 .text.LTDC_SetConfig
                0x08004e14      0x144 library.a(stm32f4xx_hal_ltdc.o)
 .text.HAL_LTDC_MspInit
                0x08004f58        0x2 library.a(stm32f4xx_hal_ltdc.o)
                0x08004f58                HAL_LTDC_MspInit
 *fill*         0x08004f5a        0x2 
 .text.HAL_LTDC_Init
                0x08004f5c       0xfc library.a(stm32f4xx_hal_ltdc.o)
                0x08004f5c                HAL_LTDC_Init
 .text.HAL_LTDC_ConfigLayer
                0x08005058       0x5c library.a(stm32f4xx_hal_ltdc.o)
                0x08005058                HAL_LTDC_ConfigLayer
 .text.HAL_LTDC_EnableDither
                0x080050b4       0x34 library.a(stm32f4xx_hal_ltdc.o)
                0x080050b4                HAL_LTDC_EnableDither
 .text.HAL_RCC_OscConfig
                0x080050e8      0x330 library.a(stm32f4xx_hal_rcc.o)
                0x080050e8                HAL_RCC_OscConfig
 .text.HAL_RCC_ClockConfig
                0x08005418      0x1f8 library.a(stm32f4xx_hal_rcc.o)
                0x08005418                HAL_RCC_ClockConfig
 .text.HAL_RCC_GetSysClockFreq
                0x08005610       0x78 library.a(stm32f4xx_hal_rcc.o)
                0x08005610                HAL_RCC_GetSysClockFreq
 .text.HAL_RCC_GetHCLKFreq
                0x08005688       0x38 library.a(stm32f4xx_hal_rcc.o)
                0x08005688                HAL_RCC_GetHCLKFreq
 .text.HAL_RCCEx_PeriphCLKConfig
                0x080056c0      0x2d8 library.a(stm32f4xx_hal_rcc_ex.o)
                0x080056c0                HAL_RCCEx_PeriphCLKConfig
 .text.HAL_SDRAM_MspInit
                0x08005998        0x2 library.a(stm32f4xx_hal_sdram.o)
                0x08005998                HAL_SDRAM_MspInit
 .text.HAL_SDRAM_Init
                0x0800599a       0x40 library.a(stm32f4xx_hal_sdram.o)
                0x0800599a                HAL_SDRAM_Init
 .text.HAL_SDRAM_SendCommand
                0x080059da       0x2e library.a(stm32f4xx_hal_sdram.o)
                0x080059da                HAL_SDRAM_SendCommand
 .text.HAL_SDRAM_ProgramRefreshRate
                0x08005a08       0x24 library.a(stm32f4xx_hal_sdram.o)
                0x08005a08                HAL_SDRAM_ProgramRefreshRate
 .text.SPI_WaitOnFlagUntilTimeout
                0x08005a2c       0x94 library.a(stm32f4xx_hal_spi.o)
 .text.HAL_SPI_MspInit
                0x08005ac0        0x2 library.a(stm32f4xx_hal_spi.o)
                0x08005ac0                HAL_SPI_MspInit
 .text.HAL_SPI_Init
                0x08005ac2       0x82 library.a(stm32f4xx_hal_spi.o)
                0x08005ac2                HAL_SPI_Init
 .text.HAL_SPI_MspDeInit
                0x08005b44        0x2 library.a(stm32f4xx_hal_spi.o)
                0x08005b44                HAL_SPI_MspDeInit
 .text.HAL_SPI_DeInit
                0x08005b46       0x26 library.a(stm32f4xx_hal_spi.o)
                0x08005b46                HAL_SPI_DeInit
 .text.HAL_SPI_Transmit
                0x08005b6c      0x164 library.a(stm32f4xx_hal_spi.o)
                0x08005b6c                HAL_SPI_Transmit
 .text.HAL_SPI_TransmitReceive
                0x08005cd0      0x2c2 library.a(stm32f4xx_hal_spi.o)
                0x08005cd0                HAL_SPI_TransmitReceive
 .text.HAL_SPI_Receive
                0x08005f92      0x1d2 library.a(stm32f4xx_hal_spi.o)
                0x08005f92                HAL_SPI_Receive
 .text.HAL_SPI_GetState
                0x08006164        0x6 library.a(stm32f4xx_hal_spi.o)
                0x08006164                HAL_SPI_GetState
 .text.NMI_Handler
                0x0800616a        0x2 library.a(stm32f4xx_it.o)
                0x0800616a                NMI_Handler
 .text.SVC_Handler
                0x0800616c       0x20 library.a(stm32f4xx_it.o)
                0x0800616c                SVC_Handler
 .text.DebugMon_Handler
                0x0800618c        0x2 library.a(stm32f4xx_it.o)
                0x0800618c                DebugMon_Handler
 .text.PendSV_Handler
                0x0800618e        0x2 library.a(stm32f4xx_it.o)
                0x0800618e                PendSV_Handler
 .text.SysTick_Handler
                0x08006190        0x4 library.a(stm32f4xx_it.o)
                0x08006190                SysTick_Handler
 .text.FMC_SDRAM_Init
                0x08006194       0x68 library.a(stm32f4xx_ll_fmc.o)
                0x08006194                FMC_SDRAM_Init
 .text.FMC_SDRAM_Timing_Init
                0x080061fc       0x72 library.a(stm32f4xx_ll_fmc.o)
                0x080061fc                FMC_SDRAM_Timing_Init
 .text.FMC_SDRAM_SendCommand
                0x0800626e       0x50 library.a(stm32f4xx_ll_fmc.o)
                0x0800626e                FMC_SDRAM_SendCommand
 .text.FMC_SDRAM_ProgramRefreshRate
                0x080062be        0xc library.a(stm32f4xx_ll_fmc.o)
                0x080062be                FMC_SDRAM_ProgramRefreshRate
 *fill*         0x080062ca        0x2 
 .text.SVC_Label
                0x080062cc       0x58 library.a(svcHandler.o)
 .text.Preserve
                0x08006324       0xa8 library.a(svcHandler.o)
 .text.HardStopHandler
                0x080063cc       0x94 library.a(svcHandler.o)
 .text.F32      0x08006460       0xc0 library.a(svcHandler.o)
 .text.Restore  0x08006520       0x5c library.a(svcHandler.o)
 .text.FlPtRegs
                0x0800657c       0x9c library.a(svcHandler.o)
 .text._MemManageHandler
                0x08006618       0x10 library.a(svcHandler.o)
                0x08006618                _MemManageHandler
 .text.MemManage_Handler
                0x08006628        0xc library.a(svcHandler.o)
                0x08006628                MemManage_Handler
 .text._BusFault_Handler
                0x08006634       0x10 library.a(svcHandler.o)
                0x08006634                _BusFault_Handler
 .text.BusFault_Handler
                0x08006644        0xc library.a(svcHandler.o)
                0x08006644                BusFault_Handler
 .text._HardFault_Handler
                0x08006650       0x10 library.a(svcHandler.o)
                0x08006650                _HardFault_Handler
 .text.HardFault_Handler
                0x08006660        0xc library.a(svcHandler.o)
                0x08006660                HardFault_Handler
 .text._UsageFault_Handler
                0x0800666c       0x5c library.a(svcHandler.o)
                0x0800666c                _UsageFault_Handler
 .text.UsageFault_Handler
                0x080066c8        0xc library.a(svcHandler.o)
                0x080066c8                UsageFault_Handler
 .text.SVC_Exception
                0x080066d4       0xd8 library.a(svcHandler.o)
                0x080066d4                SVC_Exception
 .text.SystemInit
                0x080067ac       0x4c library.a(system_stm32f4xx.o)
                0x080067ac                SystemInit
 .text          0x080067f8      0x118 library.a(startup_stm32f429xx.o)
                0x080067f8                Reset_Handler
                0x08006850                Default_Handler
                0x08006852                WWDG_IRQHandler
                0x08006854                PVD_IRQHandler
                0x08006856                TAMP_STAMP_IRQHandler
                0x08006858                RTC_WKUP_IRQHandler
                0x0800685a                FLASH_IRQHandler
                0x0800685c                RCC_IRQHandler
                0x0800685e                EXTI0_IRQHandler
                0x08006860                EXTI1_IRQHandler
                0x08006862                EXTI2_IRQHandler
                0x08006864                EXTI3_IRQHandler
                0x08006866                EXTI4_IRQHandler
                0x08006868                DMA1_Stream0_IRQHandler
                0x0800686a                DMA1_Stream1_IRQHandler
                0x0800686c                DMA1_Stream2_IRQHandler
                0x0800686e                DMA1_Stream3_IRQHandler
                0x08006870                DMA1_Stream4_IRQHandler
                0x08006872                DMA1_Stream5_IRQHandler
                0x08006874                DMA1_Stream6_IRQHandler
                0x08006876                ADC_IRQHandler
                0x08006878                CAN1_TX_IRQHandler
                0x0800687a                CAN1_RX0_IRQHandler
                0x0800687c                CAN1_RX1_IRQHandler
                0x0800687e                CAN1_SCE_IRQHandler
                0x08006880                EXTI9_5_IRQHandler
                0x08006882                TIM1_BRK_TIM9_IRQHandler
                0x08006884                TIM1_UP_TIM10_IRQHandler
                0x08006886                TIM1_TRG_COM_TIM11_IRQHandler
                0x08006888                TIM1_CC_IRQHandler
                0x0800688a                TIM2_IRQHandler
                0x0800688c                TIM3_IRQHandler
                0x0800688e                TIM4_IRQHandler
                0x08006890                I2C1_EV_IRQHandler
                0x08006892                I2C1_ER_IRQHandler
                0x08006894                I2C2_EV_IRQHandler
                0x08006896                I2C2_ER_IRQHandler
                0x08006898                SPI1_IRQHandler
                0x0800689a                SPI2_IRQHandler
                0x0800689c                USART1_IRQHandler
                0x0800689e                USART2_IRQHandler
                0x080068a0                USART3_IRQHandler
                0x080068a2                EXTI15_10_IRQHandler
                0x080068a4                RTC_Alarm_IRQHandler
                0x080068a6                OTG_FS_WKUP_IRQHandler
                0x080068a8                TIM8_BRK_TIM12_IRQHandler
                0x080068aa                TIM8_UP_TIM13_IRQHandler
                0x080068ac                TIM8_TRG_COM_TIM14_IRQHandler
                0x080068ae                TIM8_CC_IRQHandler
                0x080068b0                DMA1_Stream7_IRQHandler
                0x080068b2                FSMC_IRQHandler
                0x080068b4                SDIO_IRQHandler
                0x080068b6                TIM5_IRQHandler
                0x080068b8                SPI3_IRQHandler
                0x080068ba                UART4_IRQHandler
                0x080068bc                UART5_IRQHandler
                0x080068be                TIM6_DAC_IRQHandler
                0x080068c0                TIM7_IRQHandler
                0x080068c2                DMA2_Stream0_IRQHandler
                0x080068c4                DMA2_Stream1_IRQHandler
                0x080068c6                DMA2_Stream2_IRQHandler
                0x080068c8                DMA2_Stream3_IRQHandler
                0x080068ca                DMA2_Stream4_IRQHandler
                0x080068cc                ETH_IRQHandler
                0x080068ce                ETH_WKUP_IRQHandler
                0x080068d0                CAN2_TX_IRQHandler
                0x080068d2                CAN2_RX0_IRQHandler
                0x080068d4                CAN2_RX1_IRQHandler
                0x080068d6                CAN2_SCE_IRQHandler
                0x080068d8                OTG_FS_IRQHandler
                0x080068da                DMA2_Stream5_IRQHandler
                0x080068dc                DMA2_Stream6_IRQHandler
                0x080068de                DMA2_Stream7_IRQHandler
                0x080068e0                USART6_IRQHandler
                0x080068e2                I2C3_EV_IRQHandler
                0x080068e4                I2C3_ER_IRQHandler
                0x080068e6                OTG_HS_EP1_OUT_IRQHandler
                0x080068e8                OTG_HS_EP1_IN_IRQHandler
                0x080068ea                OTG_HS_WKUP_IRQHandler
                0x080068ec                OTG_HS_IRQHandler
                0x080068ee                DCMI_IRQHandler
                0x080068f0                CRYP_IRQHandler
                0x080068f2                HASH_RNG_IRQHandler
                0x080068f4                FPU_IRQHandler
                0x080068f6                UART7_IRQHandler
                0x080068f8                UART8_IRQHandler
                0x080068fa                SPI4_IRQHandler
                0x080068fc                SPI5_IRQHandler
                0x080068fe                SPI6_IRQHandler
                0x08006900                SAI1_IRQHandler
                0x08006902                LTDC_IRQHandler
                0x08006904                LTDC_ER_IRQHandler
                0x08006906                DMA2D_IRQHandler
 .text.ili9341_GetLcdPixelWidth
                0x08006910        0x4 library.a(ili9341.o)
                0x08006910                ili9341_GetLcdPixelWidth
 .text.ili9341_GetLcdPixelHeight
                0x08006914        0x6 library.a(ili9341.o)
                0x08006914                ili9341_GetLcdPixelHeight
 .text.ili9341_DisplayOn
                0x0800691a        0x6 library.a(ili9341.o)
                0x0800691a                ili9341_DisplayOn
 .text.ili9341_DisplayOff
                0x08006920        0x6 library.a(ili9341.o)
                0x08006920                ili9341_DisplayOff
 .text.ili9341_Init
                0x08006926      0x292 library.a(ili9341.o)
                0x08006926                ili9341_Init
 .text.ili9341_ReadID
                0x08006bb8       0x12 library.a(ili9341.o)
                0x08006bb8                ili9341_ReadID
 *fill*         0x08006bca        0x2 
 .text.exit     0x08006bcc       0x20 y:/coen20/gcc/bin/../lib/gcc/arm-none-eabi/9.3.1/../../../../arm-none-eabi/lib/thumb/v7e-m+fp/hard\libc.a(lib_a-exit.o)
                0x08006bcc                exit
 .text.__libc_init_array
                0x08006bec       0x48 y:/coen20/gcc/bin/../lib/gcc/arm-none-eabi/9.3.1/../../../../arm-none-eabi/lib/thumb/v7e-m+fp/hard\libc.a(lib_a-init.o)
                0x08006bec                __libc_init_array
 .text.malloc   0x08006c34       0x10 y:/coen20/gcc/bin/../lib/gcc/arm-none-eabi/9.3.1/../../../../arm-none-eabi/lib/thumb/v7e-m+fp/hard\libc.a(lib_a-malloc.o)
                0x08006c34                malloc
 .text._malloc_r
                0x08006c44      0x574 y:/coen20/gcc/bin/../lib/gcc/arm-none-eabi/9.3.1/../../../../arm-none-eabi/lib/thumb/v7e-m+fp/hard\libc.a(lib_a-mallocr.o)
                0x08006c44                _malloc_r
 .text          0x080071b8      0x134 y:/coen20/gcc/bin/../lib/gcc/arm-none-eabi/9.3.1/../../../../arm-none-eabi/lib/thumb/v7e-m+fp/hard\libc.a(lib_a-memcpy.o)
                0x080071b8                memcpy
 .text.memset   0x080072ec       0xa0 y:/coen20/gcc/bin/../lib/gcc/arm-none-eabi/9.3.1/../../../../arm-none-eabi/lib/thumb/v7e-m+fp/hard\libc.a(lib_a-memset.o)
                0x080072ec                memset
 .text.__malloc_lock
                0x0800738c        0xc y:/coen20/gcc/bin/../lib/gcc/arm-none-eabi/9.3.1/../../../../arm-none-eabi/lib/thumb/v7e-m+fp/hard\libc.a(lib_a-mlock.o)
                0x0800738c                __malloc_lock
 .text.__malloc_unlock
                0x08007398        0xc y:/coen20/gcc/bin/../lib/gcc/arm-none-eabi/9.3.1/../../../../arm-none-eabi/lib/thumb/v7e-m+fp/hard\libc.a(lib_a-mlock.o)
                0x08007398                __malloc_unlock
 .text._sbrk_r  0x080073a4       0x24 y:/coen20/gcc/bin/../lib/gcc/arm-none-eabi/9.3.1/../../../../arm-none-eabi/lib/thumb/v7e-m+fp/hard\libc.a(lib_a-sbrkr.o)
                0x080073a4                _sbrk_r
 .text.sprintf  0x080073c8       0x44 y:/coen20/gcc/bin/../lib/gcc/arm-none-eabi/9.3.1/../../../../arm-none-eabi/lib/thumb/v7e-m+fp/hard\libc.a(lib_a-sprintf.o)
                0x080073c8                sprintf
 .text.strcpy   0x0800740c       0xbc y:/coen20/gcc/bin/../lib/gcc/arm-none-eabi/9.3.1/../../../../arm-none-eabi/lib/thumb/v7e-m+fp/hard\libc.a(lib_a-strcpy.o)
                0x0800740c                strcpy
 *fill*         0x080074c8       0x38 
 .text          0x08007500       0xdc y:/coen20/gcc/bin/../lib/gcc/arm-none-eabi/9.3.1/../../../../arm-none-eabi/lib/thumb/v7e-m+fp/hard\libc.a(lib_a-strlen.o)
                0x08007500                strlen
 *fill*         0x080075dc        0x4 
 .text._svfprintf_r
                0x080075e0     0x1b38 y:/coen20/gcc/bin/../lib/gcc/arm-none-eabi/9.3.1/../../../../arm-none-eabi/lib/thumb/v7e-m+fp/hard\libc.a(lib_a-svfprintf.o)
                0x080075e0                _svfprintf_r
 .text._vsprintf_r
                0x08009118       0x28 y:/coen20/gcc/bin/../lib/gcc/arm-none-eabi/9.3.1/../../../../arm-none-eabi/lib/thumb/v7e-m+fp/hard\libc.a(lib_a-vsprintf.o)
                0x08009118                _vsprintf_r
 .text.vsprintf
                0x08009140       0x18 y:/coen20/gcc/bin/../lib/gcc/arm-none-eabi/9.3.1/../../../../arm-none-eabi/lib/thumb/v7e-m+fp/hard\libc.a(lib_a-vsprintf.o)
                0x08009140                vsprintf
 .text.__swsetup_r
                0x08009158       0xd0 y:/coen20/gcc/bin/../lib/gcc/arm-none-eabi/9.3.1/../../../../arm-none-eabi/lib/thumb/v7e-m+fp/hard\libc.a(lib_a-wsetup.o)
                0x08009158                __swsetup_r
 .text.startup.register_fini
                0x08009228       0x14 y:/coen20/gcc/bin/../lib/gcc/arm-none-eabi/9.3.1/../../../../arm-none-eabi/lib/thumb/v7e-m+fp/hard\libc.a(lib_a-__call_atexit.o)
 .text.__call_exitprocs
                0x0800923c       0xcc y:/coen20/gcc/bin/../lib/gcc/arm-none-eabi/9.3.1/../../../../arm-none-eabi/lib/thumb/v7e-m+fp/hard\libc.a(lib_a-__call_atexit.o)
                0x0800923c                __call_exitprocs
 .text.atexit   0x08009308        0xc y:/coen20/gcc/bin/../lib/gcc/arm-none-eabi/9.3.1/../../../../arm-none-eabi/lib/thumb/v7e-m+fp/hard\libc.a(lib_a-atexit.o)
                0x08009308                atexit
 .text.quorem   0x08009314      0x11c y:/coen20/gcc/bin/../lib/gcc/arm-none-eabi/9.3.1/../../../../arm-none-eabi/lib/thumb/v7e-m+fp/hard\libc.a(lib_a-dtoa.o)
 .text._dtoa_r  0x08009430      0xf44 y:/coen20/gcc/bin/../lib/gcc/arm-none-eabi/9.3.1/../../../../arm-none-eabi/lib/thumb/v7e-m+fp/hard\libc.a(lib_a-dtoa.o)
                0x08009430                _dtoa_r
 .text.__sflush_r
                0x0800a374      0x130 y:/coen20/gcc/bin/../lib/gcc/arm-none-eabi/9.3.1/../../../../arm-none-eabi/lib/thumb/v7e-m+fp/hard\libc.a(lib_a-fflush.o)
                0x0800a374                __sflush_r
 .text._fflush_r
                0x0800a4a4       0x5c y:/coen20/gcc/bin/../lib/gcc/arm-none-eabi/9.3.1/../../../../arm-none-eabi/lib/thumb/v7e-m+fp/hard\libc.a(lib_a-fflush.o)
                0x0800a4a4                _fflush_r
 .text.std      0x0800a500       0x50 y:/coen20/gcc/bin/../lib/gcc/arm-none-eabi/9.3.1/../../../../arm-none-eabi/lib/thumb/v7e-m+fp/hard\libc.a(lib_a-findfp.o)
 .text._cleanup_r
                0x0800a550        0xc y:/coen20/gcc/bin/../lib/gcc/arm-none-eabi/9.3.1/../../../../arm-none-eabi/lib/thumb/v7e-m+fp/hard\libc.a(lib_a-findfp.o)
                0x0800a550                _cleanup_r
 .text.__sinit  0x0800a55c       0x54 y:/coen20/gcc/bin/../lib/gcc/arm-none-eabi/9.3.1/../../../../arm-none-eabi/lib/thumb/v7e-m+fp/hard\libc.a(lib_a-findfp.o)
                0x0800a55c                __sinit
 .text.__sfp_lock_acquire
                0x0800a5b0        0xc y:/coen20/gcc/bin/../lib/gcc/arm-none-eabi/9.3.1/../../../../arm-none-eabi/lib/thumb/v7e-m+fp/hard\libc.a(lib_a-findfp.o)
                0x0800a5b0                __sfp_lock_acquire
 .text.__sfp_lock_release
                0x0800a5bc        0xc y:/coen20/gcc/bin/../lib/gcc/arm-none-eabi/9.3.1/../../../../arm-none-eabi/lib/thumb/v7e-m+fp/hard\libc.a(lib_a-findfp.o)
                0x0800a5bc                __sfp_lock_release
 .text.__libc_fini_array
                0x0800a5c8       0x2c y:/coen20/gcc/bin/../lib/gcc/arm-none-eabi/9.3.1/../../../../arm-none-eabi/lib/thumb/v7e-m+fp/hard\libc.a(lib_a-fini.o)
                0x0800a5c8                __libc_fini_array
 .text._malloc_trim_r
                0x0800a5f4       0xa0 y:/coen20/gcc/bin/../lib/gcc/arm-none-eabi/9.3.1/../../../../arm-none-eabi/lib/thumb/v7e-m+fp/hard\libc.a(lib_a-freer.o)
                0x0800a5f4                _malloc_trim_r
 .text._free_r  0x0800a694      0x208 y:/coen20/gcc/bin/../lib/gcc/arm-none-eabi/9.3.1/../../../../arm-none-eabi/lib/thumb/v7e-m+fp/hard\libc.a(lib_a-freer.o)
                0x0800a694                _free_r
 .text._fwalk_reent
                0x0800a89c       0x48 y:/coen20/gcc/bin/../lib/gcc/arm-none-eabi/9.3.1/../../../../arm-none-eabi/lib/thumb/v7e-m+fp/hard\libc.a(lib_a-fwalk.o)
                0x0800a89c                _fwalk_reent
 .text._localeconv_r
                0x0800a8e4        0x8 y:/coen20/gcc/bin/../lib/gcc/arm-none-eabi/9.3.1/../../../../arm-none-eabi/lib/thumb/v7e-m+fp/hard\libc.a(lib_a-localeconv.o)
                0x0800a8e4                _localeconv_r
 .text.__retarget_lock_init_recursive
                0x0800a8ec        0x4 y:/coen20/gcc/bin/../lib/gcc/arm-none-eabi/9.3.1/../../../../arm-none-eabi/lib/thumb/v7e-m+fp/hard\libc.a(lib_a-lock.o)
                0x0800a8ec                __retarget_lock_init_recursive
 .text.__retarget_lock_close_recursive
                0x0800a8f0        0x4 y:/coen20/gcc/bin/../lib/gcc/arm-none-eabi/9.3.1/../../../../arm-none-eabi/lib/thumb/v7e-m+fp/hard\libc.a(lib_a-lock.o)
                0x0800a8f0                __retarget_lock_close_recursive
 .text.__retarget_lock_acquire_recursive
                0x0800a8f4        0x4 y:/coen20/gcc/bin/../lib/gcc/arm-none-eabi/9.3.1/../../../../arm-none-eabi/lib/thumb/v7e-m+fp/hard\libc.a(lib_a-lock.o)
                0x0800a8f4                __retarget_lock_acquire_recursive
 .text.__retarget_lock_release_recursive
                0x0800a8f8        0x4 y:/coen20/gcc/bin/../lib/gcc/arm-none-eabi/9.3.1/../../../../arm-none-eabi/lib/thumb/v7e-m+fp/hard\libc.a(lib_a-lock.o)
                0x0800a8f8                __retarget_lock_release_recursive
 .text.__swhatbuf_r
                0x0800a8fc       0x5c y:/coen20/gcc/bin/../lib/gcc/arm-none-eabi/9.3.1/../../../../arm-none-eabi/lib/thumb/v7e-m+fp/hard\libc.a(lib_a-makebuf.o)
                0x0800a8fc                __swhatbuf_r
 .text.__smakebuf_r
                0x0800a958       0x98 y:/coen20/gcc/bin/../lib/gcc/arm-none-eabi/9.3.1/../../../../arm-none-eabi/lib/thumb/v7e-m+fp/hard\libc.a(lib_a-makebuf.o)
                0x0800a958                __smakebuf_r
 .text          0x0800a9f0       0xa0 y:/coen20/gcc/bin/../lib/gcc/arm-none-eabi/9.3.1/../../../../arm-none-eabi/lib/thumb/v7e-m+fp/hard\libc.a(lib_a-memchr.o)
                0x0800a9f0                memchr
 .text._Balloc  0x0800aa90       0x4c y:/coen20/gcc/bin/../lib/gcc/arm-none-eabi/9.3.1/../../../../arm-none-eabi/lib/thumb/v7e-m+fp/hard\libc.a(lib_a-mprec.o)
                0x0800aa90                _Balloc
 .text._Bfree   0x0800aadc       0x14 y:/coen20/gcc/bin/../lib/gcc/arm-none-eabi/9.3.1/../../../../arm-none-eabi/lib/thumb/v7e-m+fp/hard\libc.a(lib_a-mprec.o)
                0x0800aadc                _Bfree
 .text.__multadd
                0x0800aaf0       0xac y:/coen20/gcc/bin/../lib/gcc/arm-none-eabi/9.3.1/../../../../arm-none-eabi/lib/thumb/v7e-m+fp/hard\libc.a(lib_a-mprec.o)
                0x0800aaf0                __multadd
 .text.__hi0bits
                0x0800ab9c       0x40 y:/coen20/gcc/bin/../lib/gcc/arm-none-eabi/9.3.1/../../../../arm-none-eabi/lib/thumb/v7e-m+fp/hard\libc.a(lib_a-mprec.o)
                0x0800ab9c                __hi0bits
 .text.__lo0bits
                0x0800abdc       0x60 y:/coen20/gcc/bin/../lib/gcc/arm-none-eabi/9.3.1/../../../../arm-none-eabi/lib/thumb/v7e-m+fp/hard\libc.a(lib_a-mprec.o)
                0x0800abdc                __lo0bits
 .text.__i2b    0x0800ac3c       0x2c y:/coen20/gcc/bin/../lib/gcc/arm-none-eabi/9.3.1/../../../../arm-none-eabi/lib/thumb/v7e-m+fp/hard\libc.a(lib_a-mprec.o)
                0x0800ac3c                __i2b
 .text.__multiply
                0x0800ac68      0x160 y:/coen20/gcc/bin/../lib/gcc/arm-none-eabi/9.3.1/../../../../arm-none-eabi/lib/thumb/v7e-m+fp/hard\libc.a(lib_a-mprec.o)
                0x0800ac68                __multiply
 .text.__pow5mult
                0x0800adc8       0x98 y:/coen20/gcc/bin/../lib/gcc/arm-none-eabi/9.3.1/../../../../arm-none-eabi/lib/thumb/v7e-m+fp/hard\libc.a(lib_a-mprec.o)
                0x0800adc8                __pow5mult
 .text.__lshift
                0x0800ae60       0xe8 y:/coen20/gcc/bin/../lib/gcc/arm-none-eabi/9.3.1/../../../../arm-none-eabi/lib/thumb/v7e-m+fp/hard\libc.a(lib_a-mprec.o)
                0x0800ae60                __lshift
 .text.__mcmp   0x0800af48       0x3c y:/coen20/gcc/bin/../lib/gcc/arm-none-eabi/9.3.1/../../../../arm-none-eabi/lib/thumb/v7e-m+fp/hard\libc.a(lib_a-mprec.o)
                0x0800af48                __mcmp
 .text.__mdiff  0x0800af84      0x148 y:/coen20/gcc/bin/../lib/gcc/arm-none-eabi/9.3.1/../../../../arm-none-eabi/lib/thumb/v7e-m+fp/hard\libc.a(lib_a-mprec.o)
                0x0800af84                __mdiff
 .text.__d2b    0x0800b0cc       0xd0 y:/coen20/gcc/bin/../lib/gcc/arm-none-eabi/9.3.1/../../../../arm-none-eabi/lib/thumb/v7e-m+fp/hard\libc.a(lib_a-mprec.o)
                0x0800b0cc                __d2b
 .text.frexp    0x0800b19c       0x6c y:/coen20/gcc/bin/../lib/gcc/arm-none-eabi/9.3.1/../../../../arm-none-eabi/lib/thumb/v7e-m+fp/hard\libc.a(lib_a-s_frexp.o)
                0x0800b19c                frexp
 .text.__sread  0x0800b208       0x24 y:/coen20/gcc/bin/../lib/gcc/arm-none-eabi/9.3.1/../../../../arm-none-eabi/lib/thumb/v7e-m+fp/hard\libc.a(lib_a-stdio.o)
                0x0800b208                __sread
 .text.__swrite
                0x0800b22c       0x40 y:/coen20/gcc/bin/../lib/gcc/arm-none-eabi/9.3.1/../../../../arm-none-eabi/lib/thumb/v7e-m+fp/hard\libc.a(lib_a-stdio.o)
                0x0800b22c                __swrite
 .text.__sseek  0x0800b26c       0x20 y:/coen20/gcc/bin/../lib/gcc/arm-none-eabi/9.3.1/../../../../arm-none-eabi/lib/thumb/v7e-m+fp/hard\libc.a(lib_a-stdio.o)
                0x0800b26c                __sseek
 .text.__sclose
                0x0800b28c        0x8 y:/coen20/gcc/bin/../lib/gcc/arm-none-eabi/9.3.1/../../../../arm-none-eabi/lib/thumb/v7e-m+fp/hard\libc.a(lib_a-stdio.o)
                0x0800b28c                __sclose
 .text.strncpy  0x0800b294       0x68 y:/coen20/gcc/bin/../lib/gcc/arm-none-eabi/9.3.1/../../../../arm-none-eabi/lib/thumb/v7e-m+fp/hard\libc.a(lib_a-strncpy.o)
                0x0800b294                strncpy
 .text.__ssprint_r
                0x0800b2fc       0xf8 y:/coen20/gcc/bin/../lib/gcc/arm-none-eabi/9.3.1/../../../../arm-none-eabi/lib/thumb/v7e-m+fp/hard\libc.a(lib_a-svfiprintf.o)
                0x0800b2fc                __ssprint_r
 .text.__sprint_r.part.0
                0x0800b3f4       0x78 y:/coen20/gcc/bin/../lib/gcc/arm-none-eabi/9.3.1/../../../../arm-none-eabi/lib/thumb/v7e-m+fp/hard\libc.a(lib_a-vfiprintf.o)
 .text._vfiprintf_r
                0x0800b46c      0xd4c y:/coen20/gcc/bin/../lib/gcc/arm-none-eabi/9.3.1/../../../../arm-none-eabi/lib/thumb/v7e-m+fp/hard\libc.a(lib_a-vfiprintf.o)
                0x0800b46c                _vfiprintf_r
 .text.__sbprintf
                0x0800c1b8       0x84 y:/coen20/gcc/bin/../lib/gcc/arm-none-eabi/9.3.1/../../../../arm-none-eabi/lib/thumb/v7e-m+fp/hard\libc.a(lib_a-vfiprintf.o)
 .text._write_r
                0x0800c23c       0x2c y:/coen20/gcc/bin/../lib/gcc/arm-none-eabi/9.3.1/../../../../arm-none-eabi/lib/thumb/v7e-m+fp/hard\libc.a(lib_a-writer.o)
                0x0800c23c                _write_r
 .text.__register_exitproc
                0x0800c268       0x8c y:/coen20/gcc/bin/../lib/gcc/arm-none-eabi/9.3.1/../../../../arm-none-eabi/lib/thumb/v7e-m+fp/hard\libc.a(lib_a-__atexit.o)
                0x0800c268                __register_exitproc
 .text.__assert_func
                0x0800c2f4       0x3c y:/coen20/gcc/bin/../lib/gcc/arm-none-eabi/9.3.1/../../../../arm-none-eabi/lib/thumb/v7e-m+fp/hard\libc.a(lib_a-assert.o)
                0x0800c2f4                __assert_func
 .text._calloc_r
                0x0800c330       0x60 y:/coen20/gcc/bin/../lib/gcc/arm-none-eabi/9.3.1/../../../../arm-none-eabi/lib/thumb/v7e-m+fp/hard\libc.a(lib_a-callocr.o)
                0x0800c330                _calloc_r
 .text._close_r
                0x0800c390       0x24 y:/coen20/gcc/bin/../lib/gcc/arm-none-eabi/9.3.1/../../../../arm-none-eabi/lib/thumb/v7e-m+fp/hard\libc.a(lib_a-closer.o)
                0x0800c390                _close_r
 .text._fclose_r
                0x0800c3b4       0xcc y:/coen20/gcc/bin/../lib/gcc/arm-none-eabi/9.3.1/../../../../arm-none-eabi/lib/thumb/v7e-m+fp/hard\libc.a(lib_a-fclose.o)
                0x0800c3b4                _fclose_r
 .text.fiprintf
                0x0800c480       0x28 y:/coen20/gcc/bin/../lib/gcc/arm-none-eabi/9.3.1/../../../../arm-none-eabi/lib/thumb/v7e-m+fp/hard\libc.a(lib_a-fiprintf.o)
                0x0800c480                fiprintf
 .text.__fputwc
                0x0800c4a8       0xa8 y:/coen20/gcc/bin/../lib/gcc/arm-none-eabi/9.3.1/../../../../arm-none-eabi/lib/thumb/v7e-m+fp/hard\libc.a(lib_a-fputwc.o)
                0x0800c4a8                __fputwc
 .text._fputwc_r
                0x0800c550       0x68 y:/coen20/gcc/bin/../lib/gcc/arm-none-eabi/9.3.1/../../../../arm-none-eabi/lib/thumb/v7e-m+fp/hard\libc.a(lib_a-fputwc.o)
                0x0800c550                _fputwc_r
 .text._fstat_r
                0x0800c5b8       0x2c y:/coen20/gcc/bin/../lib/gcc/arm-none-eabi/9.3.1/../../../../arm-none-eabi/lib/thumb/v7e-m+fp/hard\libc.a(lib_a-fstatr.o)
                0x0800c5b8                _fstat_r
 .text.__sfvwrite_r
                0x0800c5e4      0x2e0 y:/coen20/gcc/bin/../lib/gcc/arm-none-eabi/9.3.1/../../../../arm-none-eabi/lib/thumb/v7e-m+fp/hard\libc.a(lib_a-fvwrite.o)
                0x0800c5e4                __sfvwrite_r
 .text._isatty_r
                0x0800c8c4       0x24 y:/coen20/gcc/bin/../lib/gcc/arm-none-eabi/9.3.1/../../../../arm-none-eabi/lib/thumb/v7e-m+fp/hard\libc.a(lib_a-isattyr.o)
                0x0800c8c4                _isatty_r
 .text.__locale_mb_cur_max
                0x0800c8e8        0xc y:/coen20/gcc/bin/../lib/gcc/arm-none-eabi/9.3.1/../../../../arm-none-eabi/lib/thumb/v7e-m+fp/hard\libc.a(lib_a-locale.o)
                0x0800c8e8                __locale_mb_cur_max
 .text._lseek_r
                0x0800c8f4       0x2c y:/coen20/gcc/bin/../lib/gcc/arm-none-eabi/9.3.1/../../../../arm-none-eabi/lib/thumb/v7e-m+fp/hard\libc.a(lib_a-lseekr.o)
                0x0800c8f4                _lseek_r
 .text.__ascii_mbtowc
                0x0800c920       0x2c y:/coen20/gcc/bin/../lib/gcc/arm-none-eabi/9.3.1/../../../../arm-none-eabi/lib/thumb/v7e-m+fp/hard\libc.a(lib_a-mbtowc_r.o)
                0x0800c920                __ascii_mbtowc
 .text.memmove  0x0800c94c       0xd8 y:/coen20/gcc/bin/../lib/gcc/arm-none-eabi/9.3.1/../../../../arm-none-eabi/lib/thumb/v7e-m+fp/hard\libc.a(lib_a-memmove.o)
                0x0800c94c                memmove
 .text._read_r  0x0800ca24       0x2c y:/coen20/gcc/bin/../lib/gcc/arm-none-eabi/9.3.1/../../../../arm-none-eabi/lib/thumb/v7e-m+fp/hard\libc.a(lib_a-readr.o)
                0x0800ca24                _read_r
 .text._realloc_r
                0x0800ca50      0x3e0 y:/coen20/gcc/bin/../lib/gcc/arm-none-eabi/9.3.1/../../../../arm-none-eabi/lib/thumb/v7e-m+fp/hard\libc.a(lib_a-reallocr.o)
                0x0800ca50                _realloc_r
 .text.__swbuf_r
                0x0800ce30       0xb0 y:/coen20/gcc/bin/../lib/gcc/arm-none-eabi/9.3.1/../../../../arm-none-eabi/lib/thumb/v7e-m+fp/hard\libc.a(lib_a-wbuf.o)
                0x0800ce30                __swbuf_r
 .text._wcrtomb_r
                0x0800cee0       0x3c y:/coen20/gcc/bin/../lib/gcc/arm-none-eabi/9.3.1/../../../../arm-none-eabi/lib/thumb/v7e-m+fp/hard\libc.a(lib_a-wcrtomb.o)
                0x0800cee0                _wcrtomb_r
 .text.__ascii_wctomb
                0x0800cf1c       0x1c y:/coen20/gcc/bin/../lib/gcc/arm-none-eabi/9.3.1/../../../../arm-none-eabi/lib/thumb/v7e-m+fp/hard\libc.a(lib_a-wctomb_r.o)
                0x0800cf1c                __ascii_wctomb
 .text.abort    0x0800cf38       0x10 y:/coen20/gcc/bin/../lib/gcc/arm-none-eabi/9.3.1/../../../../arm-none-eabi/lib/thumb/v7e-m+fp/hard\libc.a(lib_a-abort.o)
                0x0800cf38                abort
 .text._raise_r
                0x0800cf48       0x58 y:/coen20/gcc/bin/../lib/gcc/arm-none-eabi/9.3.1/../../../../arm-none-eabi/lib/thumb/v7e-m+fp/hard\libc.a(lib_a-signal.o)
                0x0800cf48                _raise_r
 .text.raise    0x0800cfa0       0x10 y:/coen20/gcc/bin/../lib/gcc/arm-none-eabi/9.3.1/../../../../arm-none-eabi/lib/thumb/v7e-m+fp/hard\libc.a(lib_a-signal.o)
                0x0800cfa0                raise
 .text._kill_r  0x0800cfb0       0x2c y:/coen20/gcc/bin/../lib/gcc/arm-none-eabi/9.3.1/../../../../arm-none-eabi/lib/thumb/v7e-m+fp/hard\libc.a(lib_a-signalr.o)
                0x0800cfb0                _kill_r
 .text._getpid_r
                0x0800cfdc        0x4 y:/coen20/gcc/bin/../lib/gcc/arm-none-eabi/9.3.1/../../../../arm-none-eabi/lib/thumb/v7e-m+fp/hard\libc.a(lib_a-signalr.o)
                0x0800cfdc                _getpid_r
 .text._sbrk    0x0800cfe0       0x1c y:/coen20/gcc/bin/../lib/gcc/arm-none-eabi/9.3.1/../../../../arm-none-eabi/lib/thumb/v7e-m+fp/hard\libnosys.a(sbrk.o)
                0x0800cfe0                _sbrk
 .text._exit    0x0800cffc        0x4 y:/coen20/gcc/bin/../lib/gcc/arm-none-eabi/9.3.1/../../../../arm-none-eabi/lib/thumb/v7e-m+fp/hard\libnosys.a(_exit.o)
                0x0800cffc                _exit
 .text          0x0800d000      0x378 y:/coen20/gcc/bin/../lib/gcc/arm-none-eabi/9.3.1/thumb/v7e-m+fp/hard\libgcc.a(_arm_addsubdf3.o)
                0x0800d000                __aeabi_drsub
                0x0800d008                __aeabi_dsub
                0x0800d008                __subdf3
                0x0800d00c                __aeabi_dadd
                0x0800d00c                __adddf3
                0x0800d284                __floatunsidf
                0x0800d284                __aeabi_ui2d
                0x0800d2a4                __floatsidf
                0x0800d2a4                __aeabi_i2d
                0x0800d2c8                __aeabi_f2d
                0x0800d2c8                __extendsfdf2
                0x0800d30c                __floatundidf
                0x0800d30c                __aeabi_ul2d
                0x0800d31c                __floatdidf
                0x0800d31c                __aeabi_l2d
 .text          0x0800d378      0x424 y:/coen20/gcc/bin/../lib/gcc/arm-none-eabi/9.3.1/thumb/v7e-m+fp/hard\libgcc.a(_arm_muldivdf3.o)
                0x0800d378                __aeabi_dmul
                0x0800d378                __muldf3
                0x0800d5cc                __divdf3
                0x0800d5cc                __aeabi_ddiv
 .text          0x0800d79c      0x110 y:/coen20/gcc/bin/../lib/gcc/arm-none-eabi/9.3.1/thumb/v7e-m+fp/hard\libgcc.a(_arm_cmpdf2.o)
                0x0800d79c                __gtdf2
                0x0800d79c                __gedf2
                0x0800d7a4                __ltdf2
                0x0800d7a4                __ledf2
                0x0800d7ac                __nedf2
                0x0800d7ac                __eqdf2
                0x0800d7ac                __cmpdf2
                0x0800d828                __aeabi_cdrcmple
                0x0800d838                __aeabi_cdcmpeq
                0x0800d838                __aeabi_cdcmple
                0x0800d848                __aeabi_dcmpeq
                0x0800d85c                __aeabi_dcmplt
                0x0800d870                __aeabi_dcmple
                0x0800d884                __aeabi_dcmpge
                0x0800d898                __aeabi_dcmpgt
 .text          0x0800d8ac       0x2c y:/coen20/gcc/bin/../lib/gcc/arm-none-eabi/9.3.1/thumb/v7e-m+fp/hard\libgcc.a(_arm_unorddf2.o)
                0x0800d8ac                __unorddf2
                0x0800d8ac                __aeabi_dcmpun
 .text          0x0800d8d8       0x50 y:/coen20/gcc/bin/../lib/gcc/arm-none-eabi/9.3.1/thumb/v7e-m+fp/hard\libgcc.a(_arm_fixdfsi.o)
                0x0800d8d8                __aeabi_d2iz
                0x0800d8d8                __fixdfsi
 .text          0x0800d928       0x30 y:/coen20/gcc/bin/../lib/gcc/arm-none-eabi/9.3.1/thumb/v7e-m+fp/hard\libgcc.a(_aeabi_uldivmod.o)
                0x0800d928                __aeabi_uldivmod
 .text          0x0800d958      0x2c4 y:/coen20/gcc/bin/../lib/gcc/arm-none-eabi/9.3.1/thumb/v7e-m+fp/hard\libgcc.a(_udivmoddi4.o)
                0x0800d958                __udivmoddi4
 .text          0x0800dc1c        0x4 y:/coen20/gcc/bin/../lib/gcc/arm-none-eabi/9.3.1/thumb/v7e-m+fp/hard\libgcc.a(_dvmd_tls.o)
                0x0800dc1c                __aeabi_idiv0
                0x0800dc1c                __aeabi_ldiv0
 *(.init)
 .init          0x0800dc20        0x4 y:/coen20/gcc/bin/../lib/gcc/arm-none-eabi/9.3.1/thumb/v7e-m+fp/hard/crti.o
                0x0800dc20                _init
 .init          0x0800dc24        0x8 y:/coen20/gcc/bin/../lib/gcc/arm-none-eabi/9.3.1/thumb/v7e-m+fp/hard/crtn.o
 *(.fini)
 .fini          0x0800dc2c        0x4 y:/coen20/gcc/bin/../lib/gcc/arm-none-eabi/9.3.1/thumb/v7e-m+fp/hard/crti.o
                0x0800dc2c                _fini
 .fini          0x0800dc30        0x8 y:/coen20/gcc/bin/../lib/gcc/arm-none-eabi/9.3.1/thumb/v7e-m+fp/hard/crtn.o
 *crtbegin.o(.ctors)
 *crtbegin?.o(.ctors)
 *(EXCLUDE_FILE(*crtend.o *crtend?.o) .ctors)
 *(SORT_BY_NAME(.ctors.*))
 *(.ctors)
 *crtbegin.o(.dtors)
 *crtbegin?.o(.dtors)
 *(EXCLUDE_FILE(*crtend.o *crtend?.o) .dtors)
 *(SORT_BY_NAME(.dtors.*))
 *(.dtors)
 *(.rodata*)
 .rodata.PutMessage.constprop.0.str1.4
                0x0800dc38       0x23 obj/Lab1B-Main-c.o
 *fill*         0x0800dc5b        0x1 
 .rodata.main.str1.4
                0x0800dc5c       0x33 obj/Lab1B-Main-c.o
 *fill*         0x0800dc8f        0x1 
 .rodata.str1.4
                0x0800dc90       0x8b obj/Lab1B-Main-c.o
                                 0x8f (size before relaxing)
 *fill*         0x0800dd1b        0x1 
 .rodata        0x0800dd1c       0x10 obj/Lab1B-Main-c.o
 .rodata.amount.7635
                0x0800dd2c        0xc obj/Lab1B-Main-c.o
 .rodata.msg.7868
                0x0800dd38       0x24 obj/Lab1B-Main-c.o
 .rodata.DisplayHeader.str1.1
                0x0800dd5c       0x27 library.a(initialize.o)
 .rodata._write.str1.1
                0x0800dd83       0x27 library.a(initialize.o)
                                  0x1 (size before relaxing)
 .rodata.Font12_Table
                0x0800dd83      0x474 library.a(stm32f429i_discovery_lcd.o)
                0x0800dd83                Font12_Table
 .rodata.Font16_Table
                0x0800e1f7      0xbe0 library.a(stm32f429i_discovery_lcd.o)
                0x0800e1f7                Font16_Table
 .rodata.Font24_Table
                0x0800edd7     0x1ab8 library.a(stm32f429i_discovery_lcd.o)
                0x0800edd7                Font24_Table
 .rodata.CSWTCH.4
                0x0801088f        0x7 library.a(stm32f4xx_hal_ltdc.o)
 .rodata.APBAHBPrescTable
                0x08010896       0x10 library.a(stm32f4xx_hal_rcc.o)
                0x08010896                APBAHBPrescTable
 .rodata.SVC_Label.str1.1
                0x080108a6        0xe library.a(svcHandler.o)
 .rodata.F32.str1.1
                0x080108b4       0x20 library.a(svcHandler.o)
 .rodata.FlPtRegs.str1.1
                0x080108d4       0x1a library.a(svcHandler.o)
 .rodata._MemManageHandler.str1.1
                0x080108ee       0x10 library.a(svcHandler.o)
 .rodata._BusFault_Handler.str1.1
                0x080108fe        0xb library.a(svcHandler.o)
 .rodata._HardFault_Handler.str1.1
                0x08010909        0xc library.a(svcHandler.o)
 .rodata._UsageFault_Handler.str1.1
                0x08010915       0x76 library.a(svcHandler.o)
 .rodata.SVC_Exception.str1.1
                0x0801098b       0x15 library.a(svcHandler.o)
 .rodata.str1.1
                0x080109a0      0x11e library.a(svcHandler.o)
 *fill*         0x08010abe        0x2 
 .rodata._global_impure_ptr
                0x08010ac0        0x4 y:/coen20/gcc/bin/../lib/gcc/arm-none-eabi/9.3.1/../../../../arm-none-eabi/lib/thumb/v7e-m+fp/hard\libc.a(lib_a-impure.o)
                0x08010ac0                _global_impure_ptr
 .rodata._svfprintf_r.str1.4
                0x08010ac4       0x42 y:/coen20/gcc/bin/../lib/gcc/arm-none-eabi/9.3.1/../../../../arm-none-eabi/lib/thumb/v7e-m+fp/hard\libc.a(lib_a-svfprintf.o)
 *fill*         0x08010b06        0x2 
 .rodata.blanks.8698
                0x08010b08       0x10 y:/coen20/gcc/bin/../lib/gcc/arm-none-eabi/9.3.1/../../../../arm-none-eabi/lib/thumb/v7e-m+fp/hard\libc.a(lib_a-svfprintf.o)
 .rodata.zeroes.8699
                0x08010b18       0x10 y:/coen20/gcc/bin/../lib/gcc/arm-none-eabi/9.3.1/../../../../arm-none-eabi/lib/thumb/v7e-m+fp/hard\libc.a(lib_a-svfprintf.o)
 .rodata._dtoa_r.str1.4
                0x08010b28       0xa0 y:/coen20/gcc/bin/../lib/gcc/arm-none-eabi/9.3.1/../../../../arm-none-eabi/lib/thumb/v7e-m+fp/hard\libc.a(lib_a-dtoa.o)
                                 0xa4 (size before relaxing)
 .rodata.__multadd.str1.4
                0x08010bc8       0x7d y:/coen20/gcc/bin/../lib/gcc/arm-none-eabi/9.3.1/../../../../arm-none-eabi/lib/thumb/v7e-m+fp/hard\libc.a(lib_a-mprec.o)
                                 0x91 (size before relaxing)
 *fill*         0x08010c45        0x3 
 .rodata.__mprec_bigtens
                0x08010c48       0x28 y:/coen20/gcc/bin/../lib/gcc/arm-none-eabi/9.3.1/../../../../arm-none-eabi/lib/thumb/v7e-m+fp/hard\libc.a(lib_a-mprec.o)
                0x08010c48                __mprec_bigtens
 .rodata.__mprec_tens
                0x08010c70       0xc8 y:/coen20/gcc/bin/../lib/gcc/arm-none-eabi/9.3.1/../../../../arm-none-eabi/lib/thumb/v7e-m+fp/hard\libc.a(lib_a-mprec.o)
                0x08010c70                __mprec_tens
 .rodata.p05.7485
                0x08010d38        0xc y:/coen20/gcc/bin/../lib/gcc/arm-none-eabi/9.3.1/../../../../arm-none-eabi/lib/thumb/v7e-m+fp/hard\libc.a(lib_a-mprec.o)
 .rodata._vfiprintf_r.str1.4
                0x08010d44       0x2f y:/coen20/gcc/bin/../lib/gcc/arm-none-eabi/9.3.1/../../../../arm-none-eabi/lib/thumb/v7e-m+fp/hard\libc.a(lib_a-vfiprintf.o)
 .rodata.blanks.8691
                0x08010d44       0x10 y:/coen20/gcc/bin/../lib/gcc/arm-none-eabi/9.3.1/../../../../arm-none-eabi/lib/thumb/v7e-m+fp/hard\libc.a(lib_a-vfiprintf.o)
 .rodata.zeroes.8692
                0x08010d54       0x10 y:/coen20/gcc/bin/../lib/gcc/arm-none-eabi/9.3.1/../../../../arm-none-eabi/lib/thumb/v7e-m+fp/hard\libc.a(lib_a-vfiprintf.o)
 .rodata.__assert_func.str1.4
                0x08010d64       0x3f y:/coen20/gcc/bin/../lib/gcc/arm-none-eabi/9.3.1/../../../../arm-none-eabi/lib/thumb/v7e-m+fp/hard\libc.a(lib_a-assert.o)
                                 0x43 (size before relaxing)
 *fill*         0x08010da3        0x1 
 .rodata._setlocale_r.str1.4
                0x08010da4        0xa y:/coen20/gcc/bin/../lib/gcc/arm-none-eabi/9.3.1/../../../../arm-none-eabi/lib/thumb/v7e-m+fp/hard\libc.a(lib_a-locale.o)
                                  0xd (size before relaxing)
 *fill*         0x08010dae        0x2 
 .rodata.str1.4
                0x08010db0        0x2 y:/coen20/gcc/bin/../lib/gcc/arm-none-eabi/9.3.1/../../../../arm-none-eabi/lib/thumb/v7e-m+fp/hard\libc.a(lib_a-locale.o)
 *fill*         0x08010db2        0x2 
 .rodata._ctype_
                0x08010db4      0x101 y:/coen20/gcc/bin/../lib/gcc/arm-none-eabi/9.3.1/../../../../arm-none-eabi/lib/thumb/v7e-m+fp/hard\libc.a(lib_a-ctype_.o)
                0x08010db4                _ctype_
 *(.eh_frame*)
 *fill*         0x08010eb5        0x3 
 .eh_frame      0x08010eb8        0x0 y:/coen20/gcc/bin/../lib/gcc/arm-none-eabi/9.3.1/thumb/v7e-m+fp/hard/crtbegin.o
 .eh_frame      0x08010eb8        0x4 y:/coen20/gcc/bin/../lib/gcc/arm-none-eabi/9.3.1/thumb/v7e-m+fp/hard/crtend.o

.glue_7         0x08010ebc        0x0
 .glue_7        0x08010ebc        0x0 linker stubs

.glue_7t        0x08010ebc        0x0
 .glue_7t       0x08010ebc        0x0 linker stubs

.vfp11_veneer   0x08010ebc        0x0
 .vfp11_veneer  0x08010ebc        0x0 linker stubs

.v4_bx          0x08010ebc        0x0
 .v4_bx         0x08010ebc        0x0 linker stubs

.iplt           0x08010ebc        0x0
 .iplt          0x08010ebc        0x0 y:/coen20/gcc/bin/../lib/gcc/arm-none-eabi/9.3.1/thumb/v7e-m+fp/hard/crtbegin.o

.ARM.extab
 *(.ARM.extab* .gnu.linkonce.armextab.*)
                0x08010ebc                __exidx_start = .

.ARM.exidx      0x08010ebc        0x8
 *(.ARM.exidx* .gnu.linkonce.armexidx.*)
 .ARM.exidx     0x08010ebc        0x8 y:/coen20/gcc/bin/../lib/gcc/arm-none-eabi/9.3.1/../../../../arm-none-eabi/lib/thumb/v7e-m+fp/hard/crt0.o
                                 0x10 (size before relaxing)
 .ARM.exidx     0x08010ec4        0x0 y:/coen20/gcc/bin/../lib/gcc/arm-none-eabi/9.3.1/thumb/v7e-m+fp/hard\libgcc.a(_udivmoddi4.o)
                                  0x8 (size before relaxing)
                0x08010ec4                __exidx_end = .
                0x08010ec4                __etext = .

.rel.dyn        0x08010ec4        0x0
 .rel.iplt      0x08010ec4        0x0 y:/coen20/gcc/bin/../lib/gcc/arm-none-eabi/9.3.1/thumb/v7e-m+fp/hard/crtbegin.o

.data           0x20000000     0x3480 load address 0x08010ec4
                0x20000000                __data_start__ = .
 *(vtable)
 *(.data*)
 .data.base_bmp
                0x20000000      0x5b6 obj/Lab1B-Main-c.o
 *fill*         0x200005b6        0x2 
 .data.color_table
                0x200005b8      0x400 obj/Lab1B-Main-c.o
 .data.colors   0x200009b8        0x4 obj/Lab1B-Main-c.o
 .data.damagebtm_bmp
                0x200009bc      0x44e obj/Lab1B-Main-c.o
 *fill*         0x20000e0a        0x2 
 .data.damagetop_bmp
                0x20000e0c      0x44e obj/Lab1B-Main-c.o
 *fill*         0x2000125a        0x2 
 .data.dst.7383
                0x2000125c       0x10 obj/Lab1B-Main-c.o
 .data.dst.7395
                0x2000126c       0x10 obj/Lab1B-Main-c.o
 .data.enemies_bmp
                0x2000127c      0xca6 obj/Lab1B-Main-c.o
 .data.first_time.7737
                0x20001f22        0x1 obj/Lab1B-Main-c.o
 *fill*         0x20001f23        0x1 
 .data.player_bmp
                0x20001f24      0x4d6 obj/Lab1B-Main-c.o
 *fill*         0x200023fa        0x2 
 .data.saucer_bmp
                0x200023fc      0x53a obj/Lab1B-Main-c.o
 *fill*         0x20002936        0x2 
 .data.src.7521
                0x20002938       0x10 obj/Lab1B-Main-c.o
 .data.src.7532
                0x20002948       0x10 obj/Lab1B-Main-c.o
 .data.temp.7384
                0x20002958       0x10 obj/Lab1B-Main-c.o
 .data.temp.7394
                0x20002968       0x10 obj/Lab1B-Main-c.o
 .data.BUTTON_PORT
                0x20002978        0x4 library.a(stm32f429i_discovery.o)
                0x20002978                BUTTON_PORT
 .data.SpixTimeout
                0x2000297c        0x4 library.a(stm32f429i_discovery.o)
                0x2000297c                SpixTimeout
 .data.Font12   0x20002980        0x8 library.a(stm32f429i_discovery_lcd.o)
                0x20002980                Font12
 .data.Font16   0x20002988        0x8 library.a(stm32f429i_discovery_lcd.o)
                0x20002988                Font16
 .data.Font24   0x20002990        0x8 library.a(stm32f429i_discovery_lcd.o)
                0x20002990                Font24
 .data.context.0
                0x20002998       0x20 library.a(svcHandler.o)
 .data.context.1
                0x200029b8       0x20 library.a(svcHandler.o)
 .data.context.3
                0x200029d8       0x20 library.a(svcHandler.o)
 .data.context.6
                0x200029f8       0x20 library.a(svcHandler.o)
 .data.lines.2  0x20002a18       0x30 library.a(svcHandler.o)
 .data.lines.5  0x20002a48       0x40 library.a(svcHandler.o)
 .data.SystemCoreClock
                0x20002a88        0x4 library.a(system_stm32f4xx.o)
                0x20002a88                SystemCoreClock
 .data.ili9341_drv
                0x20002a8c       0x38 library.a(ili9341.o)
                0x20002a8c                ili9341_drv
 .data._impure_ptr
                0x20002ac4        0x4 y:/coen20/gcc/bin/../lib/gcc/arm-none-eabi/9.3.1/../../../../arm-none-eabi/lib/thumb/v7e-m+fp/hard\libc.a(lib_a-impure.o)
                0x20002ac4                _impure_ptr
 .data.impure_data
                0x20002ac8      0x428 y:/coen20/gcc/bin/../lib/gcc/arm-none-eabi/9.3.1/../../../../arm-none-eabi/lib/thumb/v7e-m+fp/hard\libc.a(lib_a-impure.o)
 .data.__malloc_av_
                0x20002ef0      0x408 y:/coen20/gcc/bin/../lib/gcc/arm-none-eabi/9.3.1/../../../../arm-none-eabi/lib/thumb/v7e-m+fp/hard\libc.a(lib_a-mallocr.o)
                0x20002ef0                __malloc_av_
 .data.__malloc_sbrk_base
                0x200032f8        0x4 y:/coen20/gcc/bin/../lib/gcc/arm-none-eabi/9.3.1/../../../../arm-none-eabi/lib/thumb/v7e-m+fp/hard\libc.a(lib_a-mallocr.o)
                0x200032f8                __malloc_sbrk_base
 .data.__malloc_trim_threshold
                0x200032fc        0x4 y:/coen20/gcc/bin/../lib/gcc/arm-none-eabi/9.3.1/../../../../arm-none-eabi/lib/thumb/v7e-m+fp/hard\libc.a(lib_a-mallocr.o)
                0x200032fc                __malloc_trim_threshold
 .data.__atexit_recursive_mutex
                0x20003300        0x4 y:/coen20/gcc/bin/../lib/gcc/arm-none-eabi/9.3.1/../../../../arm-none-eabi/lib/thumb/v7e-m+fp/hard\libc.a(lib_a-__call_atexit.o)
                0x20003300                __atexit_recursive_mutex
 .data.__global_locale
                0x20003304      0x16c y:/coen20/gcc/bin/../lib/gcc/arm-none-eabi/9.3.1/../../../../arm-none-eabi/lib/thumb/v7e-m+fp/hard\libc.a(lib_a-locale.o)
                0x20003304                __global_locale
                0x20003470                . = ALIGN (0x4)
                0x20003470                PROVIDE (__preinit_array_start = .)
 *(.preinit_array)
                0x20003470                PROVIDE (__preinit_array_end = .)
                0x20003470                . = ALIGN (0x4)
                0x20003470                PROVIDE (__init_array_start = .)
 *(SORT_BY_NAME(.init_array.*))
 .init_array.00000
                0x20003470        0x4 y:/coen20/gcc/bin/../lib/gcc/arm-none-eabi/9.3.1/../../../../arm-none-eabi/lib/thumb/v7e-m+fp/hard\libc.a(lib_a-__call_atexit.o)
 *(.init_array)
 .init_array    0x20003474        0x4 y:/coen20/gcc/bin/../lib/gcc/arm-none-eabi/9.3.1/thumb/v7e-m+fp/hard/crtbegin.o
                0x20003478                PROVIDE (__init_array_end = .)
                0x20003478                . = ALIGN (0x8)
                0x20003478                PROVIDE (__fini_array_start = .)
 *(SORT_BY_NAME(.fini_array.*))
 *(.fini_array)
 .fini_array    0x20003478        0x4 y:/coen20/gcc/bin/../lib/gcc/arm-none-eabi/9.3.1/thumb/v7e-m+fp/hard/crtbegin.o
                0x2000347c                PROVIDE (__fini_array_end = .)
                0x20003480                . = ALIGN (0x8)
 *fill*         0x2000347c        0x4 
                0x20003480                __data_end__ = .

.igot.plt       0x20003480        0x0 load address 0x08014344
 .igot.plt      0x20003480        0x0 y:/coen20/gcc/bin/../lib/gcc/arm-none-eabi/9.3.1/thumb/v7e-m+fp/hard/crtbegin.o

.bss            0x20003480    0x2b830 load address 0x08014348
                0x20003480                __bss_start__ = .
 *(.bss*)
 .bss           0x20003480       0x1c y:/coen20/gcc/bin/../lib/gcc/arm-none-eabi/9.3.1/thumb/v7e-m+fp/hard/crtbegin.o
 .bss.base      0x2000349c       0x40 obj/Lab1B-Main-c.o
 *fill*         0x200034dc        0x4 
 .bss.c.7848    0x200034e0        0x8 obj/Lab1B-Main-c.o
 .bss.canvas    0x200034e8     0xe4c0 obj/Lab1B-Main-c.o
 .bss.enemies   0x200119a8      0x474 obj/Lab1B-Main-c.o
 .bss.enemy_bullets
                0x20011e1c       0x3c obj/Lab1B-Main-c.o
 .bss.movement_timer.7314
                0x20011e58       0x14 obj/Lab1B-Main-c.o
 .bss.pixels.7382
                0x20011e6c       0xe1 obj/Lab1B-Main-c.o
 *fill*         0x20011f4d        0x3 
 .bss.pixels.7393
                0x20011f50       0xe1 obj/Lab1B-Main-c.o
 *fill*         0x20012031        0x3 
 .bss.player    0x20012034       0x1c obj/Lab1B-Main-c.o
 .bss.player_bullets
                0x20012050       0xc8 obj/Lab1B-Main-c.o
 .bss.roll_bias.7849
                0x20012118        0x8 obj/Lab1B-Main-c.o
 .bss.roll_degr.7836
                0x20012120        0x8 obj/Lab1B-Main-c.o
 .bss.saucer    0x20012128       0x1c obj/Lab1B-Main-c.o
 *fill*         0x20012144        0x4 
 .bss.score     0x20012148        0xc obj/Lab1B-Main-c.o
 .bss.sprites   0x20012154       0x24 obj/Lab1B-Main-c.o
 .bss.was_pressed.7316
                0x20012178        0x1 obj/Lab1B-Main-c.o
 .bss.buffer    0x20012179      0x620 library.a(initialize.o)
 *fill*         0x20012799        0x3 
 .bss.txtCol    0x2001279c        0x4 library.a(initialize.o)
 .bss.txtRow    0x200127a0        0x4 library.a(initialize.o)
 .bss.Is_LCD_IO_Initialized
                0x200127a4        0x1 library.a(stm32f429i_discovery.o)
 *fill*         0x200127a5        0x3 
 .bss.SpiHandle
                0x200127a8       0x58 library.a(stm32f429i_discovery.o)
 .bss.ActiveLayer
                0x20012800        0x4 library.a(stm32f429i_discovery_lcd.o)
 .bss.Dma2dHandler
                0x20012804       0x40 library.a(stm32f429i_discovery_lcd.o)
 .bss.DrawProp  0x20012844       0x18 library.a(stm32f429i_discovery_lcd.o)
 .bss.LcdDrv    0x2001285c        0x4 library.a(stm32f429i_discovery_lcd.o)
                0x2001285c                LcdDrv
 .bss.LtdcHandler
                0x20012860       0xa8 library.a(stm32f429i_discovery_lcd.o)
 .bss.PeriphClkInitStruct
                0x20012908       0x30 library.a(stm32f429i_discovery_lcd.o)
 .bss.Command   0x20012938       0x10 library.a(stm32f429i_discovery_sdram.o)
 .bss.SdramHandle
                0x20012948       0x34 library.a(stm32f429i_discovery_sdram.o)
 .bss.Timing    0x2001297c       0x1c library.a(stm32f429i_discovery_sdram.o)
 .bss.dmaHandle.0
                0x20012998       0x50 library.a(stm32f429i_discovery_sdram.o)
 .bss.uwTick    0x200129e8        0x4 library.a(stm32f4xx_hal.o)
 .bss.rgb       0x200129ec    0x1c200 library.a(svcHandler.o)
                0x200129ec                rgb
 .bss.text.4    0x2002ebec       0x64 library.a(svcHandler.o)
 .bss.__malloc_current_mallinfo
                0x2002ec50       0x28 y:/coen20/gcc/bin/../lib/gcc/arm-none-eabi/9.3.1/../../../../arm-none-eabi/lib/thumb/v7e-m+fp/hard\libc.a(lib_a-mallocr.o)
                0x2002ec50                __malloc_current_mallinfo
 .bss.__malloc_max_sbrked_mem
                0x2002ec78        0x4 y:/coen20/gcc/bin/../lib/gcc/arm-none-eabi/9.3.1/../../../../arm-none-eabi/lib/thumb/v7e-m+fp/hard\libc.a(lib_a-mallocr.o)
                0x2002ec78                __malloc_max_sbrked_mem
 .bss.__malloc_max_total_mem
                0x2002ec7c        0x4 y:/coen20/gcc/bin/../lib/gcc/arm-none-eabi/9.3.1/../../../../arm-none-eabi/lib/thumb/v7e-m+fp/hard\libc.a(lib_a-mallocr.o)
                0x2002ec7c                __malloc_max_total_mem
 .bss.__malloc_top_pad
                0x2002ec80        0x4 y:/coen20/gcc/bin/../lib/gcc/arm-none-eabi/9.3.1/../../../../arm-none-eabi/lib/thumb/v7e-m+fp/hard\libc.a(lib_a-mallocr.o)
                0x2002ec80                __malloc_top_pad
 .bss.heap_end.5507
                0x2002ec84        0x4 y:/coen20/gcc/bin/../lib/gcc/arm-none-eabi/9.3.1/../../../../arm-none-eabi/lib/thumb/v7e-m+fp/hard\libnosys.a(sbrk.o)
 *(COMMON)
 COMMON         0x2002ec88       0x21 y:/coen20/gcc/bin/../lib/gcc/arm-none-eabi/9.3.1/../../../../arm-none-eabi/lib/thumb/v7e-m+fp/hard\libc.a(lib_a-lock.o)
                0x2002ec88                __lock___atexit_recursive_mutex
                0x2002ec8c                __lock___arc4random_mutex
                0x2002ec90                __lock___env_recursive_mutex
                0x2002ec94                __lock___sinit_recursive_mutex
                0x2002ec98                __lock___malloc_recursive_mutex
                0x2002ec9c                __lock___at_quick_exit_mutex
                0x2002eca0                __lock___dd_hash_mutex
                0x2002eca4                __lock___tz_mutex
                0x2002eca8                __lock___sfp_recursive_mutex
 *fill*         0x2002eca9        0x3 
 COMMON         0x2002ecac        0x4 y:/coen20/gcc/bin/../lib/gcc/arm-none-eabi/9.3.1/../../../../arm-none-eabi/lib/thumb/v7e-m+fp/hard\libc.a(lib_a-reent.o)
                0x2002ecac                errno
                0x2002ecb0                __bss_end__ = .

.ccm            0x10000000        0x0
                0x10000000                . = ALIGN (0x4)
                0x10000000                __ccm_start__ = .
 *(.ccm*)
                0x10000000                . = ALIGN (0x4)
                0x10000000                __ccm_end__ = .

.heap           0x10000000      0xc00
                0x10000000                __end__ = .
                0x10000000                end = __end__
 *(.heap*)
 .heap          0x10000000      0xc00 library.a(startup_stm32f429xx.o)
                0x10000000                __HeapBase
                0x10000c00                __HeapLimit = .

.stack_dummy    0x10000000     0x1000
 *(.stack)
 .stack         0x10000000     0x1000 library.a(startup_stm32f429xx.o)
                0x10010000                __StackTop = (ORIGIN (CCM) + LENGTH (CCM))
                0x1000f000                __StackLimit = (__StackTop - SIZEOF (.stack_dummy))
                0x10010000                PROVIDE (__stack = __StackTop)
                0x00000001                ASSERT ((__StackLimit >= __HeapLimit), region CCM overflowed with stack)
OUTPUT(output.elf elf32-littlearm)
LOAD linker stubs

.ARM.attributes
                0x00000000       0x30
 .ARM.attributes
                0x00000000       0x1e y:/coen20/gcc/bin/../lib/gcc/arm-none-eabi/9.3.1/thumb/v7e-m+fp/hard/crti.o
 .ARM.attributes
                0x0000001e       0x34 y:/coen20/gcc/bin/../lib/gcc/arm-none-eabi/9.3.1/thumb/v7e-m+fp/hard/crtbegin.o
 .ARM.attributes
                0x00000052       0x1c y:/coen20/gcc/bin/../lib/gcc/arm-none-eabi/9.3.1/../../../../arm-none-eabi/lib/thumb/v7e-m+fp/hard/crt0.o
 .ARM.attributes
                0x0000006e       0x34 obj/Lab1B-Main-c.o
 .ARM.attributes
                0x000000a2       0x25 obj/Lab1B-SpaceInvaders-s.o
 .ARM.attributes
                0x000000c7       0x34 library.a(initialize.o)
 .ARM.attributes
                0x000000fb       0x34 library.a(stm32f429i_discovery.o)
 .ARM.attributes
                0x0000012f       0x34 library.a(stm32f429i_discovery_lcd.o)
 .ARM.attributes
                0x00000163       0x34 library.a(stm32f429i_discovery_sdram.o)
 .ARM.attributes
                0x00000197       0x34 library.a(stm32f4xx_hal.o)
 .ARM.attributes
                0x000001cb       0x34 library.a(stm32f4xx_hal_cortex.o)
 .ARM.attributes
                0x000001ff       0x34 library.a(stm32f4xx_hal_dma.o)
 .ARM.attributes
                0x00000233       0x34 library.a(stm32f4xx_hal_dma2d.o)
 .ARM.attributes
                0x00000267       0x34 library.a(stm32f4xx_hal_gpio.o)
 .ARM.attributes
                0x0000029b       0x34 library.a(stm32f4xx_hal_ltdc.o)
 .ARM.attributes
                0x000002cf       0x34 library.a(stm32f4xx_hal_rcc.o)
 .ARM.attributes
                0x00000303       0x34 library.a(stm32f4xx_hal_rcc_ex.o)
 .ARM.attributes
                0x00000337       0x34 library.a(stm32f4xx_hal_sdram.o)
 .ARM.attributes
                0x0000036b       0x34 library.a(stm32f4xx_hal_spi.o)
 .ARM.attributes
                0x0000039f       0x34 library.a(stm32f4xx_it.o)
 .ARM.attributes
                0x000003d3       0x34 library.a(stm32f4xx_ll_fmc.o)
 .ARM.attributes
                0x00000407       0x34 library.a(svcHandler.o)
 .ARM.attributes
                0x0000043b       0x34 library.a(system_stm32f4xx.o)
 .ARM.attributes
                0x0000046f       0x1f library.a(startup_stm32f429xx.o)
 .ARM.attributes
                0x0000048e       0x34 library.a(ili9341.o)
 .ARM.attributes
                0x000004c2       0x34 y:/coen20/gcc/bin/../lib/gcc/arm-none-eabi/9.3.1/../../../../arm-none-eabi/lib/thumb/v7e-m+fp/hard\libc.a(lib_a-exit.o)
 .ARM.attributes
                0x000004f6       0x32 y:/coen20/gcc/bin/../lib/gcc/arm-none-eabi/9.3.1/../../../../arm-none-eabi/lib/thumb/v7e-m+fp/hard\libc.a(lib_a-impure.o)
 .ARM.attributes
                0x00000528       0x34 y:/coen20/gcc/bin/../lib/gcc/arm-none-eabi/9.3.1/../../../../arm-none-eabi/lib/thumb/v7e-m+fp/hard\libc.a(lib_a-init.o)
 .ARM.attributes
                0x0000055c       0x34 y:/coen20/gcc/bin/../lib/gcc/arm-none-eabi/9.3.1/../../../../arm-none-eabi/lib/thumb/v7e-m+fp/hard\libc.a(lib_a-malloc.o)
 .ARM.attributes
                0x00000590       0x34 y:/coen20/gcc/bin/../lib/gcc/arm-none-eabi/9.3.1/../../../../arm-none-eabi/lib/thumb/v7e-m+fp/hard\libc.a(lib_a-mallocr.o)
 .ARM.attributes
                0x000005c4       0x1c y:/coen20/gcc/bin/../lib/gcc/arm-none-eabi/9.3.1/../../../../arm-none-eabi/lib/thumb/v7e-m+fp/hard\libc.a(lib_a-memcpy.o)
 .ARM.attributes
                0x000005e0       0x34 y:/coen20/gcc/bin/../lib/gcc/arm-none-eabi/9.3.1/../../../../arm-none-eabi/lib/thumb/v7e-m+fp/hard\libc.a(lib_a-memset.o)
 .ARM.attributes
                0x00000614       0x34 y:/coen20/gcc/bin/../lib/gcc/arm-none-eabi/9.3.1/../../../../arm-none-eabi/lib/thumb/v7e-m+fp/hard\libc.a(lib_a-mlock.o)
 .ARM.attributes
                0x00000648       0x34 y:/coen20/gcc/bin/../lib/gcc/arm-none-eabi/9.3.1/../../../../arm-none-eabi/lib/thumb/v7e-m+fp/hard\libc.a(lib_a-sbrkr.o)
 .ARM.attributes
                0x0000067c       0x34 y:/coen20/gcc/bin/../lib/gcc/arm-none-eabi/9.3.1/../../../../arm-none-eabi/lib/thumb/v7e-m+fp/hard\libc.a(lib_a-sprintf.o)
 .ARM.attributes
                0x000006b0       0x34 y:/coen20/gcc/bin/../lib/gcc/arm-none-eabi/9.3.1/../../../../arm-none-eabi/lib/thumb/v7e-m+fp/hard\libc.a(lib_a-strcpy.o)
 .ARM.attributes
                0x000006e4       0x1c y:/coen20/gcc/bin/../lib/gcc/arm-none-eabi/9.3.1/../../../../arm-none-eabi/lib/thumb/v7e-m+fp/hard\libc.a(lib_a-strlen.o)
 .ARM.attributes
                0x00000700       0x34 y:/coen20/gcc/bin/../lib/gcc/arm-none-eabi/9.3.1/../../../../arm-none-eabi/lib/thumb/v7e-m+fp/hard\libc.a(lib_a-svfprintf.o)
 .ARM.attributes
                0x00000734       0x34 y:/coen20/gcc/bin/../lib/gcc/arm-none-eabi/9.3.1/../../../../arm-none-eabi/lib/thumb/v7e-m+fp/hard\libc.a(lib_a-vsprintf.o)
 .ARM.attributes
                0x00000768       0x34 y:/coen20/gcc/bin/../lib/gcc/arm-none-eabi/9.3.1/../../../../arm-none-eabi/lib/thumb/v7e-m+fp/hard\libc.a(lib_a-wsetup.o)
 .ARM.attributes
                0x0000079c       0x34 y:/coen20/gcc/bin/../lib/gcc/arm-none-eabi/9.3.1/../../../../arm-none-eabi/lib/thumb/v7e-m+fp/hard\libc.a(lib_a-__call_atexit.o)
 .ARM.attributes
                0x000007d0       0x34 y:/coen20/gcc/bin/../lib/gcc/arm-none-eabi/9.3.1/../../../../arm-none-eabi/lib/thumb/v7e-m+fp/hard\libc.a(lib_a-atexit.o)
 .ARM.attributes
                0x00000804       0x34 y:/coen20/gcc/bin/../lib/gcc/arm-none-eabi/9.3.1/../../../../arm-none-eabi/lib/thumb/v7e-m+fp/hard\libc.a(lib_a-dtoa.o)
 .ARM.attributes
                0x00000838       0x34 y:/coen20/gcc/bin/../lib/gcc/arm-none-eabi/9.3.1/../../../../arm-none-eabi/lib/thumb/v7e-m+fp/hard\libc.a(lib_a-fflush.o)
 .ARM.attributes
                0x0000086c       0x34 y:/coen20/gcc/bin/../lib/gcc/arm-none-eabi/9.3.1/../../../../arm-none-eabi/lib/thumb/v7e-m+fp/hard\libc.a(lib_a-findfp.o)
 .ARM.attributes
                0x000008a0       0x34 y:/coen20/gcc/bin/../lib/gcc/arm-none-eabi/9.3.1/../../../../arm-none-eabi/lib/thumb/v7e-m+fp/hard\libc.a(lib_a-fini.o)
 .ARM.attributes
                0x000008d4       0x34 y:/coen20/gcc/bin/../lib/gcc/arm-none-eabi/9.3.1/../../../../arm-none-eabi/lib/thumb/v7e-m+fp/hard\libc.a(lib_a-freer.o)
 .ARM.attributes
                0x00000908       0x34 y:/coen20/gcc/bin/../lib/gcc/arm-none-eabi/9.3.1/../../../../arm-none-eabi/lib/thumb/v7e-m+fp/hard\libc.a(lib_a-fwalk.o)
 .ARM.attributes
                0x0000093c       0x34 y:/coen20/gcc/bin/../lib/gcc/arm-none-eabi/9.3.1/../../../../arm-none-eabi/lib/thumb/v7e-m+fp/hard\libc.a(lib_a-localeconv.o)
 .ARM.attributes
                0x00000970       0x34 y:/coen20/gcc/bin/../lib/gcc/arm-none-eabi/9.3.1/../../../../arm-none-eabi/lib/thumb/v7e-m+fp/hard\libc.a(lib_a-lock.o)
 .ARM.attributes
                0x000009a4       0x34 y:/coen20/gcc/bin/../lib/gcc/arm-none-eabi/9.3.1/../../../../arm-none-eabi/lib/thumb/v7e-m+fp/hard\libc.a(lib_a-makebuf.o)
 .ARM.attributes
                0x000009d8       0x1c y:/coen20/gcc/bin/../lib/gcc/arm-none-eabi/9.3.1/../../../../arm-none-eabi/lib/thumb/v7e-m+fp/hard\libc.a(lib_a-memchr.o)
 .ARM.attributes
                0x000009f4       0x34 y:/coen20/gcc/bin/../lib/gcc/arm-none-eabi/9.3.1/../../../../arm-none-eabi/lib/thumb/v7e-m+fp/hard\libc.a(lib_a-mprec.o)
 .ARM.attributes
                0x00000a28       0x34 y:/coen20/gcc/bin/../lib/gcc/arm-none-eabi/9.3.1/../../../../arm-none-eabi/lib/thumb/v7e-m+fp/hard\libc.a(lib_a-reent.o)
 .ARM.attributes
                0x00000a5c       0x34 y:/coen20/gcc/bin/../lib/gcc/arm-none-eabi/9.3.1/../../../../arm-none-eabi/lib/thumb/v7e-m+fp/hard\libc.a(lib_a-s_frexp.o)
 .ARM.attributes
                0x00000a90       0x34 y:/coen20/gcc/bin/../lib/gcc/arm-none-eabi/9.3.1/../../../../arm-none-eabi/lib/thumb/v7e-m+fp/hard\libc.a(lib_a-stdio.o)
 .ARM.attributes
                0x00000ac4       0x34 y:/coen20/gcc/bin/../lib/gcc/arm-none-eabi/9.3.1/../../../../arm-none-eabi/lib/thumb/v7e-m+fp/hard\libc.a(lib_a-strncpy.o)
 .ARM.attributes
                0x00000af8       0x34 y:/coen20/gcc/bin/../lib/gcc/arm-none-eabi/9.3.1/../../../../arm-none-eabi/lib/thumb/v7e-m+fp/hard\libc.a(lib_a-svfiprintf.o)
 .ARM.attributes
                0x00000b2c       0x34 y:/coen20/gcc/bin/../lib/gcc/arm-none-eabi/9.3.1/../../../../arm-none-eabi/lib/thumb/v7e-m+fp/hard\libc.a(lib_a-vfiprintf.o)
 .ARM.attributes
                0x00000b60       0x34 y:/coen20/gcc/bin/../lib/gcc/arm-none-eabi/9.3.1/../../../../arm-none-eabi/lib/thumb/v7e-m+fp/hard\libc.a(lib_a-writer.o)
 .ARM.attributes
                0x00000b94       0x34 y:/coen20/gcc/bin/../lib/gcc/arm-none-eabi/9.3.1/../../../../arm-none-eabi/lib/thumb/v7e-m+fp/hard\libc.a(lib_a-__atexit.o)
 .ARM.attributes
                0x00000bc8       0x34 y:/coen20/gcc/bin/../lib/gcc/arm-none-eabi/9.3.1/../../../../arm-none-eabi/lib/thumb/v7e-m+fp/hard\libc.a(lib_a-assert.o)
 .ARM.attributes
                0x00000bfc       0x34 y:/coen20/gcc/bin/../lib/gcc/arm-none-eabi/9.3.1/../../../../arm-none-eabi/lib/thumb/v7e-m+fp/hard\libc.a(lib_a-callocr.o)
 .ARM.attributes
                0x00000c30       0x34 y:/coen20/gcc/bin/../lib/gcc/arm-none-eabi/9.3.1/../../../../arm-none-eabi/lib/thumb/v7e-m+fp/hard\libc.a(lib_a-closer.o)
 .ARM.attributes
                0x00000c64       0x34 y:/coen20/gcc/bin/../lib/gcc/arm-none-eabi/9.3.1/../../../../arm-none-eabi/lib/thumb/v7e-m+fp/hard\libc.a(lib_a-fclose.o)
 .ARM.attributes
                0x00000c98       0x34 y:/coen20/gcc/bin/../lib/gcc/arm-none-eabi/9.3.1/../../../../arm-none-eabi/lib/thumb/v7e-m+fp/hard\libc.a(lib_a-fiprintf.o)
 .ARM.attributes
                0x00000ccc       0x34 y:/coen20/gcc/bin/../lib/gcc/arm-none-eabi/9.3.1/../../../../arm-none-eabi/lib/thumb/v7e-m+fp/hard\libc.a(lib_a-fputwc.o)
 .ARM.attributes
                0x00000d00       0x34 y:/coen20/gcc/bin/../lib/gcc/arm-none-eabi/9.3.1/../../../../arm-none-eabi/lib/thumb/v7e-m+fp/hard\libc.a(lib_a-fstatr.o)
 .ARM.attributes
                0x00000d34       0x34 y:/coen20/gcc/bin/../lib/gcc/arm-none-eabi/9.3.1/../../../../arm-none-eabi/lib/thumb/v7e-m+fp/hard\libc.a(lib_a-fvwrite.o)
 .ARM.attributes
                0x00000d68       0x34 y:/coen20/gcc/bin/../lib/gcc/arm-none-eabi/9.3.1/../../../../arm-none-eabi/lib/thumb/v7e-m+fp/hard\libc.a(lib_a-isattyr.o)
 .ARM.attributes
                0x00000d9c       0x34 y:/coen20/gcc/bin/../lib/gcc/arm-none-eabi/9.3.1/../../../../arm-none-eabi/lib/thumb/v7e-m+fp/hard\libc.a(lib_a-locale.o)
 .ARM.attributes
                0x00000dd0       0x34 y:/coen20/gcc/bin/../lib/gcc/arm-none-eabi/9.3.1/../../../../arm-none-eabi/lib/thumb/v7e-m+fp/hard\libc.a(lib_a-lseekr.o)
 .ARM.attributes
                0x00000e04       0x34 y:/coen20/gcc/bin/../lib/gcc/arm-none-eabi/9.3.1/../../../../arm-none-eabi/lib/thumb/v7e-m+fp/hard\libc.a(lib_a-mbtowc_r.o)
 .ARM.attributes
                0x00000e38       0x34 y:/coen20/gcc/bin/../lib/gcc/arm-none-eabi/9.3.1/../../../../arm-none-eabi/lib/thumb/v7e-m+fp/hard\libc.a(lib_a-memmove.o)
 .ARM.attributes
                0x00000e6c       0x34 y:/coen20/gcc/bin/../lib/gcc/arm-none-eabi/9.3.1/../../../../arm-none-eabi/lib/thumb/v7e-m+fp/hard\libc.a(lib_a-readr.o)
 .ARM.attributes
                0x00000ea0       0x34 y:/coen20/gcc/bin/../lib/gcc/arm-none-eabi/9.3.1/../../../../arm-none-eabi/lib/thumb/v7e-m+fp/hard\libc.a(lib_a-reallocr.o)
 .ARM.attributes
                0x00000ed4       0x34 y:/coen20/gcc/bin/../lib/gcc/arm-none-eabi/9.3.1/../../../../arm-none-eabi/lib/thumb/v7e-m+fp/hard\libc.a(lib_a-wbuf.o)
 .ARM.attributes
                0x00000f08       0x34 y:/coen20/gcc/bin/../lib/gcc/arm-none-eabi/9.3.1/../../../../arm-none-eabi/lib/thumb/v7e-m+fp/hard\libc.a(lib_a-wcrtomb.o)
 .ARM.attributes
                0x00000f3c       0x34 y:/coen20/gcc/bin/../lib/gcc/arm-none-eabi/9.3.1/../../../../arm-none-eabi/lib/thumb/v7e-m+fp/hard\libc.a(lib_a-wctomb_r.o)
 .ARM.attributes
                0x00000f70       0x34 y:/coen20/gcc/bin/../lib/gcc/arm-none-eabi/9.3.1/../../../../arm-none-eabi/lib/thumb/v7e-m+fp/hard\libc.a(lib_a-abort.o)
 .ARM.attributes
                0x00000fa4       0x32 y:/coen20/gcc/bin/../lib/gcc/arm-none-eabi/9.3.1/../../../../arm-none-eabi/lib/thumb/v7e-m+fp/hard\libc.a(lib_a-ctype_.o)
 .ARM.attributes
                0x00000fd6       0x34 y:/coen20/gcc/bin/../lib/gcc/arm-none-eabi/9.3.1/../../../../arm-none-eabi/lib/thumb/v7e-m+fp/hard\libc.a(lib_a-signal.o)
 .ARM.attributes
                0x0000100a       0x34 y:/coen20/gcc/bin/../lib/gcc/arm-none-eabi/9.3.1/../../../../arm-none-eabi/lib/thumb/v7e-m+fp/hard\libc.a(lib_a-signalr.o)
 .ARM.attributes
                0x0000103e       0x34 y:/coen20/gcc/bin/../lib/gcc/arm-none-eabi/9.3.1/../../../../arm-none-eabi/lib/thumb/v7e-m+fp/hard\libnosys.a(sbrk.o)
 .ARM.attributes
                0x00001072       0x34 y:/coen20/gcc/bin/../lib/gcc/arm-none-eabi/9.3.1/../../../../arm-none-eabi/lib/thumb/v7e-m+fp/hard\libnosys.a(_exit.o)
 .ARM.attributes
                0x000010a6       0x1e y:/coen20/gcc/bin/../lib/gcc/arm-none-eabi/9.3.1/thumb/v7e-m+fp/hard\libgcc.a(_arm_addsubdf3.o)
 .ARM.attributes
                0x000010c4       0x1e y:/coen20/gcc/bin/../lib/gcc/arm-none-eabi/9.3.1/thumb/v7e-m+fp/hard\libgcc.a(_arm_muldivdf3.o)
 .ARM.attributes
                0x000010e2       0x1e y:/coen20/gcc/bin/../lib/gcc/arm-none-eabi/9.3.1/thumb/v7e-m+fp/hard\libgcc.a(_arm_cmpdf2.o)
 .ARM.attributes
                0x00001100       0x1e y:/coen20/gcc/bin/../lib/gcc/arm-none-eabi/9.3.1/thumb/v7e-m+fp/hard\libgcc.a(_arm_unorddf2.o)
 .ARM.attributes
                0x0000111e       0x1e y:/coen20/gcc/bin/../lib/gcc/arm-none-eabi/9.3.1/thumb/v7e-m+fp/hard\libgcc.a(_arm_fixdfsi.o)
 .ARM.attributes
                0x0000113c       0x1e y:/coen20/gcc/bin/../lib/gcc/arm-none-eabi/9.3.1/thumb/v7e-m+fp/hard\libgcc.a(_aeabi_uldivmod.o)
 .ARM.attributes
                0x0000115a       0x34 y:/coen20/gcc/bin/../lib/gcc/arm-none-eabi/9.3.1/thumb/v7e-m+fp/hard\libgcc.a(_udivmoddi4.o)
 .ARM.attributes
                0x0000118e       0x1e y:/coen20/gcc/bin/../lib/gcc/arm-none-eabi/9.3.1/thumb/v7e-m+fp/hard\libgcc.a(_dvmd_tls.o)
 .ARM.attributes
                0x000011ac       0x32 y:/coen20/gcc/bin/../lib/gcc/arm-none-eabi/9.3.1/thumb/v7e-m+fp/hard/crtend.o
 .ARM.attributes
                0x000011de       0x1e y:/coen20/gcc/bin/../lib/gcc/arm-none-eabi/9.3.1/thumb/v7e-m+fp/hard/crtn.o

.comment        0x00000000       0x7f
 .comment       0x00000000       0x4c obj/Lab1B-Main-c.o
                                 0x4d (size before relaxing)
 .comment       0x0000004c       0x33 library.a(initialize.o)
                                 0x34 (size before relaxing)
 .comment       0x0000007f       0x34 library.a(stm32f429i_discovery.o)
 .comment       0x0000007f       0x34 library.a(stm32f429i_discovery_lcd.o)
 .comment       0x0000007f       0x34 library.a(stm32f429i_discovery_sdram.o)
 .comment       0x0000007f       0x34 library.a(stm32f4xx_hal.o)
 .comment       0x0000007f       0x34 library.a(stm32f4xx_hal_cortex.o)
 .comment       0x0000007f       0x34 library.a(stm32f4xx_hal_dma.o)
 .comment       0x0000007f       0x34 library.a(stm32f4xx_hal_dma2d.o)
 .comment       0x0000007f       0x34 library.a(stm32f4xx_hal_gpio.o)
 .comment       0x0000007f       0x34 library.a(stm32f4xx_hal_ltdc.o)
 .comment       0x0000007f       0x34 library.a(stm32f4xx_hal_rcc.o)
 .comment       0x0000007f       0x34 library.a(stm32f4xx_hal_rcc_ex.o)
 .comment       0x0000007f       0x34 library.a(stm32f4xx_hal_sdram.o)
 .comment       0x0000007f       0x34 library.a(stm32f4xx_hal_spi.o)
 .comment       0x0000007f       0x34 library.a(stm32f4xx_it.o)
 .comment       0x0000007f       0x34 library.a(stm32f4xx_ll_fmc.o)
 .comment       0x0000007f       0x34 library.a(svcHandler.o)
 .comment       0x0000007f       0x34 library.a(system_stm32f4xx.o)
 .comment       0x0000007f       0x34 library.a(ili9341.o)

.debug_frame    0x00000000     0x16c4
 .debug_frame   0x00000000       0x28 y:/coen20/gcc/bin/../lib/gcc/arm-none-eabi/9.3.1/../../../../arm-none-eabi/lib/thumb/v7e-m+fp/hard\libc.a(lib_a-exit.o)
 .debug_frame   0x00000028       0x2c y:/coen20/gcc/bin/../lib/gcc/arm-none-eabi/9.3.1/../../../../arm-none-eabi/lib/thumb/v7e-m+fp/hard\libc.a(lib_a-init.o)
 .debug_frame   0x00000054       0x30 y:/coen20/gcc/bin/../lib/gcc/arm-none-eabi/9.3.1/../../../../arm-none-eabi/lib/thumb/v7e-m+fp/hard\libc.a(lib_a-malloc.o)
 .debug_frame   0x00000084       0x4c y:/coen20/gcc/bin/../lib/gcc/arm-none-eabi/9.3.1/../../../../arm-none-eabi/lib/thumb/v7e-m+fp/hard\libc.a(lib_a-mallocr.o)
 .debug_frame   0x000000d0       0x38 y:/coen20/gcc/bin/../lib/gcc/arm-none-eabi/9.3.1/../../../../arm-none-eabi/lib/thumb/v7e-m+fp/hard\libc.a(lib_a-memset.o)
 .debug_frame   0x00000108       0x30 y:/coen20/gcc/bin/../lib/gcc/arm-none-eabi/9.3.1/../../../../arm-none-eabi/lib/thumb/v7e-m+fp/hard\libc.a(lib_a-mlock.o)
 .debug_frame   0x00000138       0x2c y:/coen20/gcc/bin/../lib/gcc/arm-none-eabi/9.3.1/../../../../arm-none-eabi/lib/thumb/v7e-m+fp/hard\libc.a(lib_a-sbrkr.o)
 .debug_frame   0x00000164       0x7c y:/coen20/gcc/bin/../lib/gcc/arm-none-eabi/9.3.1/../../../../arm-none-eabi/lib/thumb/v7e-m+fp/hard\libc.a(lib_a-sprintf.o)
 .debug_frame   0x000001e0       0x20 y:/coen20/gcc/bin/../lib/gcc/arm-none-eabi/9.3.1/../../../../arm-none-eabi/lib/thumb/v7e-m+fp/hard\libc.a(lib_a-strcpy.o)
 .debug_frame   0x00000200       0x68 y:/coen20/gcc/bin/../lib/gcc/arm-none-eabi/9.3.1/../../../../arm-none-eabi/lib/thumb/v7e-m+fp/hard\libc.a(lib_a-svfprintf.o)
 .debug_frame   0x00000268       0x4c y:/coen20/gcc/bin/../lib/gcc/arm-none-eabi/9.3.1/../../../../arm-none-eabi/lib/thumb/v7e-m+fp/hard\libc.a(lib_a-vsprintf.o)
 .debug_frame   0x000002b4       0x2c y:/coen20/gcc/bin/../lib/gcc/arm-none-eabi/9.3.1/../../../../arm-none-eabi/lib/thumb/v7e-m+fp/hard\libc.a(lib_a-wsetup.o)
 .debug_frame   0x000002e0       0x68 y:/coen20/gcc/bin/../lib/gcc/arm-none-eabi/9.3.1/../../../../arm-none-eabi/lib/thumb/v7e-m+fp/hard\libc.a(lib_a-__call_atexit.o)
 .debug_frame   0x00000348       0x20 y:/coen20/gcc/bin/../lib/gcc/arm-none-eabi/9.3.1/../../../../arm-none-eabi/lib/thumb/v7e-m+fp/hard\libc.a(lib_a-atexit.o)
 .debug_frame   0x00000368       0xc4 y:/coen20/gcc/bin/../lib/gcc/arm-none-eabi/9.3.1/../../../../arm-none-eabi/lib/thumb/v7e-m+fp/hard\libc.a(lib_a-dtoa.o)
 .debug_frame   0x0000042c       0x5c y:/coen20/gcc/bin/../lib/gcc/arm-none-eabi/9.3.1/../../../../arm-none-eabi/lib/thumb/v7e-m+fp/hard\libc.a(lib_a-fflush.o)
 .debug_frame   0x00000488      0x14c y:/coen20/gcc/bin/../lib/gcc/arm-none-eabi/9.3.1/../../../../arm-none-eabi/lib/thumb/v7e-m+fp/hard\libc.a(lib_a-findfp.o)
 .debug_frame   0x000005d4       0x34 y:/coen20/gcc/bin/../lib/gcc/arm-none-eabi/9.3.1/../../../../arm-none-eabi/lib/thumb/v7e-m+fp/hard\libc.a(lib_a-fini.o)
 .debug_frame   0x00000608       0x8c y:/coen20/gcc/bin/../lib/gcc/arm-none-eabi/9.3.1/../../../../arm-none-eabi/lib/thumb/v7e-m+fp/hard\libc.a(lib_a-freer.o)
 .debug_frame   0x00000694       0x54 y:/coen20/gcc/bin/../lib/gcc/arm-none-eabi/9.3.1/../../../../arm-none-eabi/lib/thumb/v7e-m+fp/hard\libc.a(lib_a-fwalk.o)
 .debug_frame   0x000006e8       0x40 y:/coen20/gcc/bin/../lib/gcc/arm-none-eabi/9.3.1/../../../../arm-none-eabi/lib/thumb/v7e-m+fp/hard\libc.a(lib_a-localeconv.o)
 .debug_frame   0x00000728       0xb0 y:/coen20/gcc/bin/../lib/gcc/arm-none-eabi/9.3.1/../../../../arm-none-eabi/lib/thumb/v7e-m+fp/hard\libc.a(lib_a-lock.o)
 .debug_frame   0x000007d8       0x6c y:/coen20/gcc/bin/../lib/gcc/arm-none-eabi/9.3.1/../../../../arm-none-eabi/lib/thumb/v7e-m+fp/hard\libc.a(lib_a-makebuf.o)
 .debug_frame   0x00000844      0x27c y:/coen20/gcc/bin/../lib/gcc/arm-none-eabi/9.3.1/../../../../arm-none-eabi/lib/thumb/v7e-m+fp/hard\libc.a(lib_a-mprec.o)
 .debug_frame   0x00000ac0       0x60 y:/coen20/gcc/bin/../lib/gcc/arm-none-eabi/9.3.1/../../../../arm-none-eabi/lib/thumb/v7e-m+fp/hard\libc.a(lib_a-reent.o)
 .debug_frame   0x00000b20       0x2c y:/coen20/gcc/bin/../lib/gcc/arm-none-eabi/9.3.1/../../../../arm-none-eabi/lib/thumb/v7e-m+fp/hard\libc.a(lib_a-s_frexp.o)
 .debug_frame   0x00000b4c       0x8c y:/coen20/gcc/bin/../lib/gcc/arm-none-eabi/9.3.1/../../../../arm-none-eabi/lib/thumb/v7e-m+fp/hard\libc.a(lib_a-stdio.o)
 .debug_frame   0x00000bd8       0x38 y:/coen20/gcc/bin/../lib/gcc/arm-none-eabi/9.3.1/../../../../arm-none-eabi/lib/thumb/v7e-m+fp/hard\libc.a(lib_a-strncpy.o)
 .debug_frame   0x00000c10       0x88 y:/coen20/gcc/bin/../lib/gcc/arm-none-eabi/9.3.1/../../../../arm-none-eabi/lib/thumb/v7e-m+fp/hard\libc.a(lib_a-svfiprintf.o)
 .debug_frame   0x00000c98       0xe8 y:/coen20/gcc/bin/../lib/gcc/arm-none-eabi/9.3.1/../../../../arm-none-eabi/lib/thumb/v7e-m+fp/hard\libc.a(lib_a-vfiprintf.o)
 .debug_frame   0x00000d80       0x2c y:/coen20/gcc/bin/../lib/gcc/arm-none-eabi/9.3.1/../../../../arm-none-eabi/lib/thumb/v7e-m+fp/hard\libc.a(lib_a-writer.o)
 .debug_frame   0x00000dac       0x34 y:/coen20/gcc/bin/../lib/gcc/arm-none-eabi/9.3.1/../../../../arm-none-eabi/lib/thumb/v7e-m+fp/hard\libc.a(lib_a-__atexit.o)
 .debug_frame   0x00000de0       0x40 y:/coen20/gcc/bin/../lib/gcc/arm-none-eabi/9.3.1/../../../../arm-none-eabi/lib/thumb/v7e-m+fp/hard\libc.a(lib_a-assert.o)
 .debug_frame   0x00000e20       0x28 y:/coen20/gcc/bin/../lib/gcc/arm-none-eabi/9.3.1/../../../../arm-none-eabi/lib/thumb/v7e-m+fp/hard\libc.a(lib_a-callocr.o)