Archive member included to satisfy reference by file (symbol)

library.a(initialize.o)       obj/Lab7E-Main-c.o (ClearDisplay)
library.a(stm32f429i_discovery.o)
                              library.a(initialize.o) (BSP_PB_Init)
library.a(stm32f429i_discovery_lcd.o)
                              library.a(initialize.o) (BSP_LCD_LayerDefaultInit)
library.a(stm32f429i_discovery_sdram.o)
                              library.a(stm32f429i_discovery_lcd.o) (BSP_SDRAM_Init)
library.a(stm32f4xx_hal.o)    library.a(initialize.o) (HAL_Init)
library.a(stm32f4xx_hal_cortex.o)
                              library.a(stm32f4xx_hal.o) (HAL_NVIC_SetPriorityGrouping)
library.a(stm32f4xx_hal_dma.o)
                              library.a(stm32f429i_discovery_sdram.o) (HAL_DMA_Init)
library.a(stm32f4xx_hal_dma2d.o)
                              library.a(stm32f429i_discovery_lcd.o) (HAL_DMA2D_Init)
library.a(stm32f4xx_hal_gpio.o)
                              library.a(stm32f429i_discovery.o) (HAL_GPIO_Init)
library.a(stm32f4xx_hal_i2c.o)
                              library.a(stm32f429i_discovery.o) (HAL_I2C_Init)
library.a(stm32f4xx_hal_ltdc.o)
                              library.a(stm32f429i_discovery_lcd.o) (HAL_LTDC_Init)
library.a(stm32f4xx_hal_rcc.o)
                              library.a(initialize.o) (HAL_RCC_OscConfig)
library.a(stm32f4xx_hal_rcc_ex.o)
                              library.a(stm32f429i_discovery_lcd.o) (HAL_RCCEx_PeriphCLKConfig)
library.a(stm32f4xx_hal_sdram.o)
                              library.a(stm32f429i_discovery_sdram.o) (HAL_SDRAM_Init)
library.a(stm32f4xx_hal_spi.o)
                              library.a(stm32f429i_discovery.o) (HAL_SPI_Init)
library.a(stm32f4xx_it.o)     library.a(initialize.o) (IncludeThis)
library.a(stm32f4xx_ll_fmc.o)
                              library.a(stm32f4xx_hal_sdram.o) (FMC_SDRAM_Init)
library.a(svcHandler.o)       library.a(stm32f4xx_it.o) (SVC_Exception)
library.a(system_stm32f4xx.o)
                              library.a(stm32f4xx_hal_rcc.o) (SystemCoreClock)
library.a(startup_stm32f429xx.o)
                              library.a(initialize.o) (Reset_Handler)
library.a(ili9341.o)          library.a(stm32f429i_discovery_lcd.o) (ili9341_drv)
y:/coen20/gcc/bin/../lib/gcc/arm-none-eabi/9.3.1/../../../../arm-none-eabi/lib/thumb/v7e-m+fp/hard\libc.a(lib_a-exit.o)
                              y:/coen20/gcc/bin/../lib/gcc/arm-none-eabi/9.3.1/../../../../arm-none-eabi/lib/thumb/v7e-m+fp/hard/crt0.o (exit)
y:/coen20/gcc/bin/../lib/gcc/arm-none-eabi/9.3.1/../../../../arm-none-eabi/lib/thumb/v7e-m+fp/hard\libc.a(lib_a-impure.o)
                              y:/coen20/gcc/bin/../lib/gcc/arm-none-eabi/9.3.1/../../../../arm-none-eabi/lib/thumb/v7e-m+fp/hard\libc.a(lib_a-exit.o) (_global_impure_ptr)
y:/coen20/gcc/bin/../lib/gcc/arm-none-eabi/9.3.1/../../../../arm-none-eabi/lib/thumb/v7e-m+fp/hard\libc.a(lib_a-init.o)
                              y:/coen20/gcc/bin/../lib/gcc/arm-none-eabi/9.3.1/../../../../arm-none-eabi/lib/thumb/v7e-m+fp/hard/crt0.o (__libc_init_array)
y:/coen20/gcc/bin/../lib/gcc/arm-none-eabi/9.3.1/../../../../arm-none-eabi/lib/thumb/v7e-m+fp/hard\libc.a(lib_a-memcpy.o)
                              library.a(svcHandler.o) (memcpy)
y:/coen20/gcc/bin/../lib/gcc/arm-none-eabi/9.3.1/../../../../arm-none-eabi/lib/thumb/v7e-m+fp/hard\libc.a(lib_a-memset.o)
                              y:/coen20/gcc/bin/../lib/gcc/arm-none-eabi/9.3.1/../../../../arm-none-eabi/lib/thumb/v7e-m+fp/hard/crt0.o (memset)
y:/coen20/gcc/bin/../lib/gcc/arm-none-eabi/9.3.1/../../../../arm-none-eabi/lib/thumb/v7e-m+fp/hard\libc.a(lib_a-printf.o)
                              obj/Lab7E-Main-c.o (printf)
y:/coen20/gcc/bin/../lib/gcc/arm-none-eabi/9.3.1/../../../../arm-none-eabi/lib/thumb/v7e-m+fp/hard\libc.a(lib_a-puts.o)
                              obj/Lab7E-Main-c.o (puts)
y:/coen20/gcc/bin/../lib/gcc/arm-none-eabi/9.3.1/../../../../arm-none-eabi/lib/thumb/v7e-m+fp/hard\libc.a(lib_a-sprintf.o)
                              obj/Lab7E-Main-c.o (sprintf)
y:/coen20/gcc/bin/../lib/gcc/arm-none-eabi/9.3.1/../../../../arm-none-eabi/lib/thumb/v7e-m+fp/hard\libc.a(lib_a-strcpy.o)
                              library.a(initialize.o) (strcpy)
y:/coen20/gcc/bin/../lib/gcc/arm-none-eabi/9.3.1/../../../../arm-none-eabi/lib/thumb/v7e-m+fp/hard\libc.a(lib_a-strlen.o)
                              library.a(svcHandler.o) (strlen)
y:/coen20/gcc/bin/../lib/gcc/arm-none-eabi/9.3.1/../../../../arm-none-eabi/lib/thumb/v7e-m+fp/hard\libc.a(lib_a-svfprintf.o)
                              y:/coen20/gcc/bin/../lib/gcc/arm-none-eabi/9.3.1/../../../../arm-none-eabi/lib/thumb/v7e-m+fp/hard\libc.a(lib_a-sprintf.o) (_svfprintf_r)
y:/coen20/gcc/bin/../lib/gcc/arm-none-eabi/9.3.1/../../../../arm-none-eabi/lib/thumb/v7e-m+fp/hard\libc.a(lib_a-vfprintf.o)
[...]
Memory Configuration

Name             Origin             Length             Attributes
ROM              0x08000000         0x00200000         xr
RAM              0x20000000         0x00030000         xrw
CCM              0x10000000         0x00010000         xrw
*default*        0x00000000         0xffffffff

Linker script and memory map

LOAD y:/coen20/gcc/bin/../lib/gcc/arm-none-eabi/9.3.1/thumb/v7e-m+fp/hard/crti.o
LOAD y:/coen20/gcc/bin/../lib/gcc/arm-none-eabi/9.3.1/thumb/v7e-m+fp/hard/crtbegin.o
LOAD y:/coen20/gcc/bin/../lib/gcc/arm-none-eabi/9.3.1/../../../../arm-none-eabi/lib/thumb/v7e-m+fp/hard/crt0.o
LOAD obj/Lab7E-Main-c.o
LOAD obj/Lab7E-Tetris-Implementation-2-s.o
LOAD library.a
LOAD library.a
LOAD y:/coen20/gcc/bin/../lib/gcc/arm-none-eabi/9.3.1/../../../../arm-none-eabi/lib/thumb/v7e-m+fp/hard\libm.a
LOAD y:/coen20/gcc/bin/../lib/gcc/arm-none-eabi/9.3.1/../../../../arm-none-eabi/lib/thumb/v7e-m+fp/hard\libc.a
LOAD y:/coen20/gcc/bin/../lib/gcc/arm-none-eabi/9.3.1/../../../../arm-none-eabi/lib/thumb/v7e-m+fp/hard\libnosys.a
LOAD y:/coen20/gcc/bin/../lib/gcc/arm-none-eabi/9.3.1/../../../../arm-none-eabi/lib/thumb/v7e-m+fp/hard\libc.a
START GROUP
LOAD y:/coen20/gcc/bin/../lib/gcc/arm-none-eabi/9.3.1/thumb/v7e-m+fp/hard\libgcc.a
LOAD y:/coen20/gcc/bin/../lib/gcc/arm-none-eabi/9.3.1/../../../../arm-none-eabi/lib/thumb/v7e-m+fp/hard\libc.a
END GROUP
LOAD y:/coen20/gcc/bin/../lib/gcc/arm-none-eabi/9.3.1/thumb/v7e-m+fp/hard/crtend.o
LOAD y:/coen20/gcc/bin/../lib/gcc/arm-none-eabi/9.3.1/thumb/v7e-m+fp/hard/crtn.o

.text           0x08000000    0x1124c
 *(.isr_vector)
 .isr_vector    0x08000000      0x1ac library.a(startup_stm32f429xx.o)
                0x08000000                __isr_vector
 *(.text*)
 .text          0x080001ac       0x40 y:/coen20/gcc/bin/../lib/gcc/arm-none-eabi/9.3.1/thumb/v7e-m+fp/hard/crtbegin.o
 .text          0x080001ec       0x7c y:/coen20/gcc/bin/../lib/gcc/arm-none-eabi/9.3.1/../../../../arm-none-eabi/lib/thumb/v7e-m+fp/hard/crt0.o
                0x080001ec                _stack_init
                0x080001f4                _start
                0x080001f4                _mainCRTStartup
 .text.startup.main
                0x08000268       0x38 obj/Lab7E-Main-c.o
                0x08000268                main
 .text.PlayGame
                0x080002a0      0x43c obj/Lab7E-Main-c.o
 .text.GetNewShape
                0x080006dc      0x100 obj/Lab7E-Main-c.o
 .text.CollapseOneRow
                0x080007dc      0x17c obj/Lab7E-Main-c.o
 .text.PaintShape
                0x08000958      0x120 obj/Lab7E-Main-c.o
 .text.MoveThisShape
                0x08000a78      0x498 obj/Lab7E-Main-c.o
 .text.InitializeGyroscope
                0x08000f10       0x44 obj/Lab7E-Main-c.o
 .text.SanityChecksOK
                0x08000f54      0x1b4 obj/Lab7E-Main-c.o
 .text.CalibrateGyroscope
                0x08001108       0xf4 obj/Lab7E-Main-c.o
 .text          0x080011fc       0x30 obj/Lab7E-Tetris-Implementation-2-s.o
                0x080011fc                GetBit
                0x08001214                PutBit
 .text.TextRows
                0x0800122c       0x12 library.a(initialize.o)
 .text._close   0x0800123e        0x2 library.a(initialize.o)
                0x0800123e                _close
 .text._fstat   0x08001240        0x2 library.a(initialize.o)
                0x08001240                _fstat
 .text._getpid  0x08001242        0x2 library.a(initialize.o)
                0x08001242                _getpid
 .text._isatty  0x08001244        0x2 library.a(initialize.o)
                0x08001244                _isatty
 .text._kill    0x08001246        0x2 library.a(initialize.o)
                0x08001246                _kill
 .text._lseek   0x08001248        0x2 library.a(initialize.o)
                0x08001248                _lseek
 .text._read    0x0800124a        0x2 library.a(initialize.o)
                0x0800124a                _read
 .text.ClearDisplay
                0x0800124c       0x34 library.a(initialize.o)
                0x0800124c                ClearDisplay
 .text.DisplayHeader
                0x08001280       0x7c library.a(initialize.o)
                0x08001280                DisplayHeader
 .text.DisplayFooter
                0x080012fc       0x58 library.a(initialize.o)
                0x080012fc                DisplayFooter
 .text._write   0x08001354      0x104 library.a(initialize.o)
                0x08001354                _write
 .text.InitializeHardware
                0x08001458      0x124 library.a(initialize.o)
                0x08001458                InitializeHardware
 .text.WaitForPushButton
                0x0800157c       0x18 library.a(initialize.o)
                0x0800157c                WaitForPushButton
 .text.PushButtonPressed
                0x08001594       0x10 library.a(initialize.o)
                0x08001594                PushButtonPressed
 .text.GetClockCycleCount
                0x080015a4        0xc library.a(initialize.o)
                0x080015a4                GetClockCycleCount
 .text.GetRandomNumber
                0x080015b0       0x14 library.a(initialize.o)
                0x080015b0                GetRandomNumber
 .text.SPIx_Init
                0x080015c4       0x98 library.a(stm32f429i_discovery.o)
 .text.SPIx_Write
                0x0800165c       0x30 library.a(stm32f429i_discovery.o)
 .text.SPIx_WriteRead
                0x0800168c       0x40 library.a(stm32f429i_discovery.o)
 .text.BSP_PB_Init
                0x080016cc       0x70 library.a(stm32f429i_discovery.o)
                0x080016cc                BSP_PB_Init
 .text.BSP_PB_GetState
                0x0800173c       0x14 library.a(stm32f429i_discovery.o)
                0x0800173c                BSP_PB_GetState
 .text.LCD_IO_Init
                0x08001750       0xb0 library.a(stm32f429i_discovery.o)
                0x08001750                LCD_IO_Init
 .text.LCD_IO_WriteData
                0x08001800       0x38 library.a(stm32f429i_discovery.o)
                0x08001800                LCD_IO_WriteData
 .text.LCD_IO_WriteReg
                0x08001838       0x38 library.a(stm32f429i_discovery.o)
                0x08001838                LCD_IO_WriteReg
 .text.LCD_IO_ReadData
                0x08001870       0x6c library.a(stm32f429i_discovery.o)
                0x08001870                LCD_IO_ReadData
 .text.LCD_Delay
                0x080018dc        0x4 library.a(stm32f429i_discovery.o)
                0x080018dc                LCD_Delay
 .text.GYRO_IO_Init
                0x080018e0       0x6c library.a(stm32f429i_discovery.o)
                0x080018e0                GYRO_IO_Init
 .text.GYRO_IO_Write
                0x0800194c       0x44 library.a(stm32f429i_discovery.o)
                0x0800194c                GYRO_IO_Write
 .text.GYRO_IO_Read
                0x08001990       0x48 library.a(stm32f429i_discovery.o)
                0x08001990                GYRO_IO_Read
 .text.FillBuffer
                0x080019d8       0x64 library.a(stm32f429i_discovery_lcd.o)
 .text.BSP_LCD_GetXSize
                0x08001a3c       0x10 library.a(stm32f429i_discovery_lcd.o)
                0x08001a3c                BSP_LCD_GetXSize
 .text.BSP_LCD_GetYSize
                0x08001a4c       0x10 library.a(stm32f429i_discovery_lcd.o)
                0x08001a4c                BSP_LCD_GetYSize
 .text.BSP_LCD_LayerDefaultInit
                0x08001a5c       0x7c library.a(stm32f429i_discovery_lcd.o)
                0x08001a5c                BSP_LCD_LayerDefaultInit
 .text.BSP_LCD_SelectLayer
                0x08001ad8        0xc library.a(stm32f429i_discovery_lcd.o)
                0x08001ad8                BSP_LCD_SelectLayer
 .text.BSP_LCD_GetTextColor
                0x08001ae4       0x18 library.a(stm32f429i_discovery_lcd.o)
                0x08001ae4                BSP_LCD_GetTextColor
 .text.BSP_LCD_GetBackColor
                0x08001afc       0x18 library.a(stm32f429i_discovery_lcd.o)
                0x08001afc                BSP_LCD_GetBackColor
 .text.BSP_LCD_SetTextColor
                0x08001b14       0x18 library.a(stm32f429i_discovery_lcd.o)
                0x08001b14                BSP_LCD_SetTextColor
 .text.BSP_LCD_SetBackColor
                0x08001b2c       0x18 library.a(stm32f429i_discovery_lcd.o)
                0x08001b2c                BSP_LCD_SetBackColor
 .text.BSP_LCD_SetFont
                0x08001b44       0x18 library.a(stm32f429i_discovery_lcd.o)
                0x08001b44                BSP_LCD_SetFont
 .text.BSP_LCD_Init
                0x08001b5c      0x1bc library.a(stm32f429i_discovery_lcd.o)
                0x08001b5c                BSP_LCD_Init
 .text.BSP_LCD_GetFont
                0x08001d18       0x18 library.a(stm32f429i_discovery_lcd.o)
                0x08001d18                BSP_LCD_GetFont
 .text.BSP_LCD_Clear
                0x08001d30       0x40 library.a(stm32f429i_discovery_lcd.o)
                0x08001d30                BSP_LCD_Clear
 .text.BSP_LCD_DrawHLine
                0x08001d70       0x50 library.a(stm32f429i_discovery_lcd.o)
                0x08001d70                BSP_LCD_DrawHLine
 .text.BSP_LCD_DrawVLine
                0x08001dc0       0x5c library.a(stm32f429i_discovery_lcd.o)
                0x08001dc0                BSP_LCD_DrawVLine
 .text.BSP_LCD_DrawRect
                0x08001e1c       0x34 library.a(stm32f429i_discovery_lcd.o)
                0x08001e1c                BSP_LCD_DrawRect
 .text.BSP_LCD_FillRect
                0x08001e50       0x78 library.a(stm32f429i_discovery_lcd.o)
                0x08001e50                BSP_LCD_FillRect
 .text.BSP_LCD_DisplayOn
                0x08001ec8       0x10 library.a(stm32f429i_discovery_lcd.o)
                0x08001ec8                BSP_LCD_DisplayOn
 .text.BSP_LCD_DrawPixel
                0x08001ed8       0x2c library.a(stm32f429i_discovery_lcd.o)
                0x08001ed8                BSP_LCD_DrawPixel
 .text.BSP_LCD_DisplayChar
                0x08001f04       0xd4 library.a(stm32f429i_discovery_lcd.o)
                0x08001f04                BSP_LCD_DisplayChar
 .text.BSP_LCD_DisplayStringAt
                0x08001fd8       0x9c library.a(stm32f429i_discovery_lcd.o)
                0x08001fd8                BSP_LCD_DisplayStringAt
 .text.BSP_SDRAM_Initialization_sequence
                0x08002074       0x94 library.a(stm32f429i_discovery_sdram.o)
                0x08002074                BSP_SDRAM_Initialization_sequence
 .text.BSP_SDRAM_Init
                0x08002108      0x1c8 library.a(stm32f429i_discovery_sdram.o)
                0x08002108                BSP_SDRAM_Init
 .text.HAL_MspInit
                0x080022d0        0x2 library.a(stm32f4xx_hal.o)
                0x080022d0                HAL_MspInit
 .text.HAL_InitTick
                0x080022d2       0x28 library.a(stm32f4xx_hal.o)
                0x080022d2                HAL_InitTick
 *fill*         0x080022fa        0x2 
 .text.HAL_Init
                0x080022fc       0x34 library.a(stm32f4xx_hal.o)
                0x080022fc                HAL_Init
 .text.HAL_IncTick
                0x08002330       0x10 library.a(stm32f4xx_hal.o)
                0x08002330                HAL_IncTick
 .text.HAL_GetTick
                0x08002340        0xc library.a(stm32f4xx_hal.o)
                0x08002340                HAL_GetTick
 .text.HAL_Delay
                0x0800234c       0x1a library.a(stm32f4xx_hal.o)
                0x0800234c                HAL_Delay
 *fill*         0x08002366        0x2 
 .text.HAL_NVIC_SetPriorityGrouping
                0x08002368       0x24 library.a(stm32f4xx_hal_cortex.o)
                0x08002368                HAL_NVIC_SetPriorityGrouping
 .text.HAL_NVIC_SetPriority
                0x0800238c       0x64 library.a(stm32f4xx_hal_cortex.o)
                0x0800238c                HAL_NVIC_SetPriority
 .text.HAL_NVIC_EnableIRQ
                0x080023f0       0x18 library.a(stm32f4xx_hal_cortex.o)
                0x080023f0                HAL_NVIC_EnableIRQ
 .text.HAL_SYSTICK_Config
                0x08002408       0x28 library.a(stm32f4xx_hal_cortex.o)
                0x08002408                HAL_SYSTICK_Config
 .text.HAL_DMA_Init
                0x08002430       0x78 library.a(stm32f4xx_hal_dma.o)
                0x08002430                HAL_DMA_Init
 .text.HAL_DMA_DeInit
                0x080024a8      0xacc library.a(stm32f4xx_hal_dma.o)
                0x080024a8                HAL_DMA_DeInit
 .text.DMA2D_SetConfig
                0x08002f74       0x80 library.a(stm32f4xx_hal_dma2d.o)
 .text.HAL_DMA2D_MspInit
                0x08002ff4        0x2 library.a(stm32f4xx_hal_dma2d.o)
                0x08002ff4                HAL_DMA2D_MspInit
 .text.HAL_DMA2D_Init
                0x08002ff6       0x5c library.a(stm32f4xx_hal_dma2d.o)
                0x08002ff6                HAL_DMA2D_Init
 .text.HAL_DMA2D_Start
                0x08003052       0x40 library.a(stm32f4xx_hal_dma2d.o)
                0x08003052                HAL_DMA2D_Start
 .text.HAL_DMA2D_PollForTransfer
                0x08003092       0xc4 library.a(stm32f4xx_hal_dma2d.o)
                0x08003092                HAL_DMA2D_PollForTransfer
 *fill*         0x08003156        0x2 
 .text.HAL_DMA2D_ConfigLayer
                0x08003158       0xdc library.a(stm32f4xx_hal_dma2d.o)
                0x08003158                HAL_DMA2D_ConfigLayer
 .text.HAL_GPIO_Init
                0x08003234      0x1d0 library.a(stm32f4xx_hal_gpio.o)
                0x08003234                HAL_GPIO_Init
 .text.HAL_GPIO_ReadPin
                0x08003404        0xc library.a(stm32f4xx_hal_gpio.o)
                0x08003404                HAL_GPIO_ReadPin
 .text.HAL_GPIO_WritePin
                0x08003410        0xa library.a(stm32f4xx_hal_gpio.o)
                0x08003410                HAL_GPIO_WritePin
 *fill*         0x0800341a        0x2 
 .text.LTDC_SetConfig
                0x0800341c      0x144 library.a(stm32f4xx_hal_ltdc.o)
 .text.HAL_LTDC_MspInit
                0x08003560        0x2 library.a(stm32f4xx_hal_ltdc.o)
                0x08003560                HAL_LTDC_MspInit
 *fill*         0x08003562        0x2 
 .text.HAL_LTDC_Init
                0x08003564       0xfc library.a(stm32f4xx_hal_ltdc.o)
                0x08003564                HAL_LTDC_Init
 .text.HAL_LTDC_ConfigLayer
                0x08003660       0x5c library.a(stm32f4xx_hal_ltdc.o)
                0x08003660                HAL_LTDC_ConfigLayer
 .text.HAL_LTDC_EnableDither
                0x080036bc       0x34 library.a(stm32f4xx_hal_ltdc.o)
                0x080036bc                HAL_LTDC_EnableDither
 .text.HAL_RCC_OscConfig
                0x080036f0      0x330 library.a(stm32f4xx_hal_rcc.o)
                0x080036f0                HAL_RCC_OscConfig
 .text.HAL_RCC_ClockConfig
                0x08003a20      0x1f8 library.a(stm32f4xx_hal_rcc.o)
                0x08003a20                HAL_RCC_ClockConfig
 .text.HAL_RCC_GetSysClockFreq
                0x08003c18       0x78 library.a(stm32f4xx_hal_rcc.o)
                0x08003c18                HAL_RCC_GetSysClockFreq
 .text.HAL_RCC_GetHCLKFreq
                0x08003c90       0x38 library.a(stm32f4xx_hal_rcc.o)
                0x08003c90                HAL_RCC_GetHCLKFreq
 .text.HAL_RCCEx_PeriphCLKConfig
                0x08003cc8      0x2d8 library.a(stm32f4xx_hal_rcc_ex.o)
                0x08003cc8                HAL_RCCEx_PeriphCLKConfig
 .text.HAL_SDRAM_MspInit
                0x08003fa0        0x2 library.a(stm32f4xx_hal_sdram.o)
                0x08003fa0                HAL_SDRAM_MspInit
 .text.HAL_SDRAM_Init
                0x08003fa2       0x40 library.a(stm32f4xx_hal_sdram.o)
                0x08003fa2                HAL_SDRAM_Init
 .text.HAL_SDRAM_SendCommand
                0x08003fe2       0x2e library.a(stm32f4xx_hal_sdram.o)
                0x08003fe2                HAL_SDRAM_SendCommand
 .text.HAL_SDRAM_ProgramRefreshRate
                0x08004010       0x24 library.a(stm32f4xx_hal_sdram.o)
                0x08004010                HAL_SDRAM_ProgramRefreshRate
 .text.SPI_WaitOnFlagUntilTimeout
                0x08004034       0x94 library.a(stm32f4xx_hal_spi.o)
 .text.HAL_SPI_MspInit
                0x080040c8        0x2 library.a(stm32f4xx_hal_spi.o)
                0x080040c8                HAL_SPI_MspInit
 .text.HAL_SPI_Init
                0x080040ca       0x82 library.a(stm32f4xx_hal_spi.o)
                0x080040ca                HAL_SPI_Init
 .text.HAL_SPI_MspDeInit
                0x0800414c        0x2 library.a(stm32f4xx_hal_spi.o)
                0x0800414c                HAL_SPI_MspDeInit
 .text.HAL_SPI_DeInit
                0x0800414e       0x26 library.a(stm32f4xx_hal_spi.o)
                0x0800414e                HAL_SPI_DeInit
 .text.HAL_SPI_Transmit
                0x08004174      0x164 library.a(stm32f4xx_hal_spi.o)
                0x08004174                HAL_SPI_Transmit
 .text.HAL_SPI_TransmitReceive
                0x080042d8      0x2c2 library.a(stm32f4xx_hal_spi.o)
                0x080042d8                HAL_SPI_TransmitReceive
 .text.HAL_SPI_Receive
                0x0800459a      0x1d2 library.a(stm32f4xx_hal_spi.o)
                0x0800459a                HAL_SPI_Receive
 .text.HAL_SPI_GetState
                0x0800476c        0x6 library.a(stm32f4xx_hal_spi.o)
                0x0800476c                HAL_SPI_GetState
 .text.NMI_Handler
                0x08004772        0x2 library.a(stm32f4xx_it.o)
                0x08004772                NMI_Handler
 .text.SVC_Handler
                0x08004774       0x20 library.a(stm32f4xx_it.o)
                0x08004774                SVC_Handler
 .text.DebugMon_Handler
                0x08004794        0x2 library.a(stm32f4xx_it.o)
                0x08004794                DebugMon_Handler
 .text.PendSV_Handler
                0x08004796        0x2 library.a(stm32f4xx_it.o)
                0x08004796                PendSV_Handler
 .text.SysTick_Handler
                0x08004798        0x4 library.a(stm32f4xx_it.o)
                0x08004798                SysTick_Handler
 .text.FMC_SDRAM_Init
                0x0800479c       0x68 library.a(stm32f4xx_ll_fmc.o)
                0x0800479c                FMC_SDRAM_Init
 .text.FMC_SDRAM_Timing_Init
                0x08004804       0x72 library.a(stm32f4xx_ll_fmc.o)
                0x08004804                FMC_SDRAM_Timing_Init
 .text.FMC_SDRAM_SendCommand
                0x08004876       0x50 library.a(stm32f4xx_ll_fmc.o)
                0x08004876                FMC_SDRAM_SendCommand
 .text.FMC_SDRAM_ProgramRefreshRate
                0x080048c6        0xc library.a(stm32f4xx_ll_fmc.o)
                0x080048c6                FMC_SDRAM_ProgramRefreshRate
 *fill*         0x080048d2        0x2 
 .text.SVC_Label
                0x080048d4       0x58 library.a(svcHandler.o)
 .text.Preserve
                0x0800492c       0xa8 library.a(svcHandler.o)
 .text.HardStopHandler
                0x080049d4       0x94 library.a(svcHandler.o)
 .text.F32      0x08004a68       0xc0 library.a(svcHandler.o)
 .text.Restore  0x08004b28       0x5c library.a(svcHandler.o)
 .text.FlPtRegs
                0x08004b84       0x9c library.a(svcHandler.o)
 .text._MemManageHandler
                0x08004c20       0x10 library.a(svcHandler.o)
                0x08004c20                _MemManageHandler
 .text.MemManage_Handler
                0x08004c30        0xc library.a(svcHandler.o)
                0x08004c30                MemManage_Handler
 .text._BusFault_Handler
                0x08004c3c       0x10 library.a(svcHandler.o)
                0x08004c3c                _BusFault_Handler
 .text.BusFault_Handler
                0x08004c4c        0xc library.a(svcHandler.o)
                0x08004c4c                BusFault_Handler
 .text._HardFault_Handler
                0x08004c58       0x10 library.a(svcHandler.o)
                0x08004c58                _HardFault_Handler
 .text.HardFault_Handler
                0x08004c68        0xc library.a(svcHandler.o)
                0x08004c68                HardFault_Handler
 .text._UsageFault_Handler
                0x08004c74       0x5c library.a(svcHandler.o)
                0x08004c74                _UsageFault_Handler
 .text.UsageFault_Handler
                0x08004cd0        0xc library.a(svcHandler.o)
                0x08004cd0                UsageFault_Handler
 .text.SVC_Exception
                0x08004cdc       0xd8 library.a(svcHandler.o)
                0x08004cdc                SVC_Exception
 .text.SystemInit
                0x08004db4       0x4c library.a(system_stm32f4xx.o)
                0x08004db4                SystemInit
 .text          0x08004e00      0x118 library.a(startup_stm32f429xx.o)
                0x08004e00                Reset_Handler
                0x08004e58                Default_Handler
                0x08004e5a                WWDG_IRQHandler
                0x08004e5c                PVD_IRQHandler
                0x08004e5e                TAMP_STAMP_IRQHandler
                0x08004e60                RTC_WKUP_IRQHandler
                0x08004e62                FLASH_IRQHandler
                0x08004e64                RCC_IRQHandler
                0x08004e66                EXTI0_IRQHandler
                0x08004e68                EXTI1_IRQHandler
                0x08004e6a                EXTI2_IRQHandler
                0x08004e6c                EXTI3_IRQHandler
                0x08004e6e                EXTI4_IRQHandler
                0x08004e70                DMA1_Stream0_IRQHandler
                0x08004e72                DMA1_Stream1_IRQHandler
                0x08004e74                DMA1_Stream2_IRQHandler
                0x08004e76                DMA1_Stream3_IRQHandler
                0x08004e78                DMA1_Stream4_IRQHandler
                0x08004e7a                DMA1_Stream5_IRQHandler
                0x08004e7c                DMA1_Stream6_IRQHandler
                0x08004e7e                ADC_IRQHandler
                0x08004e80                CAN1_TX_IRQHandler
                0x08004e82                CAN1_RX0_IRQHandler
                0x08004e84                CAN1_RX1_IRQHandler
                0x08004e86                CAN1_SCE_IRQHandler
                0x08004e88                EXTI9_5_IRQHandler
                0x08004e8a                TIM1_BRK_TIM9_IRQHandler
                0x08004e8c                TIM1_UP_TIM10_IRQHandler
                0x08004e8e                TIM1_TRG_COM_TIM11_IRQHandler
                0x08004e90                TIM1_CC_IRQHandler
                0x08004e92                TIM2_IRQHandler
                0x08004e94                TIM3_IRQHandler
                0x08004e96                TIM4_IRQHandler
                0x08004e98                I2C1_EV_IRQHandler
                0x08004e9a                I2C1_ER_IRQHandler
                0x08004e9c                I2C2_EV_IRQHandler
                0x08004e9e                I2C2_ER_IRQHandler
                0x08004ea0                SPI1_IRQHandler
                0x08004ea2                SPI2_IRQHandler
                0x08004ea4                USART1_IRQHandler
                0x08004ea6                USART2_IRQHandler
                0x08004ea8                USART3_IRQHandler
                0x08004eaa                EXTI15_10_IRQHandler
                0x08004eac                RTC_Alarm_IRQHandler
                0x08004eae                OTG_FS_WKUP_IRQHandler
                0x08004eb0                TIM8_BRK_TIM12_IRQHandler
                0x08004eb2                TIM8_UP_TIM13_IRQHandler
                0x08004eb4                TIM8_TRG_COM_TIM14_IRQHandler
                0x08004eb6                TIM8_CC_IRQHandler
                0x08004eb8                DMA1_Stream7_IRQHandler
                0x08004eba                FSMC_IRQHandler
                0x08004ebc                SDIO_IRQHandler
                0x08004ebe                TIM5_IRQHandler
                0x08004ec0                SPI3_IRQHandler
                0x08004ec2                UART4_IRQHandler
                0x08004ec4                UART5_IRQHandler
                0x08004ec6                TIM6_DAC_IRQHandler
                0x08004ec8                TIM7_IRQHandler
                0x08004eca                DMA2_Stream0_IRQHandler
                0x08004ecc                DMA2_Stream1_IRQHandler
                0x08004ece                DMA2_Stream2_IRQHandler
                0x08004ed0                DMA2_Stream3_IRQHandler
                0x08004ed2                DMA2_Stream4_IRQHandler
                0x08004ed4                ETH_IRQHandler
                0x08004ed6                ETH_WKUP_IRQHandler
                0x08004ed8                CAN2_TX_IRQHandler
                0x08004eda                CAN2_RX0_IRQHandler
                0x08004edc                CAN2_RX1_IRQHandler
                0x08004ede                CAN2_SCE_IRQHandler
                0x08004ee0                OTG_FS_IRQHandler
                0x08004ee2                DMA2_Stream5_IRQHandler
                0x08004ee4                DMA2_Stream6_IRQHandler
                0x08004ee6                DMA2_Stream7_IRQHandler
                0x08004ee8                USART6_IRQHandler
                0x08004eea                I2C3_EV_IRQHandler
                0x08004eec                I2C3_ER_IRQHandler
                0x08004eee                OTG_HS_EP1_OUT_IRQHandler
                0x08004ef0                OTG_HS_EP1_IN_IRQHandler
                0x08004ef2                OTG_HS_WKUP_IRQHandler
                0x08004ef4                OTG_HS_IRQHandler
                0x08004ef6                DCMI_IRQHandler
                0x08004ef8                CRYP_IRQHandler
                0x08004efa                HASH_RNG_IRQHandler
                0x08004efc                FPU_IRQHandler
                0x08004efe                UART7_IRQHandler
                0x08004f00                UART8_IRQHandler
                0x08004f02                SPI4_IRQHandler
                0x08004f04                SPI5_IRQHandler
                0x08004f06                SPI6_IRQHandler
                0x08004f08                SAI1_IRQHandler
                0x08004f0a                LTDC_IRQHandler
                0x08004f0c                LTDC_ER_IRQHandler
                0x08004f0e                DMA2D_IRQHandler
 .text.ili9341_GetLcdPixelWidth
                0x08004f18        0x4 library.a(ili9341.o)
                0x08004f18                ili9341_GetLcdPixelWidth
 .text.ili9341_GetLcdPixelHeight
                0x08004f1c        0x6 library.a(ili9341.o)
                0x08004f1c                ili9341_GetLcdPixelHeight
 .text.ili9341_DisplayOn
                0x08004f22        0x6 library.a(ili9341.o)
                0x08004f22                ili9341_DisplayOn
 .text.ili9341_DisplayOff
                0x08004f28        0x6 library.a(ili9341.o)
                0x08004f28                ili9341_DisplayOff
 .text.ili9341_Init
                0x08004f2e      0x292 library.a(ili9341.o)
                0x08004f2e                ili9341_Init
 .text.ili9341_ReadID
                0x080051c0       0x12 library.a(ili9341.o)
                0x080051c0                ili9341_ReadID
 *fill*         0x080051d2        0x2 
 .text.exit     0x080051d4       0x20 y:/coen20/gcc/bin/../lib/gcc/arm-none-eabi/9.3.1/../../../../arm-none-eabi/lib/thumb/v7e-m+fp/hard\libc.a(lib_a-exit.o)
                0x080051d4                exit
 .text.__libc_init_array
                0x080051f4       0x48 y:/coen20/gcc/bin/../lib/gcc/arm-none-eabi/9.3.1/../../../../arm-none-eabi/lib/thumb/v7e-m+fp/hard\libc.a(lib_a-init.o)
                0x080051f4                __libc_init_array
 .text          0x0800523c      0x134 y:/coen20/gcc/bin/../lib/gcc/arm-none-eabi/9.3.1/../../../../arm-none-eabi/lib/thumb/v7e-m+fp/hard\libc.a(lib_a-memcpy.o)
                0x0800523c                memcpy
 .text.memset   0x08005370       0xa0 y:/coen20/gcc/bin/../lib/gcc/arm-none-eabi/9.3.1/../../../../arm-none-eabi/lib/thumb/v7e-m+fp/hard\libc.a(lib_a-memset.o)
                0x08005370                memset
 .text.printf   0x08005410       0x28 y:/coen20/gcc/bin/../lib/gcc/arm-none-eabi/9.3.1/../../../../arm-none-eabi/lib/thumb/v7e-m+fp/hard\libc.a(lib_a-printf.o)
                0x08005410                printf
 .text._puts_r  0x08005438       0x9c y:/coen20/gcc/bin/../lib/gcc/arm-none-eabi/9.3.1/../../../../arm-none-eabi/lib/thumb/v7e-m+fp/hard\libc.a(lib_a-puts.o)
                0x08005438                _puts_r
 .text.puts     0x080054d4       0x10 y:/coen20/gcc/bin/../lib/gcc/arm-none-eabi/9.3.1/../../../../arm-none-eabi/lib/thumb/v7e-m+fp/hard\libc.a(lib_a-puts.o)
                0x080054d4                puts
 .text.sprintf  0x080054e4       0x44 y:/coen20/gcc/bin/../lib/gcc/arm-none-eabi/9.3.1/../../../../arm-none-eabi/lib/thumb/v7e-m+fp/hard\libc.a(lib_a-sprintf.o)
                0x080054e4                sprintf
 .text.strcpy   0x08005528       0xbc y:/coen20/gcc/bin/../lib/gcc/arm-none-eabi/9.3.1/../../../../arm-none-eabi/lib/thumb/v7e-m+fp/hard\libc.a(lib_a-strcpy.o)
                0x08005528                strcpy
 *fill*         0x080055e4       0x1c 
 .text          0x08005600       0xdc y:/coen20/gcc/bin/../lib/gcc/arm-none-eabi/9.3.1/../../../../arm-none-eabi/lib/thumb/v7e-m+fp/hard\libc.a(lib_a-strlen.o)
                0x08005600                strlen
 *fill*         0x080056dc        0x4 
 .text._svfprintf_r
                0x080056e0     0x1b38 y:/coen20/gcc/bin/../lib/gcc/arm-none-eabi/9.3.1/../../../../arm-none-eabi/lib/thumb/v7e-m+fp/hard\libc.a(lib_a-svfprintf.o)
                0x080056e0                _svfprintf_r
 .text._vfprintf_r
                0x08007218     0x1be0 y:/coen20/gcc/bin/../lib/gcc/arm-none-eabi/9.3.1/../../../../arm-none-eabi/lib/thumb/v7e-m+fp/hard\libc.a(lib_a-vfprintf.o)
                0x08007218                _vfprintf_r
 .text.__sbprintf
                0x08008df8       0x84 y:/coen20/gcc/bin/../lib/gcc/arm-none-eabi/9.3.1/../../../../arm-none-eabi/lib/thumb/v7e-m+fp/hard\libc.a(lib_a-vfprintf.o)
 .text.__swsetup_r
                0x08008e7c       0xd0 y:/coen20/gcc/bin/../lib/gcc/arm-none-eabi/9.3.1/../../../../arm-none-eabi/lib/thumb/v7e-m+fp/hard\libc.a(lib_a-wsetup.o)
                0x08008e7c                __swsetup_r
 .text.startup.register_fini
                0x08008f4c       0x14 y:/coen20/gcc/bin/../lib/gcc/arm-none-eabi/9.3.1/../../../../arm-none-eabi/lib/thumb/v7e-m+fp/hard\libc.a(lib_a-__call_atexit.o)
 .text.__call_exitprocs
                0x08008f60       0xcc y:/coen20/gcc/bin/../lib/gcc/arm-none-eabi/9.3.1/../../../../arm-none-eabi/lib/thumb/v7e-m+fp/hard\libc.a(lib_a-__call_atexit.o)
                0x08008f60                __call_exitprocs
 .text.atexit   0x0800902c        0xc y:/coen20/gcc/bin/../lib/gcc/arm-none-eabi/9.3.1/../../../../arm-none-eabi/lib/thumb/v7e-m+fp/hard\libc.a(lib_a-atexit.o)
                0x0800902c                atexit
 .text.quorem   0x08009038      0x11c y:/coen20/gcc/bin/../lib/gcc/arm-none-eabi/9.3.1/../../../../arm-none-eabi/lib/thumb/v7e-m+fp/hard\libc.a(lib_a-dtoa.o)
 *fill*         0x08009154        0x4 
 .text._dtoa_r  0x08009158      0xf44 y:/coen20/gcc/bin/../lib/gcc/arm-none-eabi/9.3.1/../../../../arm-none-eabi/lib/thumb/v7e-m+fp/hard\libc.a(lib_a-dtoa.o)
                0x08009158                _dtoa_r
 .text.__sflush_r
                0x0800a09c      0x130 y:/coen20/gcc/bin/../lib/gcc/arm-none-eabi/9.3.1/../../../../arm-none-eabi/lib/thumb/v7e-m+fp/hard\libc.a(lib_a-fflush.o)
                0x0800a09c                __sflush_r
 .text._fflush_r
                0x0800a1cc       0x5c y:/coen20/gcc/bin/../lib/gcc/arm-none-eabi/9.3.1/../../../../arm-none-eabi/lib/thumb/v7e-m+fp/hard\libc.a(lib_a-fflush.o)
                0x0800a1cc                _fflush_r
 .text.std      0x0800a228       0x50 y:/coen20/gcc/bin/../lib/gcc/arm-none-eabi/9.3.1/../../../../arm-none-eabi/lib/thumb/v7e-m+fp/hard\libc.a(lib_a-findfp.o)
 .text._cleanup_r
                0x0800a278        0xc y:/coen20/gcc/bin/../lib/gcc/arm-none-eabi/9.3.1/../../../../arm-none-eabi/lib/thumb/v7e-m+fp/hard\libc.a(lib_a-findfp.o)
                0x0800a278                _cleanup_r
 .text.__sinit  0x0800a284       0x54 y:/coen20/gcc/bin/../lib/gcc/arm-none-eabi/9.3.1/../../../../arm-none-eabi/lib/thumb/v7e-m+fp/hard\libc.a(lib_a-findfp.o)
                0x0800a284                __sinit
 .text.__sfp_lock_acquire
                0x0800a2d8        0xc y:/coen20/gcc/bin/../lib/gcc/arm-none-eabi/9.3.1/../../../../arm-none-eabi/lib/thumb/v7e-m+fp/hard\libc.a(lib_a-findfp.o)
                0x0800a2d8                __sfp_lock_acquire
 .text.__sfp_lock_release
                0x0800a2e4        0xc y:/coen20/gcc/bin/../lib/gcc/arm-none-eabi/9.3.1/../../../../arm-none-eabi/lib/thumb/v7e-m+fp/hard\libc.a(lib_a-findfp.o)
                0x0800a2e4                __sfp_lock_release
 .text.__libc_fini_array
                0x0800a2f0       0x2c y:/coen20/gcc/bin/../lib/gcc/arm-none-eabi/9.3.1/../../../../arm-none-eabi/lib/thumb/v7e-m+fp/hard\libc.a(lib_a-fini.o)
                0x0800a2f0                __libc_fini_array
 .text._malloc_trim_r
                0x0800a31c       0xa0 y:/coen20/gcc/bin/../lib/gcc/arm-none-eabi/9.3.1/../../../../arm-none-eabi/lib/thumb/v7e-m+fp/hard\libc.a(lib_a-freer.o)
                0x0800a31c                _malloc_trim_r
 .text._free_r  0x0800a3bc      0x208 y:/coen20/gcc/bin/../lib/gcc/arm-none-eabi/9.3.1/../../../../arm-none-eabi/lib/thumb/v7e-m+fp/hard\libc.a(lib_a-freer.o)
                0x0800a3bc                _free_r
 .text.__sfvwrite_r
                0x0800a5c4      0x2e0 y:/coen20/gcc/bin/../lib/gcc/arm-none-eabi/9.3.1/../../../../arm-none-eabi/lib/thumb/v7e-m+fp/hard\libc.a(lib_a-fvwrite.o)
                0x0800a5c4                __sfvwrite_r
 .text._fwalk_reent
                0x0800a8a4       0x48 y:/coen20/gcc/bin/../lib/gcc/arm-none-eabi/9.3.1/../../../../arm-none-eabi/lib/thumb/v7e-m+fp/hard\libc.a(lib_a-fwalk.o)
                0x0800a8a4                _fwalk_reent
 .text._localeconv_r
                0x0800a8ec        0x8 y:/coen20/gcc/bin/../lib/gcc/arm-none-eabi/9.3.1/../../../../arm-none-eabi/lib/thumb/v7e-m+fp/hard\libc.a(lib_a-localeconv.o)
                0x0800a8ec                _localeconv_r
 .text.__retarget_lock_init_recursive
                0x0800a8f4        0x4 y:/coen20/gcc/bin/../lib/gcc/arm-none-eabi/9.3.1/../../../../arm-none-eabi/lib/thumb/v7e-m+fp/hard\libc.a(lib_a-lock.o)
                0x0800a8f4                __retarget_lock_init_recursive
 .text.__retarget_lock_close_recursive
                0x0800a8f8        0x4 y:/coen20/gcc/bin/../lib/gcc/arm-none-eabi/9.3.1/../../../../arm-none-eabi/lib/thumb/v7e-m+fp/hard\libc.a(lib_a-lock.o)
                0x0800a8f8                __retarget_lock_close_recursive
 .text.__retarget_lock_acquire_recursive
                0x0800a8fc        0x4 y:/coen20/gcc/bin/../lib/gcc/arm-none-eabi/9.3.1/../../../../arm-none-eabi/lib/thumb/v7e-m+fp/hard\libc.a(lib_a-lock.o)
                0x0800a8fc                __retarget_lock_acquire_recursive
 .text.__retarget_lock_release_recursive
                0x0800a900        0x4 y:/coen20/gcc/bin/../lib/gcc/arm-none-eabi/9.3.1/../../../../arm-none-eabi/lib/thumb/v7e-m+fp/hard\libc.a(lib_a-lock.o)
                0x0800a900                __retarget_lock_release_recursive
 .text.__swhatbuf_r
                0x0800a904       0x5c y:/coen20/gcc/bin/../lib/gcc/arm-none-eabi/9.3.1/../../../../arm-none-eabi/lib/thumb/v7e-m+fp/hard\libc.a(lib_a-makebuf.o)
                0x0800a904                __swhatbuf_r
 .text.__smakebuf_r
                0x0800a960       0x98 y:/coen20/gcc/bin/../lib/gcc/arm-none-eabi/9.3.1/../../../../arm-none-eabi/lib/thumb/v7e-m+fp/hard\libc.a(lib_a-makebuf.o)
                0x0800a960                __smakebuf_r
 .text._malloc_r
                0x0800a9f8      0x574 y:/coen20/gcc/bin/../lib/gcc/arm-none-eabi/9.3.1/../../../../arm-none-eabi/lib/thumb/v7e-m+fp/hard\libc.a(lib_a-mallocr.o)
                0x0800a9f8                _malloc_r
 *fill*         0x0800af6c        0x4 
 .text          0x0800af70       0xa0 y:/coen20/gcc/bin/../lib/gcc/arm-none-eabi/9.3.1/../../../../arm-none-eabi/lib/thumb/v7e-m+fp/hard\libc.a(lib_a-memchr.o)
                0x0800af70                memchr
 .text.memmove  0x0800b010       0xd8 y:/coen20/gcc/bin/../lib/gcc/arm-none-eabi/9.3.1/../../../../arm-none-eabi/lib/thumb/v7e-m+fp/hard\libc.a(lib_a-memmove.o)
                0x0800b010                memmove
 .text.__malloc_lock
                0x0800b0e8        0xc y:/coen20/gcc/bin/../lib/gcc/arm-none-eabi/9.3.1/../../../../arm-none-eabi/lib/thumb/v7e-m+fp/hard\libc.a(lib_a-mlock.o)
                0x0800b0e8                __malloc_lock
 .text.__malloc_unlock
                0x0800b0f4        0xc y:/coen20/gcc/bin/../lib/gcc/arm-none-eabi/9.3.1/../../../../arm-none-eabi/lib/thumb/v7e-m+fp/hard\libc.a(lib_a-mlock.o)
                0x0800b0f4                __malloc_unlock
 .text._Balloc  0x0800b100       0x4c y:/coen20/gcc/bin/../lib/gcc/arm-none-eabi/9.3.1/../../../../arm-none-eabi/lib/thumb/v7e-m+fp/hard\libc.a(lib_a-mprec.o)
                0x0800b100                _Balloc
 .text._Bfree   0x0800b14c       0x14 y:/coen20/gcc/bin/../lib/gcc/arm-none-eabi/9.3.1/../../../../arm-none-eabi/lib/thumb/v7e-m+fp/hard\libc.a(lib_a-mprec.o)
                0x0800b14c                _Bfree
 .text.__multadd
                0x0800b160       0xac y:/coen20/gcc/bin/../lib/gcc/arm-none-eabi/9.3.1/../../../../arm-none-eabi/lib/thumb/v7e-m+fp/hard\libc.a(lib_a-mprec.o)
                0x0800b160                __multadd
 .text.__hi0bits
                0x0800b20c       0x40 y:/coen20/gcc/bin/../lib/gcc/arm-none-eabi/9.3.1/../../../../arm-none-eabi/lib/thumb/v7e-m+fp/hard\libc.a(lib_a-mprec.o)
                0x0800b20c                __hi0bits
 .text.__lo0bits
                0x0800b24c       0x60 y:/coen20/gcc/bin/../lib/gcc/arm-none-eabi/9.3.1/../../../../arm-none-eabi/lib/thumb/v7e-m+fp/hard\libc.a(lib_a-mprec.o)
                0x0800b24c                __lo0bits
 .text.__i2b    0x0800b2ac       0x2c y:/coen20/gcc/bin/../lib/gcc/arm-none-eabi/9.3.1/../../../../arm-none-eabi/lib/thumb/v7e-m+fp/hard\libc.a(lib_a-mprec.o)
                0x0800b2ac                __i2b
 .text.__multiply
                0x0800b2d8      0x160 y:/coen20/gcc/bin/../lib/gcc/arm-none-eabi/9.3.1/../../../../arm-none-eabi/lib/thumb/v7e-m+fp/hard\libc.a(lib_a-mprec.o)
                0x0800b2d8                __multiply
 .text.__pow5mult
                0x0800b438       0x98 y:/coen20/gcc/bin/../lib/gcc/arm-none-eabi/9.3.1/../../../../arm-none-eabi/lib/thumb/v7e-m+fp/hard\libc.a(lib_a-mprec.o)
                0x0800b438                __pow5mult
 .text.__lshift
                0x0800b4d0       0xe8 y:/coen20/gcc/bin/../lib/gcc/arm-none-eabi/9.3.1/../../../../arm-none-eabi/lib/thumb/v7e-m+fp/hard\libc.a(lib_a-mprec.o)
                0x0800b4d0                __lshift
 .text.__mcmp   0x0800b5b8       0x3c y:/coen20/gcc/bin/../lib/gcc/arm-none-eabi/9.3.1/../../../../arm-none-eabi/lib/thumb/v7e-m+fp/hard\libc.a(lib_a-mprec.o)
                0x0800b5b8                __mcmp
 .text.__mdiff  0x0800b5f4      0x148 y:/coen20/gcc/bin/../lib/gcc/arm-none-eabi/9.3.1/../../../../arm-none-eabi/lib/thumb/v7e-m+fp/hard\libc.a(lib_a-mprec.o)
                0x0800b5f4                __mdiff
 .text.__d2b    0x0800b73c       0xd0 y:/coen20/gcc/bin/../lib/gcc/arm-none-eabi/9.3.1/../../../../arm-none-eabi/lib/thumb/v7e-m+fp/hard\libc.a(lib_a-mprec.o)
                0x0800b73c                __d2b
 .text._realloc_r
                0x0800b80c      0x3e0 y:/coen20/gcc/bin/../lib/gcc/arm-none-eabi/9.3.1/../../../../arm-none-eabi/lib/thumb/v7e-m+fp/hard\libc.a(lib_a-reallocr.o)
                0x0800b80c                _realloc_r
 .text.frexp    0x0800bbec       0x6c y:/coen20/gcc/bin/../lib/gcc/arm-none-eabi/9.3.1/../../../../arm-none-eabi/lib/thumb/v7e-m+fp/hard\libc.a(lib_a-s_frexp.o)
                0x0800bbec                frexp
 .text._sbrk_r  0x0800bc58       0x24 y:/coen20/gcc/bin/../lib/gcc/arm-none-eabi/9.3.1/../../../../arm-none-eabi/lib/thumb/v7e-m+fp/hard\libc.a(lib_a-sbrkr.o)
                0x0800bc58                _sbrk_r
 .text.__sread  0x0800bc7c       0x24 y:/coen20/gcc/bin/../lib/gcc/arm-none-eabi/9.3.1/../../../../arm-none-eabi/lib/thumb/v7e-m+fp/hard\libc.a(lib_a-stdio.o)
                0x0800bc7c                __sread
 .text.__swrite
                0x0800bca0       0x40 y:/coen20/gcc/bin/../lib/gcc/arm-none-eabi/9.3.1/../../../../arm-none-eabi/lib/thumb/v7e-m+fp/hard\libc.a(lib_a-stdio.o)
                0x0800bca0                __swrite
 .text.__sseek  0x0800bce0       0x20 y:/coen20/gcc/bin/../lib/gcc/arm-none-eabi/9.3.1/../../../../arm-none-eabi/lib/thumb/v7e-m+fp/hard\libc.a(lib_a-stdio.o)
                0x0800bce0                __sseek
 .text.__sclose
                0x0800bd00        0x8 y:/coen20/gcc/bin/../lib/gcc/arm-none-eabi/9.3.1/../../../../arm-none-eabi/lib/thumb/v7e-m+fp/hard\libc.a(lib_a-stdio.o)
                0x0800bd00                __sclose
 .text.strncpy  0x0800bd08       0x68 y:/coen20/gcc/bin/../lib/gcc/arm-none-eabi/9.3.1/../../../../arm-none-eabi/lib/thumb/v7e-m+fp/hard\libc.a(lib_a-strncpy.o)
                0x0800bd08                strncpy
 .text.__ssprint_r
                0x0800bd70       0xf8 y:/coen20/gcc/bin/../lib/gcc/arm-none-eabi/9.3.1/../../../../arm-none-eabi/lib/thumb/v7e-m+fp/hard\libc.a(lib_a-svfiprintf.o)
                0x0800bd70                __ssprint_r
 .text.__sprint_r.part.0
                0x0800be68       0x78 y:/coen20/gcc/bin/../lib/gcc/arm-none-eabi/9.3.1/../../../../arm-none-eabi/lib/thumb/v7e-m+fp/hard\libc.a(lib_a-vfiprintf.o)
 .text.__sprint_r
                0x0800bee0       0x18 y:/coen20/gcc/bin/../lib/gcc/arm-none-eabi/9.3.1/../../../../arm-none-eabi/lib/thumb/v7e-m+fp/hard\libc.a(lib_a-vfiprintf.o)
                0x0800bee0                __sprint_r
 .text._vfiprintf_r
                0x0800bef8      0xd4c y:/coen20/gcc/bin/../lib/gcc/arm-none-eabi/9.3.1/../../../../arm-none-eabi/lib/thumb/v7e-m+fp/hard\libc.a(lib_a-vfiprintf.o)
                0x0800bef8                _vfiprintf_r
 .text.__sbprintf
                0x0800cc44       0x84 y:/coen20/gcc/bin/../lib/gcc/arm-none-eabi/9.3.1/../../../../arm-none-eabi/lib/thumb/v7e-m+fp/hard\libc.a(lib_a-vfiprintf.o)
 .text._write_r
                0x0800ccc8       0x2c y:/coen20/gcc/bin/../lib/gcc/arm-none-eabi/9.3.1/../../../../arm-none-eabi/lib/thumb/v7e-m+fp/hard\libc.a(lib_a-writer.o)
                0x0800ccc8                _write_r
 .text.__register_exitproc
                0x0800ccf4       0x8c y:/coen20/gcc/bin/../lib/gcc/arm-none-eabi/9.3.1/../../../../arm-none-eabi/lib/thumb/v7e-m+fp/hard\libc.a(lib_a-__atexit.o)
                0x0800ccf4                __register_exitproc
 .text.__assert_func
                0x0800cd80       0x3c y:/coen20/gcc/bin/../lib/gcc/arm-none-eabi/9.3.1/../../../../arm-none-eabi/lib/thumb/v7e-m+fp/hard\libc.a(lib_a-assert.o)
                0x0800cd80                __assert_func
 .text._calloc_r
                0x0800cdbc       0x60 y:/coen20/gcc/bin/../lib/gcc/arm-none-eabi/9.3.1/../../../../arm-none-eabi/lib/thumb/v7e-m+fp/hard\libc.a(lib_a-callocr.o)
                0x0800cdbc                _calloc_r
 .text._close_r
                0x0800ce1c       0x24 y:/coen20/gcc/bin/../lib/gcc/arm-none-eabi/9.3.1/../../../../arm-none-eabi/lib/thumb/v7e-m+fp/hard\libc.a(lib_a-closer.o)
                0x0800ce1c                _close_r
 .text._fclose_r
                0x0800ce40       0xcc y:/coen20/gcc/bin/../lib/gcc/arm-none-eabi/9.3.1/../../../../arm-none-eabi/lib/thumb/v7e-m+fp/hard\libc.a(lib_a-fclose.o)
                0x0800ce40                _fclose_r
 .text.fiprintf
                0x0800cf0c       0x28 y:/coen20/gcc/bin/../lib/gcc/arm-none-eabi/9.3.1/../../../../arm-none-eabi/lib/thumb/v7e-m+fp/hard\libc.a(lib_a-fiprintf.o)
                0x0800cf0c                fiprintf
 .text.__fputwc
                0x0800cf34       0xa8 y:/coen20/gcc/bin/../lib/gcc/arm-none-eabi/9.3.1/../../../../arm-none-eabi/lib/thumb/v7e-m+fp/hard\libc.a(lib_a-fputwc.o)
                0x0800cf34                __fputwc
 .text._fputwc_r
                0x0800cfdc       0x68 y:/coen20/gcc/bin/../lib/gcc/arm-none-eabi/9.3.1/../../../../arm-none-eabi/lib/thumb/v7e-m+fp/hard\libc.a(lib_a-fputwc.o)
                0x0800cfdc                _fputwc_r
 .text._fstat_r
                0x0800d044       0x2c y:/coen20/gcc/bin/../lib/gcc/arm-none-eabi/9.3.1/../../../../arm-none-eabi/lib/thumb/v7e-m+fp/hard\libc.a(lib_a-fstatr.o)
                0x0800d044                _fstat_r
 .text._isatty_r
                0x0800d070       0x24 y:/coen20/gcc/bin/../lib/gcc/arm-none-eabi/9.3.1/../../../../arm-none-eabi/lib/thumb/v7e-m+fp/hard\libc.a(lib_a-isattyr.o)
                0x0800d070                _isatty_r
 .text.__locale_mb_cur_max
                0x0800d094        0xc y:/coen20/gcc/bin/../lib/gcc/arm-none-eabi/9.3.1/../../../../arm-none-eabi/lib/thumb/v7e-m+fp/hard\libc.a(lib_a-locale.o)
                0x0800d094                __locale_mb_cur_max
 .text._lseek_r
                0x0800d0a0       0x2c y:/coen20/gcc/bin/../lib/gcc/arm-none-eabi/9.3.1/../../../../arm-none-eabi/lib/thumb/v7e-m+fp/hard\libc.a(lib_a-lseekr.o)
                0x0800d0a0                _lseek_r
 .text.__ascii_mbtowc
                0x0800d0cc       0x2c y:/coen20/gcc/bin/../lib/gcc/arm-none-eabi/9.3.1/../../../../arm-none-eabi/lib/thumb/v7e-m+fp/hard\libc.a(lib_a-mbtowc_r.o)
                0x0800d0cc                __ascii_mbtowc
 .text._read_r  0x0800d0f8       0x2c y:/coen20/gcc/bin/../lib/gcc/arm-none-eabi/9.3.1/../../../../arm-none-eabi/lib/thumb/v7e-m+fp/hard\libc.a(lib_a-readr.o)
                0x0800d0f8                _read_r
 .text.__swbuf_r
                0x0800d124       0xb0 y:/coen20/gcc/bin/../lib/gcc/arm-none-eabi/9.3.1/../../../../arm-none-eabi/lib/thumb/v7e-m+fp/hard\libc.a(lib_a-wbuf.o)
                0x0800d124                __swbuf_r
 .text._wcrtomb_r
                0x0800d1d4       0x3c y:/coen20/gcc/bin/../lib/gcc/arm-none-eabi/9.3.1/../../../../arm-none-eabi/lib/thumb/v7e-m+fp/hard\libc.a(lib_a-wcrtomb.o)
                0x0800d1d4                _wcrtomb_r
 .text.__ascii_wctomb
                0x0800d210       0x1c y:/coen20/gcc/bin/../lib/gcc/arm-none-eabi/9.3.1/../../../../arm-none-eabi/lib/thumb/v7e-m+fp/hard\libc.a(lib_a-wctomb_r.o)
                0x0800d210                __ascii_wctomb
 .text.abort    0x0800d22c       0x10 y:/coen20/gcc/bin/../lib/gcc/arm-none-eabi/9.3.1/../../../../arm-none-eabi/lib/thumb/v7e-m+fp/hard\libc.a(lib_a-abort.o)
                0x0800d22c                abort
 .text._raise_r
                0x0800d23c       0x58 y:/coen20/gcc/bin/../lib/gcc/arm-none-eabi/9.3.1/../../../../arm-none-eabi/lib/thumb/v7e-m+fp/hard\libc.a(lib_a-signal.o)
                0x0800d23c                _raise_r
 .text.raise    0x0800d294       0x10 y:/coen20/gcc/bin/../lib/gcc/arm-none-eabi/9.3.1/../../../../arm-none-eabi/lib/thumb/v7e-m+fp/hard\libc.a(lib_a-signal.o)
                0x0800d294                raise
 .text._kill_r  0x0800d2a4       0x2c y:/coen20/gcc/bin/../lib/gcc/arm-none-eabi/9.3.1/../../../../arm-none-eabi/lib/thumb/v7e-m+fp/hard\libc.a(lib_a-signalr.o)
                0x0800d2a4                _kill_r
 .text._getpid_r
                0x0800d2d0        0x4 y:/coen20/gcc/bin/../lib/gcc/arm-none-eabi/9.3.1/../../../../arm-none-eabi/lib/thumb/v7e-m+fp/hard\libc.a(lib_a-signalr.o)
                0x0800d2d0                _getpid_r
 .text._sbrk    0x0800d2d4       0x1c y:/coen20/gcc/bin/../lib/gcc/arm-none-eabi/9.3.1/../../../../arm-none-eabi/lib/thumb/v7e-m+fp/hard\libnosys.a(sbrk.o)
                0x0800d2d4                _sbrk
 .text._exit    0x0800d2f0        0x4 y:/coen20/gcc/bin/../lib/gcc/arm-none-eabi/9.3.1/../../../../arm-none-eabi/lib/thumb/v7e-m+fp/hard\libnosys.a(_exit.o)
                0x0800d2f0                _exit
 .text          0x0800d2f4      0x378 y:/coen20/gcc/bin/../lib/gcc/arm-none-eabi/9.3.1/thumb/v7e-m+fp/hard\libgcc.a(_arm_addsubdf3.o)
                0x0800d2f4                __aeabi_drsub
                0x0800d2fc                __aeabi_dsub
                0x0800d2fc                __subdf3
                0x0800d300                __aeabi_dadd
                0x0800d300                __adddf3
                0x0800d578                __floatunsidf
                0x0800d578                __aeabi_ui2d
                0x0800d598                __floatsidf
                0x0800d598                __aeabi_i2d
                0x0800d5bc                __aeabi_f2d
                0x0800d5bc                __extendsfdf2
                0x0800d600                __floatundidf
                0x0800d600                __aeabi_ul2d
                0x0800d610                __floatdidf
                0x0800d610                __aeabi_l2d
 .text          0x0800d66c      0x424 y:/coen20/gcc/bin/../lib/gcc/arm-none-eabi/9.3.1/thumb/v7e-m+fp/hard\libgcc.a(_arm_muldivdf3.o)
                0x0800d66c                __aeabi_dmul
                0x0800d66c                __muldf3
                0x0800d8c0                __divdf3
                0x0800d8c0                __aeabi_ddiv
 .text          0x0800da90      0x110 y:/coen20/gcc/bin/../lib/gcc/arm-none-eabi/9.3.1/thumb/v7e-m+fp/hard\libgcc.a(_arm_cmpdf2.o)
                0x0800da90                __gtdf2
                0x0800da90                __gedf2
                0x0800da98                __ltdf2
                0x0800da98                __ledf2
                0x0800daa0                __nedf2
                0x0800daa0                __eqdf2
                0x0800daa0                __cmpdf2
                0x0800db1c                __aeabi_cdrcmple
                0x0800db2c                __aeabi_cdcmpeq
                0x0800db2c                __aeabi_cdcmple
                0x0800db3c                __aeabi_dcmpeq
                0x0800db50                __aeabi_dcmplt
                0x0800db64                __aeabi_dcmple
                0x0800db78                __aeabi_dcmpge
                0x0800db8c                __aeabi_dcmpgt
 .text          0x0800dba0       0x2c y:/coen20/gcc/bin/../lib/gcc/arm-none-eabi/9.3.1/thumb/v7e-m+fp/hard\libgcc.a(_arm_unorddf2.o)
                0x0800dba0                __unorddf2
                0x0800dba0                __aeabi_dcmpun
 .text          0x0800dbcc       0x50 y:/coen20/gcc/bin/../lib/gcc/arm-none-eabi/9.3.1/thumb/v7e-m+fp/hard\libgcc.a(_arm_fixdfsi.o)
                0x0800dbcc                __aeabi_d2iz
                0x0800dbcc                __fixdfsi
 .text          0x0800dc1c       0x30 y:/coen20/gcc/bin/../lib/gcc/arm-none-eabi/9.3.1/thumb/v7e-m+fp/hard\libgcc.a(_aeabi_uldivmod.o)
                0x0800dc1c                __aeabi_uldivmod
 .text          0x0800dc4c      0x2c4 y:/coen20/gcc/bin/../lib/gcc/arm-none-eabi/9.3.1/thumb/v7e-m+fp/hard\libgcc.a(_udivmoddi4.o)
                0x0800dc4c                __udivmoddi4
 .text          0x0800df10        0x4 y:/coen20/gcc/bin/../lib/gcc/arm-none-eabi/9.3.1/thumb/v7e-m+fp/hard\libgcc.a(_dvmd_tls.o)
                0x0800df10                __aeabi_idiv0
                0x0800df10                __aeabi_ldiv0
 *(.init)
 .init          0x0800df14        0x4 y:/coen20/gcc/bin/../lib/gcc/arm-none-eabi/9.3.1/thumb/v7e-m+fp/hard/crti.o
                0x0800df14                _init
 .init          0x0800df18        0x8 y:/coen20/gcc/bin/../lib/gcc/arm-none-eabi/9.3.1/thumb/v7e-m+fp/hard/crtn.o
 *(.fini)
 .fini          0x0800df20        0x4 y:/coen20/gcc/bin/../lib/gcc/arm-none-eabi/9.3.1/thumb/v7e-m+fp/hard/crti.o
                0x0800df20                _fini
 .fini          0x0800df24        0x8 y:/coen20/gcc/bin/../lib/gcc/arm-none-eabi/9.3.1/thumb/v7e-m+fp/hard/crtn.o
 *crtbegin.o(.ctors)
 *crtbegin?.o(.ctors)
 *(EXCLUDE_FILE(*crtend.o *crtend?.o) .ctors)
 *(SORT_BY_NAME(.ctors.*))
 *(.ctors)
 *crtbegin.o(.dtors)
 *crtbegin?.o(.dtors)
 *(EXCLUDE_FILE(*crtend.o *crtend?.o) .dtors)
 *(SORT_BY_NAME(.dtors.*))
 *(.dtors)
 *(.rodata*)
 .rodata        0x0800df2c      0x19e obj/Lab7E-Main-c.o
 .rodata.DisplayHeader.str1.1
                0x0800e0ca       0x27 library.a(initialize.o)
 .rodata._write.str1.1
                0x0800e0f1       0x27 library.a(initialize.o)
                                  0x1 (size before relaxing)
 .rodata.Font12_Table
                0x0800e0f1      0x474 library.a(stm32f429i_discovery_lcd.o)
                0x0800e0f1                Font12_Table
 .rodata.Font16_Table
                0x0800e565      0xbe0 library.a(stm32f429i_discovery_lcd.o)
                0x0800e565                Font16_Table
 .rodata.Font24_Table
                0x0800f145     0x1ab8 library.a(stm32f429i_discovery_lcd.o)
                0x0800f145                Font24_Table
 .rodata.CSWTCH.4
                0x08010bfd        0x7 library.a(stm32f4xx_hal_ltdc.o)
 .rodata.APBAHBPrescTable
                0x08010c04       0x10 library.a(stm32f4xx_hal_rcc.o)
                0x08010c04                APBAHBPrescTable
 .rodata.SVC_Label.str1.1
                0x08010c14        0xe library.a(svcHandler.o)
 .rodata.F32.str1.1
                0x08010c22       0x20 library.a(svcHandler.o)
 .rodata.FlPtRegs.str1.1
                0x08010c42       0x1a library.a(svcHandler.o)
 .rodata._MemManageHandler.str1.1
                0x08010c5c       0x10 library.a(svcHandler.o)
 .rodata._BusFault_Handler.str1.1
                0x08010c6c        0xb library.a(svcHandler.o)
 .rodata._HardFault_Handler.str1.1
                0x08010c77        0xc library.a(svcHandler.o)
 .rodata._UsageFault_Handler.str1.1
                0x08010c83       0x76 library.a(svcHandler.o)
 .rodata.SVC_Exception.str1.1
                0x08010cf9       0x15 library.a(svcHandler.o)
 .rodata.str1.1
                0x08010d0e      0x11e library.a(svcHandler.o)
 .rodata._global_impure_ptr
                0x08010e2c        0x4 y:/coen20/gcc/bin/../lib/gcc/arm-none-eabi/9.3.1/../../../../arm-none-eabi/lib/thumb/v7e-m+fp/hard\libc.a(lib_a-impure.o)
                0x08010e2c                _global_impure_ptr
 .rodata._puts_r.str1.4
                0x08010e30        0x2 y:/coen20/gcc/bin/../lib/gcc/arm-none-eabi/9.3.1/../../../../arm-none-eabi/lib/thumb/v7e-m+fp/hard\libc.a(lib_a-puts.o)
 *fill*         0x08010e32        0x2 
 .rodata._svfprintf_r.str1.4
                0x08010e34       0x42 y:/coen20/gcc/bin/../lib/gcc/arm-none-eabi/9.3.1/../../../../arm-none-eabi/lib/thumb/v7e-m+fp/hard\libc.a(lib_a-svfprintf.o)
 *fill*         0x08010e76        0x2 
 .rodata.blanks.8698
                0x08010e78       0x10 y:/coen20/gcc/bin/../lib/gcc/arm-none-eabi/9.3.1/../../../../arm-none-eabi/lib/thumb/v7e-m+fp/hard\libc.a(lib_a-svfprintf.o)
 .rodata.zeroes.8699
                0x08010e88       0x10 y:/coen20/gcc/bin/../lib/gcc/arm-none-eabi/9.3.1/../../../../arm-none-eabi/lib/thumb/v7e-m+fp/hard\libc.a(lib_a-svfprintf.o)
 .rodata._vfprintf_r.str1.4
                0x08010e98       0x42 y:/coen20/gcc/bin/../lib/gcc/arm-none-eabi/9.3.1/../../../../arm-none-eabi/lib/thumb/v7e-m+fp/hard\libc.a(lib_a-vfprintf.o)
 .rodata.blanks.8713
                0x08010e98       0x10 y:/coen20/gcc/bin/../lib/gcc/arm-none-eabi/9.3.1/../../../../arm-none-eabi/lib/thumb/v7e-m+fp/hard\libc.a(lib_a-vfprintf.o)
 .rodata.zeroes.8714
                0x08010ea8       0x10 y:/coen20/gcc/bin/../lib/gcc/arm-none-eabi/9.3.1/../../../../arm-none-eabi/lib/thumb/v7e-m+fp/hard\libc.a(lib_a-vfprintf.o)
 .rodata._dtoa_r.str1.4
                0x08010eb8       0xa0 y:/coen20/gcc/bin/../lib/gcc/arm-none-eabi/9.3.1/../../../../arm-none-eabi/lib/thumb/v7e-m+fp/hard\libc.a(lib_a-dtoa.o)
                                 0xa4 (size before relaxing)
 .rodata.__multadd.str1.4
                0x08010f58       0x7d y:/coen20/gcc/bin/../lib/gcc/arm-none-eabi/9.3.1/../../../../arm-none-eabi/lib/thumb/v7e-m+fp/hard\libc.a(lib_a-mprec.o)
                                 0x91 (size before relaxing)
 *fill*         0x08010fd5        0x3 
 .rodata.__mprec_bigtens
                0x08010fd8       0x28 y:/coen20/gcc/bin/../lib/gcc/arm-none-eabi/9.3.1/../../../../arm-none-eabi/lib/thumb/v7e-m+fp/hard\libc.a(lib_a-mprec.o)
                0x08010fd8                __mprec_bigtens
 .rodata.__mprec_tens
                0x08011000       0xc8 y:/coen20/gcc/bin/../lib/gcc/arm-none-eabi/9.3.1/../../../../arm-none-eabi/lib/thumb/v7e-m+fp/hard\libc.a(lib_a-mprec.o)
                0x08011000                __mprec_tens
 .rodata.p05.7485
                0x080110c8        0xc y:/coen20/gcc/bin/../lib/gcc/arm-none-eabi/9.3.1/../../../../arm-none-eabi/lib/thumb/v7e-m+fp/hard\libc.a(lib_a-mprec.o)
 .rodata._vfiprintf_r.str1.4
                0x080110d4       0x2f y:/coen20/gcc/bin/../lib/gcc/arm-none-eabi/9.3.1/../../../../arm-none-eabi/lib/thumb/v7e-m+fp/hard\libc.a(lib_a-vfiprintf.o)
 .rodata.blanks.8691
                0x080110d4       0x10 y:/coen20/gcc/bin/../lib/gcc/arm-none-eabi/9.3.1/../../../../arm-none-eabi/lib/thumb/v7e-m+fp/hard\libc.a(lib_a-vfiprintf.o)
 .rodata.zeroes.8692
                0x080110e4       0x10 y:/coen20/gcc/bin/../lib/gcc/arm-none-eabi/9.3.1/../../../../arm-none-eabi/lib/thumb/v7e-m+fp/hard\libc.a(lib_a-vfiprintf.o)
 .rodata.__assert_func.str1.4
                0x080110f4       0x3f y:/coen20/gcc/bin/../lib/gcc/arm-none-eabi/9.3.1/../../../../arm-none-eabi/lib/thumb/v7e-m+fp/hard\libc.a(lib_a-assert.o)
                                 0x43 (size before relaxing)
 *fill*         0x08011133        0x1 
 .rodata._setlocale_r.str1.4
                0x08011134        0xa y:/coen20/gcc/bin/../lib/gcc/arm-none-eabi/9.3.1/../../../../arm-none-eabi/lib/thumb/v7e-m+fp/hard\libc.a(lib_a-locale.o)
                                  0xd (size before relaxing)
 *fill*         0x0801113e        0x2 
 .rodata.str1.4
                0x08011140        0x2 y:/coen20/gcc/bin/../lib/gcc/arm-none-eabi/9.3.1/../../../../arm-none-eabi/lib/thumb/v7e-m+fp/hard\libc.a(lib_a-locale.o)
 *fill*         0x08011142        0x2 
 .rodata._ctype_
                0x08011144      0x101 y:/coen20/gcc/bin/../lib/gcc/arm-none-eabi/9.3.1/../../../../arm-none-eabi/lib/thumb/v7e-m+fp/hard\libc.a(lib_a-ctype_.o)
                0x08011144                _ctype_
 *(.eh_frame*)
 *fill*         0x08011245        0x3 
 .eh_frame      0x08011248        0x0 y:/coen20/gcc/bin/../lib/gcc/arm-none-eabi/9.3.1/thumb/v7e-m+fp/hard/crtbegin.o
 .eh_frame      0x08011248        0x4 y:/coen20/gcc/bin/../lib/gcc/arm-none-eabi/9.3.1/thumb/v7e-m+fp/hard/crtend.o

.glue_7         0x0801124c        0x0
 .glue_7        0x0801124c        0x0 linker stubs

.glue_7t        0x0801124c        0x0
 .glue_7t       0x0801124c        0x0 linker stubs

.vfp11_veneer   0x0801124c        0x0
 .vfp11_veneer  0x0801124c        0x0 linker stubs

.v4_bx          0x0801124c        0x0
 .v4_bx         0x0801124c        0x0 linker stubs

.iplt           0x0801124c        0x0
 .iplt          0x0801124c        0x0 y:/coen20/gcc/bin/../lib/gcc/arm-none-eabi/9.3.1/thumb/v7e-m+fp/hard/crtbegin.o

.ARM.extab
 *(.ARM.extab* .gnu.linkonce.armextab.*)
                0x0801124c                __exidx_start = .

.ARM.exidx      0x0801124c        0x8
 *(.ARM.exidx* .gnu.linkonce.armexidx.*)
 .ARM.exidx     0x0801124c        0x8 y:/coen20/gcc/bin/../lib/gcc/arm-none-eabi/9.3.1/../../../../arm-none-eabi/lib/thumb/v7e-m+fp/hard/crt0.o
                                 0x10 (size before relaxing)
 .ARM.exidx     0x08011254        0x0 y:/coen20/gcc/bin/../lib/gcc/arm-none-eabi/9.3.1/thumb/v7e-m+fp/hard\libgcc.a(_udivmoddi4.o)
                                  0x8 (size before relaxing)
                0x08011254                __exidx_end = .
                0x08011254                __etext = .

.rel.dyn        0x08011254        0x0
 .rel.iplt      0x08011254        0x0 y:/coen20/gcc/bin/../lib/gcc/arm-none-eabi/9.3.1/thumb/v7e-m+fp/hard/crtbegin.o

.data           0x20000000      0xbd8 load address 0x08011254
                0x20000000                __data_start__ = .
 *(vtable)
 *(.data*)
 .data.ShapesArray
                0x20000000       0x8c obj/Lab7E-Main-c.o
 .data.colors.6739
                0x2000008c       0x1c obj/Lab7E-Main-c.o
 .data.msg.6867
                0x200000a8       0x24 obj/Lab7E-Main-c.o
 .data.BUTTON_PORT
                0x200000cc        0x4 library.a(stm32f429i_discovery.o)
                0x200000cc                BUTTON_PORT
 .data.SpixTimeout
                0x200000d0        0x4 library.a(stm32f429i_discovery.o)
                0x200000d0                SpixTimeout
 .data.Font12   0x200000d4        0x8 library.a(stm32f429i_discovery_lcd.o)
                0x200000d4                Font12
 .data.Font16   0x200000dc        0x8 library.a(stm32f429i_discovery_lcd.o)
                0x200000dc                Font16
 .data.Font24   0x200000e4        0x8 library.a(stm32f429i_discovery_lcd.o)
                0x200000e4                Font24
 .data.context.0
                0x200000ec       0x20 library.a(svcHandler.o)
 .data.context.1
                0x2000010c       0x20 library.a(svcHandler.o)
 .data.context.3
                0x2000012c       0x20 library.a(svcHandler.o)
 .data.context.6
                0x2000014c       0x20 library.a(svcHandler.o)
 .data.lines.2  0x2000016c       0x30 library.a(svcHandler.o)
 .data.lines.5  0x2000019c       0x40 library.a(svcHandler.o)
 .data.SystemCoreClock
                0x200001dc        0x4 library.a(system_stm32f4xx.o)
                0x200001dc                SystemCoreClock
 .data.ili9341_drv
                0x200001e0       0x38 library.a(ili9341.o)
                0x200001e0                ili9341_drv
 .data._impure_ptr
                0x20000218        0x4 y:/coen20/gcc/bin/../lib/gcc/arm-none-eabi/9.3.1/../../../../arm-none-eabi/lib/thumb/v7e-m+fp/hard\libc.a(lib_a-impure.o)
                0x20000218                _impure_ptr
 *fill*         0x2000021c        0x4 
 .data.impure_data
                0x20000220      0x428 y:/coen20/gcc/bin/../lib/gcc/arm-none-eabi/9.3.1/../../../../arm-none-eabi/lib/thumb/v7e-m+fp/hard\libc.a(lib_a-impure.o)
 .data.__atexit_recursive_mutex
                0x20000648        0x4 y:/coen20/gcc/bin/../lib/gcc/arm-none-eabi/9.3.1/../../../../arm-none-eabi/lib/thumb/v7e-m+fp/hard\libc.a(lib_a-__call_atexit.o)
                0x20000648                __atexit_recursive_mutex
 .data.__malloc_av_
                0x2000064c      0x408 y:/coen20/gcc/bin/../lib/gcc/arm-none-eabi/9.3.1/../../../../arm-none-eabi/lib/thumb/v7e-m+fp/hard\libc.a(lib_a-mallocr.o)
                0x2000064c                __malloc_av_
 .data.__malloc_sbrk_base
                0x20000a54        0x4 y:/coen20/gcc/bin/../lib/gcc/arm-none-eabi/9.3.1/../../../../arm-none-eabi/lib/thumb/v7e-m+fp/hard\libc.a(lib_a-mallocr.o)
                0x20000a54                __malloc_sbrk_base
 .data.__malloc_trim_threshold
                0x20000a58        0x4 y:/coen20/gcc/bin/../lib/gcc/arm-none-eabi/9.3.1/../../../../arm-none-eabi/lib/thumb/v7e-m+fp/hard\libc.a(lib_a-mallocr.o)
                0x20000a58                __malloc_trim_threshold
 .data.__global_locale
                0x20000a5c      0x16c y:/coen20/gcc/bin/../lib/gcc/arm-none-eabi/9.3.1/../../../../arm-none-eabi/lib/thumb/v7e-m+fp/hard\libc.a(lib_a-locale.o)
                0x20000a5c                __global_locale
                0x20000bc8                . = ALIGN (0x4)
                0x20000bc8                PROVIDE (__preinit_array_start = .)
 *(.preinit_array)
                0x20000bc8                PROVIDE (__preinit_array_end = .)
                0x20000bc8                . = ALIGN (0x4)
                0x20000bc8                PROVIDE (__init_array_start = .)
 *(SORT_BY_NAME(.init_array.*))
 .init_array.00000
                0x20000bc8        0x4 y:/coen20/gcc/bin/../lib/gcc/arm-none-eabi/9.3.1/../../../../arm-none-eabi/lib/thumb/v7e-m+fp/hard\libc.a(lib_a-__call_atexit.o)
 *(.init_array)
 .init_array    0x20000bcc        0x4 y:/coen20/gcc/bin/../lib/gcc/arm-none-eabi/9.3.1/thumb/v7e-m+fp/hard/crtbegin.o
                0x20000bd0                PROVIDE (__init_array_end = .)
                0x20000bd0                . = ALIGN (0x8)
                0x20000bd0                PROVIDE (__fini_array_start = .)
 *(SORT_BY_NAME(.fini_array.*))
 *(.fini_array)
 .fini_array    0x20000bd0        0x4 y:/coen20/gcc/bin/../lib/gcc/arm-none-eabi/9.3.1/thumb/v7e-m+fp/hard/crtbegin.o
                0x20000bd4                PROVIDE (__fini_array_end = .)
                0x20000bd8                . = ALIGN (0x8)
 *fill*         0x20000bd4        0x4 
                0x20000bd8                __data_end__ = .

.igot.plt       0x20000bd8        0x0 load address 0x08011e2c
 .igot.plt      0x20000bd8        0x0 y:/coen20/gcc/bin/../lib/gcc/arm-none-eabi/9.3.1/thumb/v7e-m+fp/hard/crtbegin.o

.bss            0x20000bd8    0x1cfd8 load address 0x08011e2c
                0x20000bd8                __bss_start__ = .
 *(.bss*)
 .bss           0x20000bd8       0x1c y:/coen20/gcc/bin/../lib/gcc/arm-none-eabi/9.3.1/thumb/v7e-m+fp/hard/crtbegin.o
 .bss.GameOn    0x20000bf4        0x1 obj/Lab7E-Main-c.o
 *fill*         0x20000bf5        0x3 
 .bss.Table     0x20000bf8      0x440 obj/Lab7E-Main-c.o
 .bss.bits.6851
                0x20001038        0x4 obj/Lab7E-Main-c.o
 .bss.current   0x2000103c       0x14 obj/Lab7E-Main-c.o
 .bss.dps.6699  0x20001050        0xc obj/Lab7E-Main-c.o
 .bss.prev_color.6741
                0x2000105c        0x4 obj/Lab7E-Main-c.o
 .bss.prev_shape.6740
                0x20001060        0x4 obj/Lab7E-Main-c.o
 .bss.score     0x20001064        0x4 obj/Lab7E-Main-c.o
 .bss.temp      0x20001068       0x14 obj/Lab7E-Main-c.o
 .bss.buffer    0x2000107c      0x620 library.a(initialize.o)
 .bss.txtCol    0x2000169c        0x4 library.a(initialize.o)
 .bss.txtRow    0x200016a0        0x4 library.a(initialize.o)
 .bss.Is_LCD_IO_Initialized
                0x200016a4        0x1 library.a(stm32f429i_discovery.o)
 *fill*         0x200016a5        0x3 
 .bss.SpiHandle
                0x200016a8       0x58 library.a(stm32f429i_discovery.o)
 .bss.ActiveLayer
                0x20001700        0x4 library.a(stm32f429i_discovery_lcd.o)
 .bss.Dma2dHandler
                0x20001704       0x40 library.a(stm32f429i_discovery_lcd.o)
 .bss.DrawProp  0x20001744       0x18 library.a(stm32f429i_discovery_lcd.o)
 .bss.LcdDrv    0x2000175c        0x4 library.a(stm32f429i_discovery_lcd.o)
                0x2000175c                LcdDrv
 .bss.LtdcHandler
                0x20001760       0xa8 library.a(stm32f429i_discovery_lcd.o)
 .bss.PeriphClkInitStruct
                0x20001808       0x30 library.a(stm32f429i_discovery_lcd.o)
 .bss.Command   0x20001838       0x10 library.a(stm32f429i_discovery_sdram.o)
 .bss.SdramHandle
                0x20001848       0x34 library.a(stm32f429i_discovery_sdram.o)
 .bss.Timing    0x2000187c       0x1c library.a(stm32f429i_discovery_sdram.o)
 .bss.dmaHandle.0
                0x20001898       0x50 library.a(stm32f429i_discovery_sdram.o)
 .bss.uwTick    0x200018e8        0x4 library.a(stm32f4xx_hal.o)
 .bss.rgb       0x200018ec    0x1c200 library.a(svcHandler.o)
                0x200018ec                rgb
 .bss.text.4    0x2001daec       0x64 library.a(svcHandler.o)
 .bss.__malloc_current_mallinfo
                0x2001db50       0x28 y:/coen20/gcc/bin/../lib/gcc/arm-none-eabi/9.3.1/../../../../arm-none-eabi/lib/thumb/v7e-m+fp/hard\libc.a(lib_a-mallocr.o)
                0x2001db50                __malloc_current_mallinfo
 .bss.__malloc_max_sbrked_mem
                0x2001db78        0x4 y:/coen20/gcc/bin/../lib/gcc/arm-none-eabi/9.3.1/../../../../arm-none-eabi/lib/thumb/v7e-m+fp/hard\libc.a(lib_a-mallocr.o)
                0x2001db78                __malloc_max_sbrked_mem
 .bss.__malloc_max_total_mem
                0x2001db7c        0x4 y:/coen20/gcc/bin/../lib/gcc/arm-none-eabi/9.3.1/../../../../arm-none-eabi/lib/thumb/v7e-m+fp/hard\libc.a(lib_a-mallocr.o)
                0x2001db7c                __malloc_max_total_mem
 .bss.__malloc_top_pad
                0x2001db80        0x4 y:/coen20/gcc/bin/../lib/gcc/arm-none-eabi/9.3.1/../../../../arm-none-eabi/lib/thumb/v7e-m+fp/hard\libc.a(lib_a-mallocr.o)
                0x2001db80                __malloc_top_pad
 .bss.heap_end.5507
                0x2001db84        0x4 y:/coen20/gcc/bin/../lib/gcc/arm-none-eabi/9.3.1/../../../../arm-none-eabi/lib/thumb/v7e-m+fp/hard\libnosys.a(sbrk.o)
 *(COMMON)
 COMMON         0x2001db88       0x21 y:/coen20/gcc/bin/../lib/gcc/arm-none-eabi/9.3.1/../../../../arm-none-eabi/lib/thumb/v7e-m+fp/hard\libc.a(lib_a-lock.o)
                0x2001db88                __lock___atexit_recursive_mutex
                0x2001db8c                __lock___arc4random_mutex
                0x2001db90                __lock___env_recursive_mutex
                0x2001db94                __lock___sinit_recursive_mutex
                0x2001db98                __lock___malloc_recursive_mutex
                0x2001db9c                __lock___at_quick_exit_mutex
                0x2001dba0                __lock___dd_hash_mutex
                0x2001dba4                __lock___tz_mutex
                0x2001dba8                __lock___sfp_recursive_mutex
 *fill*         0x2001dba9        0x3 
 COMMON         0x2001dbac        0x4 y:/coen20/gcc/bin/../lib/gcc/arm-none-eabi/9.3.1/../../../../arm-none-eabi/lib/thumb/v7e-m+fp/hard\libc.a(lib_a-reent.o)
                0x2001dbac                errno
                0x2001dbb0                __bss_end__ = .

.ccm            0x10000000        0x0
                0x10000000                . = ALIGN (0x4)
                0x10000000                __ccm_start__ = .
 *(.ccm*)
                0x10000000                . = ALIGN (0x4)
                0x10000000                __ccm_end__ = .

.heap           0x10000000      0xc00
                0x10000000                __end__ = .
                0x10000000                end = __end__
 *(.heap*)
 .heap          0x10000000      0xc00 library.a(startup_stm32f429xx.o)
                0x10000000                __HeapBase
                0x10000c00                __HeapLimit = .

.stack_dummy    0x10000000     0x1000
 *(.stack)
 .stack         0x10000000     0x1000 library.a(startup_stm32f429xx.o)
                0x10010000                __StackTop = (ORIGIN (CCM) + LENGTH (CCM))
                0x1000f000                __StackLimit = (__StackTop - SIZEOF (.stack_dummy))
                0x10010000                PROVIDE (__stack = __StackTop)
                0x00000001                ASSERT ((__StackLimit >= __HeapLimit), region CCM overflowed with stack)
OUTPUT(output.elf elf32-littlearm)
LOAD linker stubs

.ARM.attributes
                0x00000000       0x30
 .ARM.attributes
                0x00000000       0x1e y:/coen20/gcc/bin/../lib/gcc/arm-none-eabi/9.3.1/thumb/v7e-m+fp/hard/crti.o
 .ARM.attributes
                0x0000001e       0x34 y:/coen20/gcc/bin/../lib/gcc/arm-none-eabi/9.3.1/thumb/v7e-m+fp/hard/crtbegin.o
 .ARM.attributes
                0x00000052       0x1c y:/coen20/gcc/bin/../lib/gcc/arm-none-eabi/9.3.1/../../../../arm-none-eabi/lib/thumb/v7e-m+fp/hard/crt0.o
 .ARM.attributes
                0x0000006e       0x34 obj/Lab7E-Main-c.o
 .ARM.attributes
                0x000000a2       0x25 obj/Lab7E-Tetris-Implementation-2-s.o
 .ARM.attributes
                0x000000c7       0x34 library.a(initialize.o)
 .ARM.attributes
                0x000000fb       0x34 library.a(stm32f429i_discovery.o)
 .ARM.attributes
                0x0000012f       0x34 library.a(stm32f429i_discovery_lcd.o)
 .ARM.attributes
                0x00000163       0x34 library.a(stm32f429i_discovery_sdram.o)
 .ARM.attributes
                0x00000197       0x34 library.a(stm32f4xx_hal.o)
 .ARM.attributes
                0x000001cb       0x34 library.a(stm32f4xx_hal_cortex.o)
 .ARM.attributes
                0x000001ff       0x34 library.a(stm32f4xx_hal_dma.o)
 .ARM.attributes
                0x00000233       0x34 library.a(stm32f4xx_hal_dma2d.o)
 .ARM.attributes
                0x00000267       0x34 library.a(stm32f4xx_hal_gpio.o)
 .ARM.attributes
                0x0000029b       0x34 library.a(stm32f4xx_hal_ltdc.o)
 .ARM.attributes
                0x000002cf       0x34 library.a(stm32f4xx_hal_rcc.o)
 .ARM.attributes
                0x00000303       0x34 library.a(stm32f4xx_hal_rcc_ex.o)
 .ARM.attributes
                0x00000337       0x34 library.a(stm32f4xx_hal_sdram.o)
 .ARM.attributes
                0x0000036b       0x34 library.a(stm32f4xx_hal_spi.o)
 .ARM.attributes
                0x0000039f       0x34 library.a(stm32f4xx_it.o)
 .ARM.attributes
                0x000003d3       0x34 library.a(stm32f4xx_ll_fmc.o)
 .ARM.attributes
                0x00000407       0x34 library.a(svcHandler.o)
 .ARM.attributes
                0x0000043b       0x34 library.a(system_stm32f4xx.o)
 .ARM.attributes
                0x0000046f       0x1f library.a(startup_stm32f429xx.o)
 .ARM.attributes
                0x0000048e       0x34 library.a(ili9341.o)
 .ARM.attributes
                0x000004c2       0x34 y:/coen20/gcc/bin/../lib/gcc/arm-none-eabi/9.3.1/../../../../arm-none-eabi/lib/thumb/v7e-m+fp/hard\libc.a(lib_a-exit.o)
 .ARM.attributes
                0x000004f6       0x32 y:/coen20/gcc/bin/../lib/gcc/arm-none-eabi/9.3.1/../../../../arm-none-eabi/lib/thumb/v7e-m+fp/hard\libc.a(lib_a-impure.o)
 .ARM.attributes
                0x00000528       0x34 y:/coen20/gcc/bin/../lib/gcc/arm-none-eabi/9.3.1/../../../../arm-none-eabi/lib/thumb/v7e-m+fp/hard\libc.a(lib_a-init.o)
 .ARM.attributes
                0x0000055c       0x1c y:/coen20/gcc/bin/../lib/gcc/arm-none-eabi/9.3.1/../../../../arm-none-eabi/lib/thumb/v7e-m+fp/hard\libc.a(lib_a-memcpy.o)
 .ARM.attributes
                0x00000578       0x34 y:/coen20/gcc/bin/../lib/gcc/arm-none-eabi/9.3.1/../../../../arm-none-eabi/lib/thumb/v7e-m+fp/hard\libc.a(lib_a-memset.o)
 .ARM.attributes
                0x000005ac       0x34 y:/coen20/gcc/bin/../lib/gcc/arm-none-eabi/9.3.1/../../../../arm-none-eabi/lib/thumb/v7e-m+fp/hard\libc.a(lib_a-printf.o)
 .ARM.attributes
                0x000005e0       0x34 y:/coen20/gcc/bin/../lib/gcc/arm-none-eabi/9.3.1/../../../../arm-none-eabi/lib/thumb/v7e-m+fp/hard\libc.a(lib_a-puts.o)
 .ARM.attributes
                0x00000614       0x34 y:/coen20/gcc/bin/../lib/gcc/arm-none-eabi/9.3.1/../../../../arm-none-eabi/lib/thumb/v7e-m+fp/hard\libc.a(lib_a-sprintf.o)
 .ARM.attributes
                0x00000648       0x34 y:/coen20/gcc/bin/../lib/gcc/arm-none-eabi/9.3.1/../../../../arm-none-eabi/lib/thumb/v7e-m+fp/hard\libc.a(lib_a-strcpy.o)
 .ARM.attributes
                0x0000067c       0x1c y:/coen20/gcc/bin/../lib/gcc/arm-none-eabi/9.3.1/../../../../arm-none-eabi/lib/thumb/v7e-m+fp/hard\libc.a(lib_a-strlen.o)
 .ARM.attributes
                0x00000698       0x34 y:/coen20/gcc/bin/../lib/gcc/arm-none-eabi/9.3.1/../../../../arm-none-eabi/lib/thumb/v7e-m+fp/hard\libc.a(lib_a-svfprintf.o)
 .ARM.attributes
                0x000006cc       0x34 y:/coen20/gcc/bin/../lib/gcc/arm-none-eabi/9.3.1/../../../../arm-none-eabi/lib/thumb/v7e-m+fp/hard\libc.a(lib_a-vfprintf.o)
 .ARM.attributes
                0x00000700       0x34 y:/coen20/gcc/bin/../lib/gcc/arm-none-eabi/9.3.1/../../../../arm-none-eabi/lib/thumb/v7e-m+fp/hard\libc.a(lib_a-wsetup.o)
 .ARM.attributes
                0x00000734       0x34 y:/coen20/gcc/bin/../lib/gcc/arm-none-eabi/9.3.1/../../../../arm-none-eabi/lib/thumb/v7e-m+fp/hard\libc.a(lib_a-__call_atexit.o)
 .ARM.attributes
                0x00000768       0x34 y:/coen20/gcc/bin/../lib/gcc/arm-none-eabi/9.3.1/../../../../arm-none-eabi/lib/thumb/v7e-m+fp/hard\libc.a(lib_a-atexit.o)
 .ARM.attributes
                0x0000079c       0x34 y:/coen20/gcc/bin/../lib/gcc/arm-none-eabi/9.3.1/../../../../arm-none-eabi/lib/thumb/v7e-m+fp/hard\libc.a(lib_a-dtoa.o)
 .ARM.attributes
                0x000007d0       0x34 y:/coen20/gcc/bin/../lib/gcc/arm-none-eabi/9.3.1/../../../../arm-none-eabi/lib/thumb/v7e-m+fp/hard\libc.a(lib_a-fflush.o)
 .ARM.attributes
                0x00000804       0x34 y:/coen20/gcc/bin/../lib/gcc/arm-none-eabi/9.3.1/../../../../arm-none-eabi/lib/thumb/v7e-m+fp/hard\libc.a(lib_a-findfp.o)
 .ARM.attributes
                0x00000838       0x34 y:/coen20/gcc/bin/../lib/gcc/arm-none-eabi/9.3.1/../../../../arm-none-eabi/lib/thumb/v7e-m+fp/hard\libc.a(lib_a-fini.o)
 .ARM.attributes
                0x0000086c       0x34 y:/coen20/gcc/bin/../lib/gcc/arm-none-eabi/9.3.1/../../../../arm-none-eabi/lib/thumb/v7e-m+fp/hard\libc.a(lib_a-freer.o)
 .ARM.attributes
                0x000008a0       0x34 y:/coen20/gcc/bin/../lib/gcc/arm-none-eabi/9.3.1/../../../../arm-none-eabi/lib/thumb/v7e-m+fp/hard\libc.a(lib_a-fvwrite.o)
 .ARM.attributes
                0x000008d4       0x34 y:/coen20/gcc/bin/../lib/gcc/arm-none-eabi/9.3.1/../../../../arm-none-eabi/lib/thumb/v7e-m+fp/hard\libc.a(lib_a-fwalk.o)
 .ARM.attributes
                0x00000908       0x34 y:/coen20/gcc/bin/../lib/gcc/arm-none-eabi/9.3.1/../../../../arm-none-eabi/lib/thumb/v7e-m+fp/hard\libc.a(lib_a-localeconv.o)
 .ARM.attributes
                0x0000093c       0x34 y:/coen20/gcc/bin/../lib/gcc/arm-none-eabi/9.3.1/../../../../arm-none-eabi/lib/thumb/v7e-m+fp/hard\libc.a(lib_a-lock.o)
 .ARM.attributes
                0x00000970       0x34 y:/coen20/gcc/bin/../lib/gcc/arm-none-eabi/9.3.1/../../../../arm-none-eabi/lib/thumb/v7e-m+fp/hard\libc.a(lib_a-makebuf.o)
 .ARM.attributes
                0x000009a4       0x34 y:/coen20/gcc/bin/../lib/gcc/arm-none-eabi/9.3.1/../../../../arm-none-eabi/lib/thumb/v7e-m+fp/hard\libc.a(lib_a-mallocr.o)
 .ARM.attributes
                0x000009d8       0x1c y:/coen20/gcc/bin/../lib/gcc/arm-none-eabi/9.3.1/../../../../arm-none-eabi/lib/thumb/v7e-m+fp/hard\libc.a(lib_a-memchr.o)
 .ARM.attributes
                0x000009f4       0x34 y:/coen20/gcc/bin/../lib/gcc/arm-none-eabi/9.3.1/../../../../arm-none-eabi/lib/thumb/v7e-m+fp/hard\libc.a(lib_a-memmove.o)
 .ARM.attributes
                0x00000a28       0x34 y:/coen20/gcc/bin/../lib/gcc/arm-none-eabi/9.3.1/../../../../arm-none-eabi/lib/thumb/v7e-m+fp/hard\libc.a(lib_a-mlock.o)
 .ARM.attributes
                0x00000a5c       0x34 y:/coen20/gcc/bin/../lib/gcc/arm-none-eabi/9.3.1/../../../../arm-none-eabi/lib/thumb/v7e-m+fp/hard\libc.a(lib_a-mprec.o)
 .ARM.attributes
                0x00000a90       0x34 y:/coen20/gcc/bin/../lib/gcc/arm-none-eabi/9.3.1/../../../../arm-none-eabi/lib/thumb/v7e-m+fp/hard\libc.a(lib_a-reallocr.o)
 .ARM.attributes
                0x00000ac4       0x34 y:/coen20/gcc/bin/../lib/gcc/arm-none-eabi/9.3.1/../../../../arm-none-eabi/lib/thumb/v7e-m+fp/hard\libc.a(lib_a-s_frexp.o)
 .ARM.attributes
                0x00000af8       0x34 y:/coen20/gcc/bin/../lib/gcc/arm-none-eabi/9.3.1/../../../../arm-none-eabi/lib/thumb/v7e-m+fp/hard\libc.a(lib_a-sbrkr.o)
 .ARM.attributes
                0x00000b2c       0x34 y:/coen20/gcc/bin/../lib/gcc/arm-none-eabi/9.3.1/../../../../arm-none-eabi/lib/thumb/v7e-m+fp/hard\libc.a(lib_a-stdio.o)
 .ARM.attributes
                0x00000b60       0x34 y:/coen20/gcc/bin/../lib/gcc/arm-none-eabi/9.3.1/../../../../arm-none-eabi/lib/thumb/v7e-m+fp/hard\libc.a(lib_a-strncpy.o)
 .ARM.attributes
                0x00000b94       0x34 y:/coen20/gcc/bin/../lib/gcc/arm-none-eabi/9.3.1/../../../../arm-none-eabi/lib/thumb/v7e-m+fp/hard\libc.a(lib_a-svfiprintf.o)
 .ARM.attributes
                0x00000bc8       0x34 y:/coen20/gcc/bin/../lib/gcc/arm-none-eabi/9.3.1/../../../../arm-none-eabi/lib/thumb/v7e-m+fp/hard\libc.a(lib_a-vfiprintf.o)
 .ARM.attributes
                0x00000bfc       0x34 y:/coen20/gcc/bin/../lib/gcc/arm-none-eabi/9.3.1/../../../../arm-none-eabi/lib/thumb/v7e-m+fp/hard\libc.a(lib_a-writer.o)
 .ARM.attributes
                0x00000c30       0x34 y:/coen20/gcc/bin/../lib/gcc/arm-none-eabi/9.3.1/../../../../arm-none-eabi/lib/thumb/v7e-m+fp/hard\libc.a(lib_a-__atexit.o)
 .ARM.attributes
                0x00000c64       0x34 y:/coen20/gcc/bin/../lib/gcc/arm-none-eabi/9.3.1/../../../../arm-none-eabi/lib/thumb/v7e-m+fp/hard\libc.a(lib_a-assert.o)
 .ARM.attributes
                0x00000c98       0x34 y:/coen20/gcc/bin/../lib/gcc/arm-none-eabi/9.3.1/../../../../arm-none-eabi/lib/thumb/v7e-m+fp/hard\libc.a(lib_a-callocr.o)
 .ARM.attributes
                0x00000ccc       0x34 y:/coen20/gcc/bin/../lib/gcc/arm-none-eabi/9.3.1/../../../../arm-none-eabi/lib/thumb/v7e-m+fp/hard\libc.a(lib_a-closer.o)
 .ARM.attributes
                0x00000d00       0x34 y:/coen20/gcc/bin/../lib/gcc/arm-none-eabi/9.3.1/../../../../arm-none-eabi/lib/thumb/v7e-m+fp/hard\libc.a(lib_a-fclose.o)
 .ARM.attributes
                0x00000d34       0x34 y:/coen20/gcc/bin/../lib/gcc/arm-none-eabi/9.3.1/../../../../arm-none-eabi/lib/thumb/v7e-m+fp/hard\libc.a(lib_a-fiprintf.o)
 .ARM.attributes
                0x00000d68       0x34 y:/coen20/gcc/bin/../lib/gcc/arm-none-eabi/9.3.1/../../../../arm-none-eabi/lib/thumb/v7e-m+fp/hard\libc.a(lib_a-fputwc.o)
 .ARM.attributes
                0x00000d9c       0x34 y:/coen20/gcc/bin/../lib/gcc/arm-none-eabi/9.3.1/../../../../arm-none-eabi/lib/thumb/v7e-m+fp/hard\libc.a(lib_a-fstatr.o)
 .ARM.attributes
                0x00000dd0       0x34 y:/coen20/gcc/bin/../lib/gcc/arm-none-eabi/9.3.1/../../../../arm-none-eabi/lib/thumb/v7e-m+fp/hard\libc.a(lib_a-isattyr.o)
 .ARM.attributes
                0x00000e04       0x34 y:/coen20/gcc/bin/../lib/gcc/arm-none-eabi/9.3.1/../../../../arm-none-eabi/lib/thumb/v7e-m+fp/hard\libc.a(lib_a-locale.o)
 .ARM.attributes
                0x00000e38       0x34 y:/coen20/gcc/bin/../lib/gcc/arm-none-eabi/9.3.1/../../../../arm-none-eabi/lib/thumb/v7e-m+fp/hard\libc.a(lib_a-lseekr.o)
 .ARM.attributes
                0x00000e6c       0x34 y:/coen20/gcc/bin/../lib/gcc/arm-none-eabi/9.3.1/../../../../arm-none-eabi/lib/thumb/v7e-m+fp/hard\libc.a(lib_a-mbtowc_r.o)
 .ARM.attributes
                0x00000ea0       0x34 y:/coen20/gcc/bin/../lib/gcc/arm-none-eabi/9.3.1/../../../../arm-none-eabi/lib/thumb/v7e-m+fp/hard\libc.a(lib_a-readr.o)
 .ARM.attributes
                0x00000ed4       0x34 y:/coen20/gcc/bin/../lib/gcc/arm-none-eabi/9.3.1/../../../../arm-none-eabi/lib/thumb/v7e-m+fp/hard\libc.a(lib_a-reent.o)
 .ARM.attributes
                0x00000f08       0x34 y:/coen20/gcc/bin/../lib/gcc/arm-none-eabi/9.3.1/../../../../arm-none-eabi/lib/thumb/v7e-m+fp/hard\libc.a(lib_a-wbuf.o)
 .ARM.attributes
                0x00000f3c       0x34 y:/coen20/gcc/bin/../lib/gcc/arm-none-eabi/9.3.1/../../../../arm-none-eabi/lib/thumb/v7e-m+fp/hard\libc.a(lib_a-wcrtomb.o)
 .ARM.attributes
                0x00000f70       0x34 y:/coen20/gcc/bin/../lib/gcc/arm-none-eabi/9.3.1/../../../../arm-none-eabi/lib/thumb/v7e-m+fp/hard\libc.a(lib_a-wctomb_r.o)
 .ARM.attributes
                0x00000fa4       0x34 y:/coen20/gcc/bin/../lib/gcc/arm-none-eabi/9.3.1/../../../../arm-none-eabi/lib/thumb/v7e-m+fp/hard\libc.a(lib_a-abort.o)
 .ARM.attributes
                0x00000fd8       0x32 y:/coen20/gcc/bin/../lib/gcc/arm-none-eabi/9.3.1/../../../../arm-none-eabi/lib/thumb/v7e-m+fp/hard\libc.a(lib_a-ctype_.o)
 .ARM.attributes
                0x0000100a       0x34 y:/coen20/gcc/bin/../lib/gcc/arm-none-eabi/9.3.1/../../../../arm-none-eabi/lib/thumb/v7e-m+fp/hard\libc.a(lib_a-signal.o)
 .ARM.attributes
                0x0000103e       0x34 y:/coen20/gcc/bin/../lib/gcc/arm-none-eabi/9.3.1/../../../../arm-none-eabi/lib/thumb/v7e-m+fp/hard\libc.a(lib_a-signalr.o)
 .ARM.attributes
                0x00001072       0x34 y:/coen20/gcc/bin/../lib/gcc/arm-none-eabi/9.3.1/../../../../arm-none-eabi/lib/thumb/v7e-m+fp/hard\libnosys.a(sbrk.o)
 .ARM.attributes
                0x000010a6       0x34 y:/coen20/gcc/bin/../lib/gcc/arm-none-eabi/9.3.1/../../../../arm-none-eabi/lib/thumb/v7e-m+fp/hard\libnosys.a(_exit.o)
 .ARM.attributes
                0x000010da       0x1e y:/coen20/gcc/bin/../lib/gcc/arm-none-eabi/9.3.1/thumb/v7e-m+fp/hard\libgcc.a(_arm_addsubdf3.o)
 .ARM.attributes
                0x000010f8       0x1e y:/coen20/gcc/bin/../lib/gcc/arm-none-eabi/9.3.1/thumb/v7e-m+fp/hard\libgcc.a(_arm_muldivdf3.o)
 .ARM.attributes
                0x00001116       0x1e y:/coen20/gcc/bin/../lib/gcc/arm-none-eabi/9.3.1/thumb/v7e-m+fp/hard\libgcc.a(_arm_cmpdf2.o)
 .ARM.attributes
                0x00001134       0x1e y:/coen20/gcc/bin/../lib/gcc/arm-none-eabi/9.3.1/thumb/v7e-m+fp/hard\libgcc.a(_arm_unorddf2.o)
 .ARM.attributes
                0x00001152       0x1e y:/coen20/gcc/bin/../lib/gcc/arm-none-eabi/9.3.1/thumb/v7e-m+fp/hard\libgcc.a(_arm_fixdfsi.o)
 .ARM.attributes
                0x00001170       0x1e y:/coen20/gcc/bin/../lib/gcc/arm-none-eabi/9.3.1/thumb/v7e-m+fp/hard\libgcc.a(_aeabi_uldivmod.o)
 .ARM.attributes
                0x0000118e       0x34 y:/coen20/gcc/bin/../lib/gcc/arm-none-eabi/9.3.1/thumb/v7e-m+fp/hard\libgcc.a(_udivmoddi4.o)
 .ARM.attributes
                0x000011c2       0x1e y:/coen20/gcc/bin/../lib/gcc/arm-none-eabi/9.3.1/thumb/v7e-m+fp/hard\libgcc.a(_dvmd_tls.o)
 .ARM.attributes
                0x000011e0       0x32 y:/coen20/gcc/bin/../lib/gcc/arm-none-eabi/9.3.1/thumb/v7e-m+fp/hard/crtend.o
 .ARM.attributes
                0x00001212       0x1e y:/coen20/gcc/bin/../lib/gcc/arm-none-eabi/9.3.1/thumb/v7e-m+fp/hard/crtn.o

.comment        0x00000000       0x7f
 .comment       0x00000000       0x4c obj/Lab7E-Main-c.o
                                 0x4d (size before relaxing)
 .comment       0x0000004c       0x33 library.a(initialize.o)
                                 0x34 (size before relaxing)
 .comment       0x0000007f       0x34 library.a(stm32f429i_discovery.o)
 .comment       0x0000007f       0x34 library.a(stm32f429i_discovery_lcd.o)
 .comment       0x0000007f       0x34 library.a(stm32f429i_discovery_sdram.o)
 .comment       0x0000007f       0x34 library.a(stm32f4xx_hal.o)
 .comment       0x0000007f       0x34 library.a(stm32f4xx_hal_cortex.o)
 .comment       0x0000007f       0x34 library.a(stm32f4xx_hal_dma.o)
 .comment       0x0000007f       0x34 library.a(stm32f4xx_hal_dma2d.o)
 .comment       0x0000007f       0x34 library.a(stm32f4xx_hal_gpio.o)
 .comment       0x0000007f       0x34 library.a(stm32f4xx_hal_ltdc.o)
 .comment       0x0000007f       0x34 library.a(stm32f4xx_hal_rcc.o)
 .comment       0x0000007f       0x34 library.a(stm32f4xx_hal_rcc_ex.o)
 .comment       0x0000007f       0x34 library.a(stm32f4xx_hal_sdram.o)
 .comment       0x0000007f       0x34 library.a(stm32f4xx_hal_spi.o)
 .comment       0x0000007f       0x34 library.a(stm32f4xx_it.o)
 .comment       0x0000007f       0x34 library.a(stm32f4xx_ll_fmc.o)
 .comment       0x0000007f       0x34 library.a(svcHandler.o)
 .comment       0x0000007f       0x34 library.a(system_stm32f4xx.o)
 .comment       0x0000007f       0x34 library.a(ili9341.o)

.debug_frame    0x00000000     0x17c4
 .debug_frame   0x00000000       0x28 y:/coen20/gcc/bin/../lib/gcc/arm-none-eabi/9.3.1/../../../../arm-none-eabi/lib/thumb/v7e-m+fp/hard\libc.a(lib_a-exit.o)
 .debug_frame   0x00000028       0x2c y:/coen20/gcc/bin/../lib/gcc/arm-none-eabi/9.3.1/../../../../arm-none-eabi/lib/thumb/v7e-m+fp/hard\libc.a(lib_a-init.o)
 .debug_frame   0x00000054       0x38 y:/coen20/gcc/bin/../lib/gcc/arm-none-eabi/9.3.1/../../../../arm-none-eabi/lib/thumb/v7e-m+fp/hard\libc.a(lib_a-memset.o)
 .debug_frame   0x0000008c       0x74 y:/coen20/gcc/bin/../lib/gcc/arm-none-eabi/9.3.1/../../../../arm-none-eabi/lib/thumb/v7e-m+fp/hard\libc.a(lib_a-printf.o)
 .debug_frame   0x00000100       0x4c y:/coen20/gcc/bin/../lib/gcc/arm-none-eabi/9.3.1/../../../../arm-none-eabi/lib/thumb/v7e-m+fp/hard\libc.a(lib_a-puts.o)
 .debug_frame   0x0000014c       0x7c y:/coen20/gcc/bin/../lib/gcc/arm-none-eabi/9.3.1/../../../../arm-none-eabi/lib/thumb/v7e-m+fp/hard\libc.a(lib_a-sprintf.o)
 .debug_frame   0x000001c8       0x20 y:/coen20/gcc/bin/../lib/gcc/arm-none-eabi/9.3.1/../../../../arm-none-eabi/lib/thumb/v7e-m+fp/hard\libc.a(lib_a-strcpy.o)
 .debug_frame   0x000001e8       0x68 y:/coen20/gcc/bin/../lib/gcc/arm-none-eabi/9.3.1/../../../../arm-none-eabi/lib/thumb/v7e-m+fp/hard\libc.a(lib_a-svfprintf.o)
 .debug_frame   0x00000250       0xbc y:/coen20/gcc/bin/../lib/gcc/arm-none-eabi/9.3.1/../../../../arm-none-eabi/lib/thumb/v7e-m+fp/hard\libc.a(lib_a-vfprintf.o)
 .debug_frame   0x0000030c       0x2c y:/coen20/gcc/bin/../lib/gcc/arm-none-eabi/9.3.1/../../../../arm-none-eabi/lib/thumb/v7e-m+fp/hard\libc.a(lib_a-wsetup.o)
 .debug_frame   0x00000338       0x68 y:/coen20/gcc/bin/../lib/gcc/arm-none-eabi/9.3.1/../../../../arm-none-eabi/lib/thumb/v7e-m+fp/hard\libc.a(lib_a-__call_atexit.o)
 .debug_frame   0x000003a0       0x20 y:/coen20/gcc/bin/../lib/gcc/arm-none-eabi/9.3.1/../../../../arm-none-eabi/lib/thumb/v7e-m+fp/hard\libc.a(lib_a-atexit.o)
 .debug_frame   0x000003c0       0xc4 y:/coen20/gcc/bin/../lib/gcc/arm-none-eabi/9.3.1/../../../../arm-none-eabi/lib/thumb/v7e-m+fp/hard\libc.a(lib_a-dtoa.o)
 .debug_frame   0x00000484       0x5c y:/coen20/gcc/bin/../lib/gcc/arm-none-eabi/9.3.1/../../../../arm-none-eabi/lib/thumb/v7e-m+fp/hard\libc.a(lib_a-fflush.o)
 .debug_frame   0x000004e0      0x14c y:/coen20/gcc/bin/../lib/gcc/arm-none-eabi/9.3.1/../../../../arm-none-eabi/lib/thumb/v7e-m+fp/hard\libc.a(lib_a-findfp.o)
 .debug_frame   0x0000062c       0x34 y:/coen20/gcc/bin/../lib/gcc/arm-none-eabi/9.3.1/../../../../arm-none-eabi/lib/thumb/v7e-m+fp/hard\libc.a(lib_a-fini.o)
 .debug_frame   0x00000660       0x8c y:/coen20/gcc/bin/../lib/gcc/arm-none-eabi/9.3.1/../../../../arm-none-eabi/lib/thumb/v7e-m+fp/hard\libc.a(lib_a-freer.o)
 .debug_frame   0x000006ec       0x64 y:/coen20/gcc/bin/../lib/gcc/arm-none-eabi/9.3.1/../../../../arm-none-eabi/lib/thumb/v7e-m+fp/hard\libc.a(lib_a-fvwrite.o)
 .debug_frame   0x00000750       0x54 y:/coen20/gcc/bin/../lib/gcc/arm-none-eabi/9.3.1/../../../../arm-none-eabi/lib/thumb/v7e-m+fp/hard\libc.a(lib_a-fwalk.o)
 .debug_frame   0x000007a4       0x40 y:/coen20/gcc/bin/../lib/gcc/arm-none-eabi/9.3.1/../../../../arm-none-eabi/lib/thumb/v7e-m+fp/hard\libc.a(lib_a-localeconv.o)
 .debug_frame   0x000007e4       0xb0 y:/coen20/gcc/bin/../lib/gcc/arm-none-eabi/9.3.1/../../../../arm-none-eabi/lib/thumb/v7e-m+fp/hard\libc.a(lib_a-lock.o)
 .debug_frame   0x00000894       0x6c y:/coen20/gcc/bin/../lib/gcc/arm-none-eabi/9.3.1/../../../../arm-none-eabi/lib/thumb/v7e-m+fp/hard\libc.a(lib_a-makebuf.o)
 .debug_frame   0x00000900       0x4c y:/coen20/gcc/bin/../lib/gcc/arm-none-eabi/9.3.1/../../../../arm-none-eabi/lib/thumb/v7e-m+fp/hard\libc.a(lib_a-mallocr.o)
 .debug_frame   0x0000094c       0x40 y:/coen20/gcc/bin/../lib/gcc/arm-none-eabi/9.3.1/../../../../arm-none-eabi/lib/thumb/v7e-m+fp/hard\libc.a(lib_a-memmove.o)
 .debug_frame   0x0000098c       0x30 y:/coen20/gcc/bin/../lib/gcc/arm-none-eabi/9.3.1/../../../../arm-none-eabi/lib/thumb/v7e-m+fp/hard\libc.a(lib_a-mlock.o)
 .debug_frame   0x000009bc      0x27c y:/coen20/gcc/bin/../lib/gcc/arm-none-eabi/9.3.1/../../../../arm-none-eabi/lib/thumb/v7e-m+fp/hard\libc.a(lib_a-mprec.o)
 .debug_frame   0x00000c38       0x48 y:/coen20/gcc/bin/../lib/gcc/arm-none-eabi/9.3.1/../../../../arm-none-eabi/lib/thumb/v7e-m+fp/hard\libc.a(lib_a-reallocr.o)
 .debug_frame   0x00000c80       0x2c y:/coen20/gcc/bin/../lib/gcc/arm-none-eabi/9.3.1/../../../../arm-none-eabi/lib/thumb/v7e-m+fp/hard\libc.a(lib_a-s_frexp.o)
 .debug_frame   0x00000cac       0x2c y:/coen20/gcc/bin/../lib/gcc/arm-none-eabi/9.3.1/../../../../arm-none-eabi/lib/thumb/v7e-m+fp/hard\libc.a(lib_a-sbrkr.o)
 .debug_frame   0x00000cd8       0x8c y:/coen20/gcc/bin/../lib/gcc/arm-none-eabi/9.3.1/../../../../arm-none-eabi/lib/thumb/v7e-m+fp/hard\libc.a(lib_a-stdio.o)
 .debug_frame   0x00000d64       0x38 y:/coen20/gcc/bin/../lib/gcc/arm-none-eabi/9.3.1/../../../../arm-none-eabi/lib/thumb/v7e-m+fp/hard\libc.a(lib_a-strncpy.o)
 .debug_frame   0x00000d9c       0x88 y:/coen20/gcc/bin/../lib/gcc/arm-none-eabi/9.3.1/../../../../arm-none-eabi/lib/thumb/v7e-m+fp/hard\libc.a(lib_a-svfiprintf.o)
 .debug_frame   0x00000e24       0xe8 y:/coen20/gcc/bin/../lib/gcc/arm-none-eabi/9.3.1/../../../../arm-none-eabi/lib/thumb/v7e-m+fp/hard\libc.a(lib_a-vfiprintf.o)
 .debug_frame   0x00000f0c       0x2c y:/coen20/gcc/bin/../lib/gcc/arm-none-eabi/9.3.1/../../../../arm-none-eabi/lib/thumb/v7e-m+fp/hard\libc.a(lib_a-writer.o)
 .debug_frame   0x00000f38       0x34 y:/coen20/gcc/bin/../lib/gcc/arm-none-eabi/9.3.1/../../../../arm-none-eabi/lib/thumb/v7e-m+fp/hard\libc.a(lib_a-__atexit.o)
 .debug_frame   0x00000f6c       0x40 y:/coen20/gcc/bin/../lib/gcc/arm-none-eabi/9.3.1/../../../../arm-none-eabi/lib/thumb/v7e-m+fp/hard\libc.a(lib_a-assert.o)
 .debug_frame   0x00000fac       0x28 y:/coen20/gcc/bin/../lib/gcc/arm-none-eabi/9.3.1/../../../../arm-none-eabi/lib/thumb/v7e-m+fp/hard\libc.a(lib_a-callocr.o)
 .debug_frame   0x00000fd4       0x2c y:/coen20/gcc/bin/../lib/gcc/arm-none-eabi/9.3.1/../../../../arm-none-eabi/lib/thumb/v7e-m+fp/hard\libc.a(lib_a-closer.o)