Archive member included to satisfy reference by file (symbol)

library.a(initialize.o)       obj/Lab6E-Main-c.o (ClearDisplay)
library.a(stm32f429i_discovery.o)
                              library.a(initialize.o) (BSP_PB_Init)
library.a(stm32f429i_discovery_lcd.o)
                              library.a(initialize.o) (BSP_LCD_LayerDefaultInit)
library.a(stm32f429i_discovery_sdram.o)
                              library.a(stm32f429i_discovery_lcd.o) (BSP_SDRAM_Init)
library.a(stm32f4xx_hal.o)    library.a(initialize.o) (HAL_Init)
library.a(stm32f4xx_hal_cortex.o)
                              library.a(stm32f4xx_hal.o) (HAL_NVIC_SetPriorityGrouping)
library.a(stm32f4xx_hal_dma.o)
                              library.a(stm32f429i_discovery_sdram.o) (HAL_DMA_Init)
library.a(stm32f4xx_hal_dma2d.o)
                              library.a(stm32f429i_discovery_lcd.o) (HAL_DMA2D_Init)
library.a(stm32f4xx_hal_gpio.o)
                              library.a(stm32f429i_discovery.o) (HAL_GPIO_Init)
library.a(stm32f4xx_hal_i2c.o)
                              library.a(stm32f429i_discovery.o) (HAL_I2C_Init)
library.a(stm32f4xx_hal_ltdc.o)
                              library.a(stm32f429i_discovery_lcd.o) (HAL_LTDC_Init)
library.a(stm32f4xx_hal_rcc.o)
                              library.a(initialize.o) (HAL_RCC_OscConfig)
library.a(stm32f4xx_hal_rcc_ex.o)
                              library.a(stm32f429i_discovery_lcd.o) (HAL_RCCEx_PeriphCLKConfig)
library.a(stm32f4xx_hal_sdram.o)
                              library.a(stm32f429i_discovery_sdram.o) (HAL_SDRAM_Init)
library.a(stm32f4xx_hal_spi.o)
                              library.a(stm32f429i_discovery.o) (HAL_SPI_Init)
library.a(stm32f4xx_it.o)     library.a(initialize.o) (IncludeThis)
library.a(stm32f4xx_ll_fmc.o)
                              library.a(stm32f4xx_hal_sdram.o) (FMC_SDRAM_Init)
library.a(svcHandler.o)       library.a(stm32f4xx_it.o) (SVC_Exception)
library.a(system_stm32f4xx.o)
                              library.a(stm32f4xx_hal_rcc.o) (SystemCoreClock)
library.a(touch.o)            obj/Lab6E-Main-c.o (TS_Init)
library.a(startup_stm32f429xx.o)
                              library.a(initialize.o) (Reset_Handler)
library.a(ili9341.o)          library.a(stm32f429i_discovery_lcd.o) (ili9341_drv)
library.a(stm32f429i_discovery_ts.o)
                              library.a(touch.o) (BSP_TS_Init)
library.a(stmpe811.o)         library.a(stm32f429i_discovery_ts.o) (stmpe811_ts_drv)
y:/coen20/gcc/bin/../lib/gcc/arm-none-eabi/9.3.1/../../../../arm-none-eabi/lib/thumb/v7e-m+fp/hard\libc.a(lib_a-exit.o)
                              y:/coen20/gcc/bin/../lib/gcc/arm-none-eabi/9.3.1/../../../../arm-none-eabi/lib/thumb/v7e-m+fp/hard/crt0.o (exit)
y:/coen20/gcc/bin/../lib/gcc/arm-none-eabi/9.3.1/../../../../arm-none-eabi/lib/thumb/v7e-m+fp/hard\libc.a(lib_a-impure.o)
                              y:/coen20/gcc/bin/../lib/gcc/arm-none-eabi/9.3.1/../../../../arm-none-eabi/lib/thumb/v7e-m+fp/hard\libc.a(lib_a-exit.o) (_global_impure_ptr)
y:/coen20/gcc/bin/../lib/gcc/arm-none-eabi/9.3.1/../../../../arm-none-eabi/lib/thumb/v7e-m+fp/hard\libc.a(lib_a-init.o)
                              y:/coen20/gcc/bin/../lib/gcc/arm-none-eabi/9.3.1/../../../../arm-none-eabi/lib/thumb/v7e-m+fp/hard/crt0.o (__libc_init_array)
y:/coen20/gcc/bin/../lib/gcc/arm-none-eabi/9.3.1/../../../../arm-none-eabi/lib/thumb/v7e-m+fp/hard\libc.a(lib_a-malloc.o)
                              obj/Lab6E-Main-c.o (malloc)
y:/coen20/gcc/bin/../lib/gcc/arm-none-eabi/9.3.1/../../../../arm-none-eabi/lib/thumb/v7e-m+fp/hard\libc.a(lib_a-mallocr.o)
                              y:/coen20/gcc/bin/../lib/gcc/arm-none-eabi/9.3.1/../../../../arm-none-eabi/lib/thumb/v7e-m+fp/hard\libc.a(lib_a-malloc.o) (_malloc_r)
y:/coen20/gcc/bin/../lib/gcc/arm-none-eabi/9.3.1/../../../../arm-none-eabi/lib/thumb/v7e-m+fp/hard\libc.a(lib_a-memcpy.o)
                              obj/Lab6E-Main-c.o (memcpy)
y:/coen20/gcc/bin/../lib/gcc/arm-none-eabi/9.3.1/../../../../arm-none-eabi/lib/thumb/v7e-m+fp/hard\libc.a(lib_a-memset.o)
                              y:/coen20/gcc/bin/../lib/gcc/arm-none-eabi/9.3.1/../../../../arm-none-eabi/lib/thumb/v7e-m+fp/hard/crt0.o (memset)
y:/coen20/gcc/bin/../lib/gcc/arm-none-eabi/9.3.1/../../../../arm-none-eabi/lib/thumb/v7e-m+fp/hard\libc.a(lib_a-mlock.o)
                              y:/coen20/gcc/bin/../lib/gcc/arm-none-eabi/9.3.1/../../../../arm-none-eabi/lib/thumb/v7e-m+fp/hard\libc.a(lib_a-mallocr.o) (__malloc_lock)
y:/coen20/gcc/bin/../lib/gcc/arm-none-eabi/9.3.1/../../../../arm-none-eabi/lib/thumb/v7e-m+fp/hard\libc.a(lib_a-printf.o)
                              library.a(initialize.o) (printf)
y:/coen20/gcc/bin/../lib/gcc/arm-none-eabi/9.3.1/../../../../arm-none-eabi/lib/thumb/v7e-m+fp/hard\libc.a(lib_a-sbrkr.o)
[...]
Memory Configuration

Name             Origin             Length             Attributes
ROM              0x08000000         0x00200000         xr
RAM              0x20000000         0x00030000         xrw
CCM              0x10000000         0x00010000         xrw
*default*        0x00000000         0xffffffff

Linker script and memory map

LOAD y:/coen20/gcc/bin/../lib/gcc/arm-none-eabi/9.3.1/thumb/v7e-m+fp/hard/crti.o
LOAD y:/coen20/gcc/bin/../lib/gcc/arm-none-eabi/9.3.1/thumb/v7e-m+fp/hard/crtbegin.o
LOAD y:/coen20/gcc/bin/../lib/gcc/arm-none-eabi/9.3.1/../../../../arm-none-eabi/lib/thumb/v7e-m+fp/hard/crt0.o
LOAD obj/Lab6E-Main-c.o
LOAD obj/Lab6E-Implementation-s.o
LOAD library.a
LOAD library.a
LOAD y:/coen20/gcc/bin/../lib/gcc/arm-none-eabi/9.3.1/../../../../arm-none-eabi/lib/thumb/v7e-m+fp/hard\libm.a
LOAD y:/coen20/gcc/bin/../lib/gcc/arm-none-eabi/9.3.1/../../../../arm-none-eabi/lib/thumb/v7e-m+fp/hard\libc.a
LOAD y:/coen20/gcc/bin/../lib/gcc/arm-none-eabi/9.3.1/../../../../arm-none-eabi/lib/thumb/v7e-m+fp/hard\libnosys.a
LOAD y:/coen20/gcc/bin/../lib/gcc/arm-none-eabi/9.3.1/../../../../arm-none-eabi/lib/thumb/v7e-m+fp/hard\libc.a
START GROUP
LOAD y:/coen20/gcc/bin/../lib/gcc/arm-none-eabi/9.3.1/thumb/v7e-m+fp/hard\libgcc.a
LOAD y:/coen20/gcc/bin/../lib/gcc/arm-none-eabi/9.3.1/../../../../arm-none-eabi/lib/thumb/v7e-m+fp/hard\libc.a
END GROUP
LOAD y:/coen20/gcc/bin/../lib/gcc/arm-none-eabi/9.3.1/thumb/v7e-m+fp/hard/crtend.o
LOAD y:/coen20/gcc/bin/../lib/gcc/arm-none-eabi/9.3.1/thumb/v7e-m+fp/hard/crtn.o

.text           0x08000000     0xfc6c
 *(.isr_vector)
 .isr_vector    0x08000000      0x1ac library.a(startup_stm32f429xx.o)
                0x08000000                __isr_vector
 *(.text*)
 .text          0x080001ac       0x40 y:/coen20/gcc/bin/../lib/gcc/arm-none-eabi/9.3.1/thumb/v7e-m+fp/hard/crtbegin.o
 .text          0x080001ec       0x7c y:/coen20/gcc/bin/../lib/gcc/arm-none-eabi/9.3.1/../../../../arm-none-eabi/lib/thumb/v7e-m+fp/hard/crt0.o
                0x080001ec                _stack_init
                0x080001f4                _start
                0x080001f4                _mainCRTStartup
 .text.startup.main
                0x08000268      0x198 obj/Lab6E-Main-c.o
                0x08000268                main
 .text.CreateBoard
                0x08000400       0x80 obj/Lab6E-Main-c.o
 .text.DrawGrid
                0x08000480       0xa4 obj/Lab6E-Main-c.o
 .text.DisplayPrompt
                0x08000524       0x60 obj/Lab6E-Main-c.o
 .text.Display1Score
                0x08000584       0xb8 obj/Lab6E-Main-c.o
 .text.ComputerMove
                0x0800063c      0x128 obj/Lab6E-Main-c.o
 .text.FindMoves
                0x08000764      0x160 obj/Lab6E-Main-c.o
 .text.InitializeTouchScreen
                0x080008c4       0x30 obj/Lab6E-Main-c.o
 .text.DisplayBoard
                0x080008f4       0x94 obj/Lab6E-Main-c.o
 .text.HumanMove
                0x08000988       0xa4 obj/Lab6E-Main-c.o
 .text.MakeMove
                0x08000a2c      0x128 obj/Lab6E-Main-c.o
 .text          0x08000b54       0x34 obj/Lab6E-Implementation-s.o
                0x08000b54                Between
                0x08000b6c                Count
 .text.TextRows
                0x08000b88       0x12 library.a(initialize.o)
 .text._close   0x08000b9a        0x2 library.a(initialize.o)
                0x08000b9a                _close
 .text._fstat   0x08000b9c        0x2 library.a(initialize.o)
                0x08000b9c                _fstat
 .text._getpid  0x08000b9e        0x2 library.a(initialize.o)
                0x08000b9e                _getpid
 .text._isatty  0x08000ba0        0x2 library.a(initialize.o)
                0x08000ba0                _isatty
 .text._kill    0x08000ba2        0x2 library.a(initialize.o)
                0x08000ba2                _kill
 .text._lseek   0x08000ba4        0x2 library.a(initialize.o)
                0x08000ba4                _lseek
 .text._read    0x08000ba6        0x2 library.a(initialize.o)
                0x08000ba6                _read
 .text.ClearDisplay
                0x08000ba8       0x34 library.a(initialize.o)
                0x08000ba8                ClearDisplay
 .text.DisplayHeader
                0x08000bdc       0x7c library.a(initialize.o)
                0x08000bdc                DisplayHeader
 .text.DisplayFooter
                0x08000c58       0x58 library.a(initialize.o)
                0x08000c58                DisplayFooter
 .text._write   0x08000cb0      0x104 library.a(initialize.o)
                0x08000cb0                _write
 .text.InitializeHardware
                0x08000db4      0x124 library.a(initialize.o)
                0x08000db4                InitializeHardware
 .text.WaitForPushButton
                0x08000ed8       0x18 library.a(initialize.o)
                0x08000ed8                WaitForPushButton
 .text.SPIx_Init
                0x08000ef0       0x98 library.a(stm32f429i_discovery.o)
 .text.SPIx_Write
                0x08000f88       0x30 library.a(stm32f429i_discovery.o)
 .text.I2Cx_Init
                0x08000fb8       0xe8 library.a(stm32f429i_discovery.o)
 .text.I2Cx_Error
                0x080010a0       0x14 library.a(stm32f429i_discovery.o)
 .text.SPIx_WriteRead
                0x080010b4       0x40 library.a(stm32f429i_discovery.o)
 .text.BSP_PB_Init
                0x080010f4       0x70 library.a(stm32f429i_discovery.o)
                0x080010f4                BSP_PB_Init
 .text.BSP_PB_GetState
                0x08001164       0x14 library.a(stm32f429i_discovery.o)
                0x08001164                BSP_PB_GetState
 .text.LCD_IO_Init
                0x08001178       0xb0 library.a(stm32f429i_discovery.o)
                0x08001178                LCD_IO_Init
 .text.LCD_IO_WriteData
                0x08001228       0x38 library.a(stm32f429i_discovery.o)
                0x08001228                LCD_IO_WriteData
 .text.LCD_IO_WriteReg
                0x08001260       0x38 library.a(stm32f429i_discovery.o)
                0x08001260                LCD_IO_WriteReg
 .text.LCD_IO_ReadData
                0x08001298       0x6c library.a(stm32f429i_discovery.o)
                0x08001298                LCD_IO_ReadData
 .text.LCD_Delay
                0x08001304        0x4 library.a(stm32f429i_discovery.o)
                0x08001304                LCD_Delay
 .text.IOE_Init
                0x08001308        0x4 library.a(stm32f429i_discovery.o)
                0x08001308                IOE_Init
 .text.IOE_ITConfig
                0x0800130c       0x54 library.a(stm32f429i_discovery.o)
                0x0800130c                IOE_ITConfig
 .text.IOE_Write
                0x08001360       0x34 library.a(stm32f429i_discovery.o)
                0x08001360                IOE_Write
 .text.IOE_Read
                0x08001394       0x3c library.a(stm32f429i_discovery.o)
                0x08001394                IOE_Read
 .text.IOE_ReadMultiple
                0x080013d0       0x30 library.a(stm32f429i_discovery.o)
                0x080013d0                IOE_ReadMultiple
 .text.IOE_Delay
                0x08001400        0x4 library.a(stm32f429i_discovery.o)
                0x08001400                IOE_Delay
 .text.GYRO_IO_Init
                0x08001404       0x6c library.a(stm32f429i_discovery.o)
                0x08001404                GYRO_IO_Init
 .text.GYRO_IO_Read
                0x08001470       0x48 library.a(stm32f429i_discovery.o)
                0x08001470                GYRO_IO_Read
 .text.FillBuffer
                0x080014b8       0x64 library.a(stm32f429i_discovery_lcd.o)
 .text.BSP_LCD_GetXSize
                0x0800151c       0x10 library.a(stm32f429i_discovery_lcd.o)
                0x0800151c                BSP_LCD_GetXSize
 .text.BSP_LCD_GetYSize
                0x0800152c       0x10 library.a(stm32f429i_discovery_lcd.o)
                0x0800152c                BSP_LCD_GetYSize
 .text.BSP_LCD_LayerDefaultInit
                0x0800153c       0x7c library.a(stm32f429i_discovery_lcd.o)
                0x0800153c                BSP_LCD_LayerDefaultInit
 .text.BSP_LCD_SelectLayer
                0x080015b8        0xc library.a(stm32f429i_discovery_lcd.o)
                0x080015b8                BSP_LCD_SelectLayer
 .text.BSP_LCD_GetTextColor
                0x080015c4       0x18 library.a(stm32f429i_discovery_lcd.o)
                0x080015c4                BSP_LCD_GetTextColor
 .text.BSP_LCD_GetBackColor
                0x080015dc       0x18 library.a(stm32f429i_discovery_lcd.o)
                0x080015dc                BSP_LCD_GetBackColor
 .text.BSP_LCD_SetTextColor
                0x080015f4       0x18 library.a(stm32f429i_discovery_lcd.o)
                0x080015f4                BSP_LCD_SetTextColor
 .text.BSP_LCD_SetBackColor
                0x0800160c       0x18 library.a(stm32f429i_discovery_lcd.o)
                0x0800160c                BSP_LCD_SetBackColor
 .text.BSP_LCD_SetFont
                0x08001624       0x18 library.a(stm32f429i_discovery_lcd.o)
                0x08001624                BSP_LCD_SetFont
 .text.BSP_LCD_Init
                0x0800163c      0x1bc library.a(stm32f429i_discovery_lcd.o)
                0x0800163c                BSP_LCD_Init
 .text.BSP_LCD_GetFont
                0x080017f8       0x18 library.a(stm32f429i_discovery_lcd.o)
                0x080017f8                BSP_LCD_GetFont
 .text.BSP_LCD_Clear
                0x08001810       0x40 library.a(stm32f429i_discovery_lcd.o)
                0x08001810                BSP_LCD_Clear
 .text.BSP_LCD_DrawHLine
                0x08001850       0x50 library.a(stm32f429i_discovery_lcd.o)
                0x08001850                BSP_LCD_DrawHLine
 .text.BSP_LCD_DrawVLine
                0x080018a0       0x5c library.a(stm32f429i_discovery_lcd.o)
                0x080018a0                BSP_LCD_DrawVLine
 .text.BSP_LCD_DrawRect
                0x080018fc       0x34 library.a(stm32f429i_discovery_lcd.o)
                0x080018fc                BSP_LCD_DrawRect
 .text.BSP_LCD_FillRect
                0x08001930       0x78 library.a(stm32f429i_discovery_lcd.o)
                0x08001930                BSP_LCD_FillRect
 .text.BSP_LCD_DisplayOn
                0x080019a8       0x10 library.a(stm32f429i_discovery_lcd.o)
                0x080019a8                BSP_LCD_DisplayOn
 .text.BSP_LCD_DrawPixel
                0x080019b8       0x2c library.a(stm32f429i_discovery_lcd.o)
                0x080019b8                BSP_LCD_DrawPixel
 .text.BSP_LCD_DisplayChar
                0x080019e4       0xd4 library.a(stm32f429i_discovery_lcd.o)
                0x080019e4                BSP_LCD_DisplayChar
 .text.BSP_LCD_DisplayStringAt
                0x08001ab8       0x9c library.a(stm32f429i_discovery_lcd.o)
                0x08001ab8                BSP_LCD_DisplayStringAt
 .text.BSP_LCD_DrawCircle
                0x08001b54      0x120 library.a(stm32f429i_discovery_lcd.o)
                0x08001b54                BSP_LCD_DrawCircle
 .text.BSP_LCD_FillCircle
                0x08001c74       0xd4 library.a(stm32f429i_discovery_lcd.o)
                0x08001c74                BSP_LCD_FillCircle
 .text.BSP_SDRAM_Initialization_sequence
                0x08001d48       0x94 library.a(stm32f429i_discovery_sdram.o)
                0x08001d48                BSP_SDRAM_Initialization_sequence
 .text.BSP_SDRAM_Init
                0x08001ddc      0x1c8 library.a(stm32f429i_discovery_sdram.o)
                0x08001ddc                BSP_SDRAM_Init
 .text.HAL_MspInit
                0x08001fa4        0x2 library.a(stm32f4xx_hal.o)
                0x08001fa4                HAL_MspInit
 .text.HAL_InitTick
                0x08001fa6       0x28 library.a(stm32f4xx_hal.o)
                0x08001fa6                HAL_InitTick
 *fill*         0x08001fce        0x2 
 .text.HAL_Init
                0x08001fd0       0x34 library.a(stm32f4xx_hal.o)
                0x08001fd0                HAL_Init
 .text.HAL_IncTick
                0x08002004       0x10 library.a(stm32f4xx_hal.o)
                0x08002004                HAL_IncTick
 .text.HAL_GetTick
                0x08002014        0xc library.a(stm32f4xx_hal.o)
                0x08002014                HAL_GetTick
 .text.HAL_Delay
                0x08002020       0x1a library.a(stm32f4xx_hal.o)
                0x08002020                HAL_Delay
 *fill*         0x0800203a        0x2 
 .text.HAL_NVIC_SetPriorityGrouping
                0x0800203c       0x24 library.a(stm32f4xx_hal_cortex.o)
                0x0800203c                HAL_NVIC_SetPriorityGrouping
 .text.HAL_NVIC_SetPriority
                0x08002060       0x64 library.a(stm32f4xx_hal_cortex.o)
                0x08002060                HAL_NVIC_SetPriority
 .text.HAL_NVIC_EnableIRQ
                0x080020c4       0x18 library.a(stm32f4xx_hal_cortex.o)
                0x080020c4                HAL_NVIC_EnableIRQ
 .text.HAL_SYSTICK_Config
                0x080020dc       0x28 library.a(stm32f4xx_hal_cortex.o)
                0x080020dc                HAL_SYSTICK_Config
 .text.HAL_DMA_Init
                0x08002104       0x78 library.a(stm32f4xx_hal_dma.o)
                0x08002104                HAL_DMA_Init
 .text.HAL_DMA_DeInit
                0x0800217c      0xacc library.a(stm32f4xx_hal_dma.o)
                0x0800217c                HAL_DMA_DeInit
 .text.DMA2D_SetConfig
                0x08002c48       0x80 library.a(stm32f4xx_hal_dma2d.o)
 .text.HAL_DMA2D_MspInit
                0x08002cc8        0x2 library.a(stm32f4xx_hal_dma2d.o)
                0x08002cc8                HAL_DMA2D_MspInit
 .text.HAL_DMA2D_Init
                0x08002cca       0x5c library.a(stm32f4xx_hal_dma2d.o)
                0x08002cca                HAL_DMA2D_Init
 .text.HAL_DMA2D_Start
                0x08002d26       0x40 library.a(stm32f4xx_hal_dma2d.o)
                0x08002d26                HAL_DMA2D_Start
 .text.HAL_DMA2D_PollForTransfer
                0x08002d66       0xc4 library.a(stm32f4xx_hal_dma2d.o)
                0x08002d66                HAL_DMA2D_PollForTransfer
 *fill*         0x08002e2a        0x2 
 .text.HAL_DMA2D_ConfigLayer
                0x08002e2c       0xdc library.a(stm32f4xx_hal_dma2d.o)
                0x08002e2c                HAL_DMA2D_ConfigLayer
 .text.HAL_GPIO_Init
                0x08002f08      0x1d0 library.a(stm32f4xx_hal_gpio.o)
                0x08002f08                HAL_GPIO_Init
 .text.HAL_GPIO_ReadPin
                0x080030d8        0xc library.a(stm32f4xx_hal_gpio.o)
                0x080030d8                HAL_GPIO_ReadPin
 .text.HAL_GPIO_WritePin
                0x080030e4        0xa library.a(stm32f4xx_hal_gpio.o)
                0x080030e4                HAL_GPIO_WritePin
 .text.I2C_WaitOnMasterAddressFlagUntilTimeout
                0x080030ee       0x66 library.a(stm32f4xx_hal_i2c.o)
 .text.I2C_WaitOnFlagUntilTimeout
                0x08003154       0x90 library.a(stm32f4xx_hal_i2c.o)
 .text.I2C_RequestMemoryWrite
                0x080031e4       0x98 library.a(stm32f4xx_hal_i2c.o)
 .text.I2C_RequestMemoryRead
                0x0800327c       0xe8 library.a(stm32f4xx_hal_i2c.o)
 .text.HAL_I2C_MspInit
                0x08003364        0x2 library.a(stm32f4xx_hal_i2c.o)
                0x08003364                HAL_I2C_MspInit
 *fill*         0x08003366        0x2 
 .text.HAL_I2C_Init
                0x08003368       0xe0 library.a(stm32f4xx_hal_i2c.o)
                0x08003368                HAL_I2C_Init
 .text.HAL_I2C_MspDeInit
                0x08003448        0x2 library.a(stm32f4xx_hal_i2c.o)
                0x08003448                HAL_I2C_MspDeInit
 .text.HAL_I2C_DeInit
                0x0800344a       0x2c library.a(stm32f4xx_hal_i2c.o)
                0x0800344a                HAL_I2C_DeInit
 *fill*         0x08003476        0x2 
 .text.HAL_I2C_Mem_Write
                0x08003478       0xe8 library.a(stm32f4xx_hal_i2c.o)
                0x08003478                HAL_I2C_Mem_Write
 .text.HAL_I2C_Mem_Read
                0x08003560      0x1bc library.a(stm32f4xx_hal_i2c.o)
                0x08003560                HAL_I2C_Mem_Read
 .text.HAL_I2C_GetState
                0x0800371c        0x6 library.a(stm32f4xx_hal_i2c.o)
                0x0800371c                HAL_I2C_GetState
 *fill*         0x08003722        0x2 
 .text.LTDC_SetConfig
                0x08003724      0x144 library.a(stm32f4xx_hal_ltdc.o)
 .text.HAL_LTDC_MspInit
                0x08003868        0x2 library.a(stm32f4xx_hal_ltdc.o)
                0x08003868                HAL_LTDC_MspInit
 *fill*         0x0800386a        0x2 
 .text.HAL_LTDC_Init
                0x0800386c       0xfc library.a(stm32f4xx_hal_ltdc.o)
                0x0800386c                HAL_LTDC_Init
 .text.HAL_LTDC_ConfigLayer
                0x08003968       0x5c library.a(stm32f4xx_hal_ltdc.o)
                0x08003968                HAL_LTDC_ConfigLayer
 .text.HAL_LTDC_EnableDither
                0x080039c4       0x34 library.a(stm32f4xx_hal_ltdc.o)
                0x080039c4                HAL_LTDC_EnableDither
 .text.HAL_RCC_OscConfig
                0x080039f8      0x330 library.a(stm32f4xx_hal_rcc.o)
                0x080039f8                HAL_RCC_OscConfig
 .text.HAL_RCC_ClockConfig
                0x08003d28      0x1f8 library.a(stm32f4xx_hal_rcc.o)
                0x08003d28                HAL_RCC_ClockConfig
 .text.HAL_RCC_GetSysClockFreq
                0x08003f20       0x78 library.a(stm32f4xx_hal_rcc.o)
                0x08003f20                HAL_RCC_GetSysClockFreq
 .text.HAL_RCC_GetHCLKFreq
                0x08003f98       0x38 library.a(stm32f4xx_hal_rcc.o)
                0x08003f98                HAL_RCC_GetHCLKFreq
 .text.HAL_RCC_GetPCLK1Freq
                0x08003fd0       0x30 library.a(stm32f4xx_hal_rcc.o)
                0x08003fd0                HAL_RCC_GetPCLK1Freq
 .text.HAL_RCCEx_PeriphCLKConfig
                0x08004000      0x2d8 library.a(stm32f4xx_hal_rcc_ex.o)
                0x08004000                HAL_RCCEx_PeriphCLKConfig
 .text.HAL_SDRAM_MspInit
                0x080042d8        0x2 library.a(stm32f4xx_hal_sdram.o)
                0x080042d8                HAL_SDRAM_MspInit
 .text.HAL_SDRAM_Init
                0x080042da       0x40 library.a(stm32f4xx_hal_sdram.o)
                0x080042da                HAL_SDRAM_Init
 .text.HAL_SDRAM_SendCommand
                0x0800431a       0x2e library.a(stm32f4xx_hal_sdram.o)
                0x0800431a                HAL_SDRAM_SendCommand
 .text.HAL_SDRAM_ProgramRefreshRate
                0x08004348       0x24 library.a(stm32f4xx_hal_sdram.o)
                0x08004348                HAL_SDRAM_ProgramRefreshRate
 .text.SPI_WaitOnFlagUntilTimeout
                0x0800436c       0x94 library.a(stm32f4xx_hal_spi.o)
 .text.HAL_SPI_MspInit
                0x08004400        0x2 library.a(stm32f4xx_hal_spi.o)
                0x08004400                HAL_SPI_MspInit
 .text.HAL_SPI_Init
                0x08004402       0x82 library.a(stm32f4xx_hal_spi.o)
                0x08004402                HAL_SPI_Init
 .text.HAL_SPI_MspDeInit
                0x08004484        0x2 library.a(stm32f4xx_hal_spi.o)
                0x08004484                HAL_SPI_MspDeInit
 .text.HAL_SPI_DeInit
                0x08004486       0x26 library.a(stm32f4xx_hal_spi.o)
                0x08004486                HAL_SPI_DeInit
 .text.HAL_SPI_Transmit
                0x080044ac      0x164 library.a(stm32f4xx_hal_spi.o)
                0x080044ac                HAL_SPI_Transmit
 .text.HAL_SPI_TransmitReceive
                0x08004610      0x2c2 library.a(stm32f4xx_hal_spi.o)
                0x08004610                HAL_SPI_TransmitReceive
 .text.HAL_SPI_Receive
                0x080048d2      0x1d2 library.a(stm32f4xx_hal_spi.o)
                0x080048d2                HAL_SPI_Receive
 .text.HAL_SPI_GetState
                0x08004aa4        0x6 library.a(stm32f4xx_hal_spi.o)
                0x08004aa4                HAL_SPI_GetState
 .text.NMI_Handler
                0x08004aaa        0x2 library.a(stm32f4xx_it.o)
                0x08004aaa                NMI_Handler
 .text.SVC_Handler
                0x08004aac       0x20 library.a(stm32f4xx_it.o)
                0x08004aac                SVC_Handler
 .text.DebugMon_Handler
                0x08004acc        0x2 library.a(stm32f4xx_it.o)
                0x08004acc                DebugMon_Handler
 .text.PendSV_Handler
                0x08004ace        0x2 library.a(stm32f4xx_it.o)
                0x08004ace                PendSV_Handler
 .text.SysTick_Handler
                0x08004ad0        0x4 library.a(stm32f4xx_it.o)
                0x08004ad0                SysTick_Handler
 .text.FMC_SDRAM_Init
                0x08004ad4       0x68 library.a(stm32f4xx_ll_fmc.o)
                0x08004ad4                FMC_SDRAM_Init
 .text.FMC_SDRAM_Timing_Init
                0x08004b3c       0x72 library.a(stm32f4xx_ll_fmc.o)
                0x08004b3c                FMC_SDRAM_Timing_Init
 .text.FMC_SDRAM_SendCommand
                0x08004bae       0x50 library.a(stm32f4xx_ll_fmc.o)
                0x08004bae                FMC_SDRAM_SendCommand
 .text.FMC_SDRAM_ProgramRefreshRate
                0x08004bfe        0xc library.a(stm32f4xx_ll_fmc.o)
                0x08004bfe                FMC_SDRAM_ProgramRefreshRate
 *fill*         0x08004c0a        0x2 
 .text.SVC_Label
                0x08004c0c       0x58 library.a(svcHandler.o)
 .text.Preserve
                0x08004c64       0xa8 library.a(svcHandler.o)
 .text.HardStopHandler
                0x08004d0c       0x94 library.a(svcHandler.o)
 .text.F32      0x08004da0       0xc0 library.a(svcHandler.o)
 .text.Restore  0x08004e60       0x5c library.a(svcHandler.o)
 .text.FlPtRegs
                0x08004ebc       0x9c library.a(svcHandler.o)
 .text._MemManageHandler
                0x08004f58       0x10 library.a(svcHandler.o)
                0x08004f58                _MemManageHandler
 .text.MemManage_Handler
                0x08004f68        0xc library.a(svcHandler.o)
                0x08004f68                MemManage_Handler
 .text._BusFault_Handler
                0x08004f74       0x10 library.a(svcHandler.o)
                0x08004f74                _BusFault_Handler
 .text.BusFault_Handler
                0x08004f84        0xc library.a(svcHandler.o)
                0x08004f84                BusFault_Handler
 .text._HardFault_Handler
                0x08004f90       0x10 library.a(svcHandler.o)
                0x08004f90                _HardFault_Handler
 .text.HardFault_Handler
                0x08004fa0        0xc library.a(svcHandler.o)
                0x08004fa0                HardFault_Handler
 .text._UsageFault_Handler
                0x08004fac       0x5c library.a(svcHandler.o)
                0x08004fac                _UsageFault_Handler
 .text.UsageFault_Handler
                0x08005008        0xc library.a(svcHandler.o)
                0x08005008                UsageFault_Handler
 .text.SVC_Exception
                0x08005014       0xd8 library.a(svcHandler.o)
                0x08005014                SVC_Exception
 .text.SystemInit
                0x080050ec       0x4c library.a(system_stm32f4xx.o)
                0x080050ec                SystemInit
 .text.TS_Init  0x08005138       0x2c library.a(touch.o)
                0x08005138                TS_Init
 .text.TS_Touched
                0x08005164       0x30 library.a(touch.o)
                0x08005164                TS_Touched
 .text.TS_GetX  0x08005194        0xc library.a(touch.o)
                0x08005194                TS_GetX
 .text.TS_GetY  0x080051a0        0xc library.a(touch.o)
                0x080051a0                TS_GetY
 .text          0x080051ac      0x118 library.a(startup_stm32f429xx.o)
                0x080051ac                Reset_Handler
                0x08005204                Default_Handler
                0x08005206                WWDG_IRQHandler
                0x08005208                PVD_IRQHandler
                0x0800520a                TAMP_STAMP_IRQHandler
                0x0800520c                RTC_WKUP_IRQHandler
                0x0800520e                FLASH_IRQHandler
                0x08005210                RCC_IRQHandler
                0x08005212                EXTI0_IRQHandler
                0x08005214                EXTI1_IRQHandler
                0x08005216                EXTI2_IRQHandler
                0x08005218                EXTI3_IRQHandler
                0x0800521a                EXTI4_IRQHandler
                0x0800521c                DMA1_Stream0_IRQHandler
                0x0800521e                DMA1_Stream1_IRQHandler
                0x08005220                DMA1_Stream2_IRQHandler
                0x08005222                DMA1_Stream3_IRQHandler
                0x08005224                DMA1_Stream4_IRQHandler
                0x08005226                DMA1_Stream5_IRQHandler
                0x08005228                DMA1_Stream6_IRQHandler
                0x0800522a                ADC_IRQHandler
                0x0800522c                CAN1_TX_IRQHandler
                0x0800522e                CAN1_RX0_IRQHandler
                0x08005230                CAN1_RX1_IRQHandler
                0x08005232                CAN1_SCE_IRQHandler
                0x08005234                EXTI9_5_IRQHandler
                0x08005236                TIM1_BRK_TIM9_IRQHandler
                0x08005238                TIM1_UP_TIM10_IRQHandler
                0x0800523a                TIM1_TRG_COM_TIM11_IRQHandler
                0x0800523c                TIM1_CC_IRQHandler
                0x0800523e                TIM2_IRQHandler
                0x08005240                TIM3_IRQHandler
                0x08005242                TIM4_IRQHandler
                0x08005244                I2C1_EV_IRQHandler
                0x08005246                I2C1_ER_IRQHandler
                0x08005248                I2C2_EV_IRQHandler
                0x0800524a                I2C2_ER_IRQHandler
                0x0800524c                SPI1_IRQHandler
                0x0800524e                SPI2_IRQHandler
                0x08005250                USART1_IRQHandler
                0x08005252                USART2_IRQHandler
                0x08005254                USART3_IRQHandler
                0x08005256                EXTI15_10_IRQHandler
                0x08005258                RTC_Alarm_IRQHandler
                0x0800525a                OTG_FS_WKUP_IRQHandler
                0x0800525c                TIM8_BRK_TIM12_IRQHandler
                0x0800525e                TIM8_UP_TIM13_IRQHandler
                0x08005260                TIM8_TRG_COM_TIM14_IRQHandler
                0x08005262                TIM8_CC_IRQHandler
                0x08005264                DMA1_Stream7_IRQHandler
                0x08005266                FSMC_IRQHandler
                0x08005268                SDIO_IRQHandler
                0x0800526a                TIM5_IRQHandler
                0x0800526c                SPI3_IRQHandler
                0x0800526e                UART4_IRQHandler
                0x08005270                UART5_IRQHandler
                0x08005272                TIM6_DAC_IRQHandler
                0x08005274                TIM7_IRQHandler
                0x08005276                DMA2_Stream0_IRQHandler
                0x08005278                DMA2_Stream1_IRQHandler
                0x0800527a                DMA2_Stream2_IRQHandler
                0x0800527c                DMA2_Stream3_IRQHandler
                0x0800527e                DMA2_Stream4_IRQHandler
                0x08005280                ETH_IRQHandler
                0x08005282                ETH_WKUP_IRQHandler
                0x08005284                CAN2_TX_IRQHandler
                0x08005286                CAN2_RX0_IRQHandler
                0x08005288                CAN2_RX1_IRQHandler
                0x0800528a                CAN2_SCE_IRQHandler
                0x0800528c                OTG_FS_IRQHandler
                0x0800528e                DMA2_Stream5_IRQHandler
                0x08005290                DMA2_Stream6_IRQHandler
                0x08005292                DMA2_Stream7_IRQHandler
                0x08005294                USART6_IRQHandler
                0x08005296                I2C3_EV_IRQHandler
                0x08005298                I2C3_ER_IRQHandler
                0x0800529a                OTG_HS_EP1_OUT_IRQHandler
                0x0800529c                OTG_HS_EP1_IN_IRQHandler
                0x0800529e                OTG_HS_WKUP_IRQHandler
                0x080052a0                OTG_HS_IRQHandler
                0x080052a2                DCMI_IRQHandler
                0x080052a4                CRYP_IRQHandler
                0x080052a6                HASH_RNG_IRQHandler
                0x080052a8                FPU_IRQHandler
                0x080052aa                UART7_IRQHandler
                0x080052ac                UART8_IRQHandler
                0x080052ae                SPI4_IRQHandler
                0x080052b0                SPI5_IRQHandler
                0x080052b2                SPI6_IRQHandler
                0x080052b4                SAI1_IRQHandler
                0x080052b6                LTDC_IRQHandler
                0x080052b8                LTDC_ER_IRQHandler
                0x080052ba                DMA2D_IRQHandler
 .text.ili9341_GetLcdPixelWidth
                0x080052c4        0x4 library.a(ili9341.o)
                0x080052c4                ili9341_GetLcdPixelWidth
 .text.ili9341_GetLcdPixelHeight
                0x080052c8        0x6 library.a(ili9341.o)
                0x080052c8                ili9341_GetLcdPixelHeight
 .text.ili9341_DisplayOn
                0x080052ce        0x6 library.a(ili9341.o)
                0x080052ce                ili9341_DisplayOn
 .text.ili9341_DisplayOff
                0x080052d4        0x6 library.a(ili9341.o)
                0x080052d4                ili9341_DisplayOff
 .text.ili9341_Init
                0x080052da      0x292 library.a(ili9341.o)
                0x080052da                ili9341_Init
 .text.ili9341_ReadID
                0x0800556c       0x12 library.a(ili9341.o)
                0x0800556c                ili9341_ReadID
 *fill*         0x0800557e        0x2 
 .text.BSP_TS_Init
                0x08005580       0x44 library.a(stm32f429i_discovery_ts.o)
                0x08005580                BSP_TS_Init
 .text.BSP_TS_GetState
                0x080055c4      0x138 library.a(stm32f429i_discovery_ts.o)
                0x080055c4                BSP_TS_GetState
 .text.stmpe811_Reset
                0x080056fc       0x28 library.a(stmpe811.o)
                0x080056fc                stmpe811_Reset
 .text.stmpe811_ReadID
                0x08005724       0x24 library.a(stmpe811.o)
                0x08005724                stmpe811_ReadID
 .text.stmpe811_TS_DetectTouch
                0x08005748       0x38 library.a(stmpe811.o)
                0x08005748                stmpe811_TS_DetectTouch
 .text.stmpe811_TS_GetXY
                0x08005780       0x3c library.a(stmpe811.o)
                0x08005780                stmpe811_TS_GetXY
 .text.stmpe811_Init
                0x080057bc       0x30 library.a(stmpe811.o)
                0x080057bc                stmpe811_Init
 .text.stmpe811_EnableGlobalIT
                0x080057ec       0x1e library.a(stmpe811.o)
                0x080057ec                stmpe811_EnableGlobalIT
 .text.stmpe811_DisableGlobalIT
                0x0800580a       0x1c library.a(stmpe811.o)
                0x0800580a                stmpe811_DisableGlobalIT
 .text.stmpe811_EnableITSource
                0x08005826       0x20 library.a(stmpe811.o)
                0x08005826                stmpe811_EnableITSource
 .text.stmpe811_TS_EnableIT
                0x08005846       0x1c library.a(stmpe811.o)
                0x08005846                stmpe811_TS_EnableIT
 .text.stmpe811_DisableITSource
                0x08005862       0x20 library.a(stmpe811.o)
                0x08005862                stmpe811_DisableITSource
 .text.stmpe811_TS_DisableIT
                0x08005882       0x14 library.a(stmpe811.o)
                0x08005882                stmpe811_TS_DisableIT
 .text.stmpe811_ReadGITStatus
                0x08005896       0x10 library.a(stmpe811.o)
                0x08005896                stmpe811_ReadGITStatus
 .text.stmpe811_TS_ITStatus
                0x080058a6        0x6 library.a(stmpe811.o)
                0x080058a6                stmpe811_TS_ITStatus
 .text.stmpe811_ClearGlobalIT
                0x080058ac        0xa library.a(stmpe811.o)
                0x080058ac                stmpe811_ClearGlobalIT
 .text.stmpe811_TS_ClearIT
                0x080058b6        0x6 library.a(stmpe811.o)
                0x080058b6                stmpe811_TS_ClearIT
 .text.stmpe811_IO_EnableAF
                0x080058bc       0x20 library.a(stmpe811.o)
                0x080058bc                stmpe811_IO_EnableAF
 .text.stmpe811_TS_Start
                0x080058dc       0xa4 library.a(stmpe811.o)
                0x080058dc                stmpe811_TS_Start
 .text.exit     0x08005980       0x20 y:/coen20/gcc/bin/../lib/gcc/arm-none-eabi/9.3.1/../../../../arm-none-eabi/lib/thumb/v7e-m+fp/hard\libc.a(lib_a-exit.o)
                0x08005980                exit
 .text.__libc_init_array
                0x080059a0       0x48 y:/coen20/gcc/bin/../lib/gcc/arm-none-eabi/9.3.1/../../../../arm-none-eabi/lib/thumb/v7e-m+fp/hard\libc.a(lib_a-init.o)
                0x080059a0                __libc_init_array
 .text.malloc   0x080059e8       0x10 y:/coen20/gcc/bin/../lib/gcc/arm-none-eabi/9.3.1/../../../../arm-none-eabi/lib/thumb/v7e-m+fp/hard\libc.a(lib_a-malloc.o)
                0x080059e8                malloc
 .text.free     0x080059f8       0x10 y:/coen20/gcc/bin/../lib/gcc/arm-none-eabi/9.3.1/../../../../arm-none-eabi/lib/thumb/v7e-m+fp/hard\libc.a(lib_a-malloc.o)
                0x080059f8                free
 .text._malloc_r
                0x08005a08      0x574 y:/coen20/gcc/bin/../lib/gcc/arm-none-eabi/9.3.1/../../../../arm-none-eabi/lib/thumb/v7e-m+fp/hard\libc.a(lib_a-mallocr.o)
                0x08005a08                _malloc_r
 .text          0x08005f7c      0x134 y:/coen20/gcc/bin/../lib/gcc/arm-none-eabi/9.3.1/../../../../arm-none-eabi/lib/thumb/v7e-m+fp/hard\libc.a(lib_a-memcpy.o)
                0x08005f7c                memcpy
 .text.memset   0x080060b0       0xa0 y:/coen20/gcc/bin/../lib/gcc/arm-none-eabi/9.3.1/../../../../arm-none-eabi/lib/thumb/v7e-m+fp/hard\libc.a(lib_a-memset.o)
                0x080060b0                memset
 .text.__malloc_lock
                0x08006150        0xc y:/coen20/gcc/bin/../lib/gcc/arm-none-eabi/9.3.1/../../../../arm-none-eabi/lib/thumb/v7e-m+fp/hard\libc.a(lib_a-mlock.o)
                0x08006150                __malloc_lock
 .text.__malloc_unlock
                0x0800615c        0xc y:/coen20/gcc/bin/../lib/gcc/arm-none-eabi/9.3.1/../../../../arm-none-eabi/lib/thumb/v7e-m+fp/hard\libc.a(lib_a-mlock.o)
                0x0800615c                __malloc_unlock
 .text._sbrk_r  0x08006168       0x24 y:/coen20/gcc/bin/../lib/gcc/arm-none-eabi/9.3.1/../../../../arm-none-eabi/lib/thumb/v7e-m+fp/hard\libc.a(lib_a-sbrkr.o)
                0x08006168                _sbrk_r
 .text.sprintf  0x0800618c       0x44 y:/coen20/gcc/bin/../lib/gcc/arm-none-eabi/9.3.1/../../../../arm-none-eabi/lib/thumb/v7e-m+fp/hard\libc.a(lib_a-sprintf.o)
                0x0800618c                sprintf
 .text.strcpy   0x080061d0       0xbc y:/coen20/gcc/bin/../lib/gcc/arm-none-eabi/9.3.1/../../../../arm-none-eabi/lib/thumb/v7e-m+fp/hard\libc.a(lib_a-strcpy.o)
                0x080061d0                strcpy
 *fill*         0x0800628c       0x34 
 .text          0x080062c0       0xdc y:/coen20/gcc/bin/../lib/gcc/arm-none-eabi/9.3.1/../../../../arm-none-eabi/lib/thumb/v7e-m+fp/hard\libc.a(lib_a-strlen.o)
                0x080062c0                strlen
 *fill*         0x0800639c        0x4 
 .text._svfprintf_r
                0x080063a0     0x1b38 y:/coen20/gcc/bin/../lib/gcc/arm-none-eabi/9.3.1/../../../../arm-none-eabi/lib/thumb/v7e-m+fp/hard\libc.a(lib_a-svfprintf.o)
                0x080063a0                _svfprintf_r
 .text.__swsetup_r
                0x08007ed8       0xd0 y:/coen20/gcc/bin/../lib/gcc/arm-none-eabi/9.3.1/../../../../arm-none-eabi/lib/thumb/v7e-m+fp/hard\libc.a(lib_a-wsetup.o)
                0x08007ed8                __swsetup_r
 .text.startup.register_fini
                0x08007fa8       0x14 y:/coen20/gcc/bin/../lib/gcc/arm-none-eabi/9.3.1/../../../../arm-none-eabi/lib/thumb/v7e-m+fp/hard\libc.a(lib_a-__call_atexit.o)
 .text.__call_exitprocs
                0x08007fbc       0xcc y:/coen20/gcc/bin/../lib/gcc/arm-none-eabi/9.3.1/../../../../arm-none-eabi/lib/thumb/v7e-m+fp/hard\libc.a(lib_a-__call_atexit.o)
                0x08007fbc                __call_exitprocs
 .text.atexit   0x08008088        0xc y:/coen20/gcc/bin/../lib/gcc/arm-none-eabi/9.3.1/../../../../arm-none-eabi/lib/thumb/v7e-m+fp/hard\libc.a(lib_a-atexit.o)
                0x08008088                atexit
 .text.quorem   0x08008094      0x11c y:/coen20/gcc/bin/../lib/gcc/arm-none-eabi/9.3.1/../../../../arm-none-eabi/lib/thumb/v7e-m+fp/hard\libc.a(lib_a-dtoa.o)
 .text._dtoa_r  0x080081b0      0xf44 y:/coen20/gcc/bin/../lib/gcc/arm-none-eabi/9.3.1/../../../../arm-none-eabi/lib/thumb/v7e-m+fp/hard\libc.a(lib_a-dtoa.o)
                0x080081b0                _dtoa_r
 .text.__sflush_r
                0x080090f4      0x130 y:/coen20/gcc/bin/../lib/gcc/arm-none-eabi/9.3.1/../../../../arm-none-eabi/lib/thumb/v7e-m+fp/hard\libc.a(lib_a-fflush.o)
                0x080090f4                __sflush_r
 .text._fflush_r
                0x08009224       0x5c y:/coen20/gcc/bin/../lib/gcc/arm-none-eabi/9.3.1/../../../../arm-none-eabi/lib/thumb/v7e-m+fp/hard\libc.a(lib_a-fflush.o)
                0x08009224                _fflush_r
 .text.std      0x08009280       0x50 y:/coen20/gcc/bin/../lib/gcc/arm-none-eabi/9.3.1/../../../../arm-none-eabi/lib/thumb/v7e-m+fp/hard\libc.a(lib_a-findfp.o)
 .text._cleanup_r
                0x080092d0        0xc y:/coen20/gcc/bin/../lib/gcc/arm-none-eabi/9.3.1/../../../../arm-none-eabi/lib/thumb/v7e-m+fp/hard\libc.a(lib_a-findfp.o)
                0x080092d0                _cleanup_r
 .text.__sinit  0x080092dc       0x54 y:/coen20/gcc/bin/../lib/gcc/arm-none-eabi/9.3.1/../../../../arm-none-eabi/lib/thumb/v7e-m+fp/hard\libc.a(lib_a-findfp.o)
                0x080092dc                __sinit
 .text.__sfp_lock_acquire
                0x08009330        0xc y:/coen20/gcc/bin/../lib/gcc/arm-none-eabi/9.3.1/../../../../arm-none-eabi/lib/thumb/v7e-m+fp/hard\libc.a(lib_a-findfp.o)
                0x08009330                __sfp_lock_acquire
 .text.__sfp_lock_release
                0x0800933c        0xc y:/coen20/gcc/bin/../lib/gcc/arm-none-eabi/9.3.1/../../../../arm-none-eabi/lib/thumb/v7e-m+fp/hard\libc.a(lib_a-findfp.o)
                0x0800933c                __sfp_lock_release
 .text.__libc_fini_array
                0x08009348       0x2c y:/coen20/gcc/bin/../lib/gcc/arm-none-eabi/9.3.1/../../../../arm-none-eabi/lib/thumb/v7e-m+fp/hard\libc.a(lib_a-fini.o)
                0x08009348                __libc_fini_array
 .text._malloc_trim_r
                0x08009374       0xa0 y:/coen20/gcc/bin/../lib/gcc/arm-none-eabi/9.3.1/../../../../arm-none-eabi/lib/thumb/v7e-m+fp/hard\libc.a(lib_a-freer.o)
                0x08009374                _malloc_trim_r
 .text._free_r  0x08009414      0x208 y:/coen20/gcc/bin/../lib/gcc/arm-none-eabi/9.3.1/../../../../arm-none-eabi/lib/thumb/v7e-m+fp/hard\libc.a(lib_a-freer.o)
                0x08009414                _free_r
 .text._fwalk_reent
                0x0800961c       0x48 y:/coen20/gcc/bin/../lib/gcc/arm-none-eabi/9.3.1/../../../../arm-none-eabi/lib/thumb/v7e-m+fp/hard\libc.a(lib_a-fwalk.o)
                0x0800961c                _fwalk_reent
 .text._localeconv_r
                0x08009664        0x8 y:/coen20/gcc/bin/../lib/gcc/arm-none-eabi/9.3.1/../../../../arm-none-eabi/lib/thumb/v7e-m+fp/hard\libc.a(lib_a-localeconv.o)
                0x08009664                _localeconv_r
 .text.__retarget_lock_init_recursive
                0x0800966c        0x4 y:/coen20/gcc/bin/../lib/gcc/arm-none-eabi/9.3.1/../../../../arm-none-eabi/lib/thumb/v7e-m+fp/hard\libc.a(lib_a-lock.o)
                0x0800966c                __retarget_lock_init_recursive
 .text.__retarget_lock_close_recursive
                0x08009670        0x4 y:/coen20/gcc/bin/../lib/gcc/arm-none-eabi/9.3.1/../../../../arm-none-eabi/lib/thumb/v7e-m+fp/hard\libc.a(lib_a-lock.o)
                0x08009670                __retarget_lock_close_recursive
 .text.__retarget_lock_acquire_recursive
                0x08009674        0x4 y:/coen20/gcc/bin/../lib/gcc/arm-none-eabi/9.3.1/../../../../arm-none-eabi/lib/thumb/v7e-m+fp/hard\libc.a(lib_a-lock.o)
                0x08009674                __retarget_lock_acquire_recursive
 .text.__retarget_lock_release_recursive
                0x08009678        0x4 y:/coen20/gcc/bin/../lib/gcc/arm-none-eabi/9.3.1/../../../../arm-none-eabi/lib/thumb/v7e-m+fp/hard\libc.a(lib_a-lock.o)
                0x08009678                __retarget_lock_release_recursive
 .text.__swhatbuf_r
                0x0800967c       0x5c y:/coen20/gcc/bin/../lib/gcc/arm-none-eabi/9.3.1/../../../../arm-none-eabi/lib/thumb/v7e-m+fp/hard\libc.a(lib_a-makebuf.o)
                0x0800967c                __swhatbuf_r
 .text.__smakebuf_r
                0x080096d8       0x98 y:/coen20/gcc/bin/../lib/gcc/arm-none-eabi/9.3.1/../../../../arm-none-eabi/lib/thumb/v7e-m+fp/hard\libc.a(lib_a-makebuf.o)
                0x080096d8                __smakebuf_r
 .text          0x08009770       0xa0 y:/coen20/gcc/bin/../lib/gcc/arm-none-eabi/9.3.1/../../../../arm-none-eabi/lib/thumb/v7e-m+fp/hard\libc.a(lib_a-memchr.o)
                0x08009770                memchr
 .text._Balloc  0x08009810       0x4c y:/coen20/gcc/bin/../lib/gcc/arm-none-eabi/9.3.1/../../../../arm-none-eabi/lib/thumb/v7e-m+fp/hard\libc.a(lib_a-mprec.o)
                0x08009810                _Balloc
 .text._Bfree   0x0800985c       0x14 y:/coen20/gcc/bin/../lib/gcc/arm-none-eabi/9.3.1/../../../../arm-none-eabi/lib/thumb/v7e-m+fp/hard\libc.a(lib_a-mprec.o)
                0x0800985c                _Bfree
 .text.__multadd
                0x08009870       0xac y:/coen20/gcc/bin/../lib/gcc/arm-none-eabi/9.3.1/../../../../arm-none-eabi/lib/thumb/v7e-m+fp/hard\libc.a(lib_a-mprec.o)
                0x08009870                __multadd
 .text.__hi0bits
                0x0800991c       0x40 y:/coen20/gcc/bin/../lib/gcc/arm-none-eabi/9.3.1/../../../../arm-none-eabi/lib/thumb/v7e-m+fp/hard\libc.a(lib_a-mprec.o)
                0x0800991c                __hi0bits
 .text.__lo0bits
                0x0800995c       0x60 y:/coen20/gcc/bin/../lib/gcc/arm-none-eabi/9.3.1/../../../../arm-none-eabi/lib/thumb/v7e-m+fp/hard\libc.a(lib_a-mprec.o)
                0x0800995c                __lo0bits
 .text.__i2b    0x080099bc       0x2c y:/coen20/gcc/bin/../lib/gcc/arm-none-eabi/9.3.1/../../../../arm-none-eabi/lib/thumb/v7e-m+fp/hard\libc.a(lib_a-mprec.o)
                0x080099bc                __i2b
 .text.__multiply
                0x080099e8      0x160 y:/coen20/gcc/bin/../lib/gcc/arm-none-eabi/9.3.1/../../../../arm-none-eabi/lib/thumb/v7e-m+fp/hard\libc.a(lib_a-mprec.o)
                0x080099e8                __multiply
 .text.__pow5mult
                0x08009b48       0x98 y:/coen20/gcc/bin/../lib/gcc/arm-none-eabi/9.3.1/../../../../arm-none-eabi/lib/thumb/v7e-m+fp/hard\libc.a(lib_a-mprec.o)
                0x08009b48                __pow5mult
 .text.__lshift
                0x08009be0       0xe8 y:/coen20/gcc/bin/../lib/gcc/arm-none-eabi/9.3.1/../../../../arm-none-eabi/lib/thumb/v7e-m+fp/hard\libc.a(lib_a-mprec.o)
                0x08009be0                __lshift
 .text.__mcmp   0x08009cc8       0x3c y:/coen20/gcc/bin/../lib/gcc/arm-none-eabi/9.3.1/../../../../arm-none-eabi/lib/thumb/v7e-m+fp/hard\libc.a(lib_a-mprec.o)
                0x08009cc8                __mcmp
 .text.__mdiff  0x08009d04      0x148 y:/coen20/gcc/bin/../lib/gcc/arm-none-eabi/9.3.1/../../../../arm-none-eabi/lib/thumb/v7e-m+fp/hard\libc.a(lib_a-mprec.o)
                0x08009d04                __mdiff
 .text.__d2b    0x08009e4c       0xd0 y:/coen20/gcc/bin/../lib/gcc/arm-none-eabi/9.3.1/../../../../arm-none-eabi/lib/thumb/v7e-m+fp/hard\libc.a(lib_a-mprec.o)
                0x08009e4c                __d2b
 .text.frexp    0x08009f1c       0x6c y:/coen20/gcc/bin/../lib/gcc/arm-none-eabi/9.3.1/../../../../arm-none-eabi/lib/thumb/v7e-m+fp/hard\libc.a(lib_a-s_frexp.o)
                0x08009f1c                frexp
 .text.__sread  0x08009f88       0x24 y:/coen20/gcc/bin/../lib/gcc/arm-none-eabi/9.3.1/../../../../arm-none-eabi/lib/thumb/v7e-m+fp/hard\libc.a(lib_a-stdio.o)
                0x08009f88                __sread
 .text.__swrite
                0x08009fac       0x40 y:/coen20/gcc/bin/../lib/gcc/arm-none-eabi/9.3.1/../../../../arm-none-eabi/lib/thumb/v7e-m+fp/hard\libc.a(lib_a-stdio.o)
                0x08009fac                __swrite
 .text.__sseek  0x08009fec       0x20 y:/coen20/gcc/bin/../lib/gcc/arm-none-eabi/9.3.1/../../../../arm-none-eabi/lib/thumb/v7e-m+fp/hard\libc.a(lib_a-stdio.o)
                0x08009fec                __sseek
 .text.__sclose
                0x0800a00c        0x8 y:/coen20/gcc/bin/../lib/gcc/arm-none-eabi/9.3.1/../../../../arm-none-eabi/lib/thumb/v7e-m+fp/hard\libc.a(lib_a-stdio.o)
                0x0800a00c                __sclose
 .text.strncpy  0x0800a014       0x68 y:/coen20/gcc/bin/../lib/gcc/arm-none-eabi/9.3.1/../../../../arm-none-eabi/lib/thumb/v7e-m+fp/hard\libc.a(lib_a-strncpy.o)
                0x0800a014                strncpy
 .text.__ssprint_r
                0x0800a07c       0xf8 y:/coen20/gcc/bin/../lib/gcc/arm-none-eabi/9.3.1/../../../../arm-none-eabi/lib/thumb/v7e-m+fp/hard\libc.a(lib_a-svfiprintf.o)
                0x0800a07c                __ssprint_r
 .text.__sprint_r.part.0
                0x0800a174       0x78 y:/coen20/gcc/bin/../lib/gcc/arm-none-eabi/9.3.1/../../../../arm-none-eabi/lib/thumb/v7e-m+fp/hard\libc.a(lib_a-vfiprintf.o)
 .text._vfiprintf_r
                0x0800a1ec      0xd4c y:/coen20/gcc/bin/../lib/gcc/arm-none-eabi/9.3.1/../../../../arm-none-eabi/lib/thumb/v7e-m+fp/hard\libc.a(lib_a-vfiprintf.o)
                0x0800a1ec                _vfiprintf_r
 .text.__sbprintf
                0x0800af38       0x84 y:/coen20/gcc/bin/../lib/gcc/arm-none-eabi/9.3.1/../../../../arm-none-eabi/lib/thumb/v7e-m+fp/hard\libc.a(lib_a-vfiprintf.o)
 .text._write_r
                0x0800afbc       0x2c y:/coen20/gcc/bin/../lib/gcc/arm-none-eabi/9.3.1/../../../../arm-none-eabi/lib/thumb/v7e-m+fp/hard\libc.a(lib_a-writer.o)
                0x0800afbc                _write_r
 .text.__register_exitproc
                0x0800afe8       0x8c y:/coen20/gcc/bin/../lib/gcc/arm-none-eabi/9.3.1/../../../../arm-none-eabi/lib/thumb/v7e-m+fp/hard\libc.a(lib_a-__atexit.o)
                0x0800afe8                __register_exitproc
 .text.__assert_func
                0x0800b074       0x3c y:/coen20/gcc/bin/../lib/gcc/arm-none-eabi/9.3.1/../../../../arm-none-eabi/lib/thumb/v7e-m+fp/hard\libc.a(lib_a-assert.o)
                0x0800b074                __assert_func
 .text._calloc_r
                0x0800b0b0       0x60 y:/coen20/gcc/bin/../lib/gcc/arm-none-eabi/9.3.1/../../../../arm-none-eabi/lib/thumb/v7e-m+fp/hard\libc.a(lib_a-callocr.o)
                0x0800b0b0                _calloc_r
 .text._close_r
                0x0800b110       0x24 y:/coen20/gcc/bin/../lib/gcc/arm-none-eabi/9.3.1/../../../../arm-none-eabi/lib/thumb/v7e-m+fp/hard\libc.a(lib_a-closer.o)
                0x0800b110                _close_r
 .text._fclose_r
                0x0800b134       0xcc y:/coen20/gcc/bin/../lib/gcc/arm-none-eabi/9.3.1/../../../../arm-none-eabi/lib/thumb/v7e-m+fp/hard\libc.a(lib_a-fclose.o)
                0x0800b134                _fclose_r
 .text.fiprintf
                0x0800b200       0x28 y:/coen20/gcc/bin/../lib/gcc/arm-none-eabi/9.3.1/../../../../arm-none-eabi/lib/thumb/v7e-m+fp/hard\libc.a(lib_a-fiprintf.o)
                0x0800b200                fiprintf
 .text.__fputwc
                0x0800b228       0xa8 y:/coen20/gcc/bin/../lib/gcc/arm-none-eabi/9.3.1/../../../../arm-none-eabi/lib/thumb/v7e-m+fp/hard\libc.a(lib_a-fputwc.o)
                0x0800b228                __fputwc
 .text._fputwc_r
                0x0800b2d0       0x68 y:/coen20/gcc/bin/../lib/gcc/arm-none-eabi/9.3.1/../../../../arm-none-eabi/lib/thumb/v7e-m+fp/hard\libc.a(lib_a-fputwc.o)
                0x0800b2d0                _fputwc_r
 .text._fstat_r
                0x0800b338       0x2c y:/coen20/gcc/bin/../lib/gcc/arm-none-eabi/9.3.1/../../../../arm-none-eabi/lib/thumb/v7e-m+fp/hard\libc.a(lib_a-fstatr.o)
                0x0800b338                _fstat_r
 .text.__sfvwrite_r
                0x0800b364      0x2e0 y:/coen20/gcc/bin/../lib/gcc/arm-none-eabi/9.3.1/../../../../arm-none-eabi/lib/thumb/v7e-m+fp/hard\libc.a(lib_a-fvwrite.o)
                0x0800b364                __sfvwrite_r
 .text._isatty_r
                0x0800b644       0x24 y:/coen20/gcc/bin/../lib/gcc/arm-none-eabi/9.3.1/../../../../arm-none-eabi/lib/thumb/v7e-m+fp/hard\libc.a(lib_a-isattyr.o)
                0x0800b644                _isatty_r
 .text.__locale_mb_cur_max
                0x0800b668        0xc y:/coen20/gcc/bin/../lib/gcc/arm-none-eabi/9.3.1/../../../../arm-none-eabi/lib/thumb/v7e-m+fp/hard\libc.a(lib_a-locale.o)
                0x0800b668                __locale_mb_cur_max
 .text._lseek_r
                0x0800b674       0x2c y:/coen20/gcc/bin/../lib/gcc/arm-none-eabi/9.3.1/../../../../arm-none-eabi/lib/thumb/v7e-m+fp/hard\libc.a(lib_a-lseekr.o)
                0x0800b674                _lseek_r
 .text.__ascii_mbtowc
                0x0800b6a0       0x2c y:/coen20/gcc/bin/../lib/gcc/arm-none-eabi/9.3.1/../../../../arm-none-eabi/lib/thumb/v7e-m+fp/hard\libc.a(lib_a-mbtowc_r.o)
                0x0800b6a0                __ascii_mbtowc
 .text.memmove  0x0800b6cc       0xd8 y:/coen20/gcc/bin/../lib/gcc/arm-none-eabi/9.3.1/../../../../arm-none-eabi/lib/thumb/v7e-m+fp/hard\libc.a(lib_a-memmove.o)
                0x0800b6cc                memmove
 .text._read_r  0x0800b7a4       0x2c y:/coen20/gcc/bin/../lib/gcc/arm-none-eabi/9.3.1/../../../../arm-none-eabi/lib/thumb/v7e-m+fp/hard\libc.a(lib_a-readr.o)
                0x0800b7a4                _read_r
 .text._realloc_r
                0x0800b7d0      0x3e0 y:/coen20/gcc/bin/../lib/gcc/arm-none-eabi/9.3.1/../../../../arm-none-eabi/lib/thumb/v7e-m+fp/hard\libc.a(lib_a-reallocr.o)
                0x0800b7d0                _realloc_r
 .text.__swbuf_r
                0x0800bbb0       0xb0 y:/coen20/gcc/bin/../lib/gcc/arm-none-eabi/9.3.1/../../../../arm-none-eabi/lib/thumb/v7e-m+fp/hard\libc.a(lib_a-wbuf.o)
                0x0800bbb0                __swbuf_r
 .text._wcrtomb_r
                0x0800bc60       0x3c y:/coen20/gcc/bin/../lib/gcc/arm-none-eabi/9.3.1/../../../../arm-none-eabi/lib/thumb/v7e-m+fp/hard\libc.a(lib_a-wcrtomb.o)
                0x0800bc60                _wcrtomb_r
 .text.__ascii_wctomb
                0x0800bc9c       0x1c y:/coen20/gcc/bin/../lib/gcc/arm-none-eabi/9.3.1/../../../../arm-none-eabi/lib/thumb/v7e-m+fp/hard\libc.a(lib_a-wctomb_r.o)
                0x0800bc9c                __ascii_wctomb
 .text.abort    0x0800bcb8       0x10 y:/coen20/gcc/bin/../lib/gcc/arm-none-eabi/9.3.1/../../../../arm-none-eabi/lib/thumb/v7e-m+fp/hard\libc.a(lib_a-abort.o)
                0x0800bcb8                abort
 .text._raise_r
                0x0800bcc8       0x58 y:/coen20/gcc/bin/../lib/gcc/arm-none-eabi/9.3.1/../../../../arm-none-eabi/lib/thumb/v7e-m+fp/hard\libc.a(lib_a-signal.o)
                0x0800bcc8                _raise_r
 .text.raise    0x0800bd20       0x10 y:/coen20/gcc/bin/../lib/gcc/arm-none-eabi/9.3.1/../../../../arm-none-eabi/lib/thumb/v7e-m+fp/hard\libc.a(lib_a-signal.o)
                0x0800bd20                raise
 .text._kill_r  0x0800bd30       0x2c y:/coen20/gcc/bin/../lib/gcc/arm-none-eabi/9.3.1/../../../../arm-none-eabi/lib/thumb/v7e-m+fp/hard\libc.a(lib_a-signalr.o)
                0x0800bd30                _kill_r
 .text._getpid_r
                0x0800bd5c        0x4 y:/coen20/gcc/bin/../lib/gcc/arm-none-eabi/9.3.1/../../../../arm-none-eabi/lib/thumb/v7e-m+fp/hard\libc.a(lib_a-signalr.o)
                0x0800bd5c                _getpid_r
 .text._sbrk    0x0800bd60       0x1c y:/coen20/gcc/bin/../lib/gcc/arm-none-eabi/9.3.1/../../../../arm-none-eabi/lib/thumb/v7e-m+fp/hard\libnosys.a(sbrk.o)
                0x0800bd60                _sbrk
 .text._exit    0x0800bd7c        0x4 y:/coen20/gcc/bin/../lib/gcc/arm-none-eabi/9.3.1/../../../../arm-none-eabi/lib/thumb/v7e-m+fp/hard\libnosys.a(_exit.o)
                0x0800bd7c                _exit
 .text          0x0800bd80      0x378 y:/coen20/gcc/bin/../lib/gcc/arm-none-eabi/9.3.1/thumb/v7e-m+fp/hard\libgcc.a(_arm_addsubdf3.o)
                0x0800bd80                __aeabi_drsub
                0x0800bd88                __aeabi_dsub
                0x0800bd88                __subdf3
                0x0800bd8c                __aeabi_dadd
                0x0800bd8c                __adddf3
                0x0800c004                __floatunsidf
                0x0800c004                __aeabi_ui2d
                0x0800c024                __floatsidf
                0x0800c024                __aeabi_i2d
                0x0800c048                __aeabi_f2d
                0x0800c048                __extendsfdf2
                0x0800c08c                __floatundidf
                0x0800c08c                __aeabi_ul2d
                0x0800c09c                __floatdidf
                0x0800c09c                __aeabi_l2d
 .text          0x0800c0f8      0x424 y:/coen20/gcc/bin/../lib/gcc/arm-none-eabi/9.3.1/thumb/v7e-m+fp/hard\libgcc.a(_arm_muldivdf3.o)
                0x0800c0f8                __aeabi_dmul
                0x0800c0f8                __muldf3
                0x0800c34c                __divdf3
                0x0800c34c                __aeabi_ddiv
 .text          0x0800c51c      0x110 y:/coen20/gcc/bin/../lib/gcc/arm-none-eabi/9.3.1/thumb/v7e-m+fp/hard\libgcc.a(_arm_cmpdf2.o)
                0x0800c51c                __gtdf2
                0x0800c51c                __gedf2
                0x0800c524                __ltdf2
                0x0800c524                __ledf2
                0x0800c52c                __nedf2
                0x0800c52c                __eqdf2
                0x0800c52c                __cmpdf2
                0x0800c5a8                __aeabi_cdrcmple
                0x0800c5b8                __aeabi_cdcmpeq
                0x0800c5b8                __aeabi_cdcmple
                0x0800c5c8                __aeabi_dcmpeq
                0x0800c5dc                __aeabi_dcmplt
                0x0800c5f0                __aeabi_dcmple
                0x0800c604                __aeabi_dcmpge
                0x0800c618                __aeabi_dcmpgt
 .text          0x0800c62c       0x2c y:/coen20/gcc/bin/../lib/gcc/arm-none-eabi/9.3.1/thumb/v7e-m+fp/hard\libgcc.a(_arm_unorddf2.o)
                0x0800c62c                __unorddf2
                0x0800c62c                __aeabi_dcmpun
 .text          0x0800c658       0x50 y:/coen20/gcc/bin/../lib/gcc/arm-none-eabi/9.3.1/thumb/v7e-m+fp/hard\libgcc.a(_arm_fixdfsi.o)
                0x0800c658                __aeabi_d2iz
                0x0800c658                __fixdfsi
 .text          0x0800c6a8       0x30 y:/coen20/gcc/bin/../lib/gcc/arm-none-eabi/9.3.1/thumb/v7e-m+fp/hard\libgcc.a(_aeabi_uldivmod.o)
                0x0800c6a8                __aeabi_uldivmod
 .text          0x0800c6d8      0x2c4 y:/coen20/gcc/bin/../lib/gcc/arm-none-eabi/9.3.1/thumb/v7e-m+fp/hard\libgcc.a(_udivmoddi4.o)
                0x0800c6d8                __udivmoddi4
 .text          0x0800c99c        0x4 y:/coen20/gcc/bin/../lib/gcc/arm-none-eabi/9.3.1/thumb/v7e-m+fp/hard\libgcc.a(_dvmd_tls.o)
                0x0800c99c                __aeabi_idiv0
                0x0800c99c                __aeabi_ldiv0
 *(.init)
 .init          0x0800c9a0        0x4 y:/coen20/gcc/bin/../lib/gcc/arm-none-eabi/9.3.1/thumb/v7e-m+fp/hard/crti.o
                0x0800c9a0                _init
 .init          0x0800c9a4        0x8 y:/coen20/gcc/bin/../lib/gcc/arm-none-eabi/9.3.1/thumb/v7e-m+fp/hard/crtn.o
 *(.fini)
 .fini          0x0800c9ac        0x4 y:/coen20/gcc/bin/../lib/gcc/arm-none-eabi/9.3.1/thumb/v7e-m+fp/hard/crti.o
                0x0800c9ac                _fini
 .fini          0x0800c9b0        0x8 y:/coen20/gcc/bin/../lib/gcc/arm-none-eabi/9.3.1/thumb/v7e-m+fp/hard/crtn.o
 *crtbegin.o(.ctors)
 *crtbegin?.o(.ctors)
 *(EXCLUDE_FILE(*crtend.o *crtend?.o) .ctors)
 *(SORT_BY_NAME(.ctors.*))
 *(.ctors)
 *crtbegin.o(.dtors)
 *crtbegin?.o(.dtors)
 *(EXCLUDE_FILE(*crtend.o *crtend?.o) .dtors)
 *(SORT_BY_NAME(.dtors.*))
 *(.dtors)
 *(.rodata*)
 .rodata        0x0800c9b8      0x14f obj/Lab6E-Main-c.o
 .rodata.DisplayHeader.str1.1
                0x0800cb07       0x27 library.a(initialize.o)
 .rodata._write.str1.1
                0x0800cb2e       0x27 library.a(initialize.o)
                                  0x1 (size before relaxing)
 .rodata.Font12_Table
                0x0800cb2e      0x474 library.a(stm32f429i_discovery_lcd.o)
                0x0800cb2e                Font12_Table
 .rodata.Font16_Table
                0x0800cfa2      0xbe0 library.a(stm32f429i_discovery_lcd.o)
                0x0800cfa2                Font16_Table
 .rodata.Font24_Table
                0x0800db82     0x1ab8 library.a(stm32f429i_discovery_lcd.o)
                0x0800db82                Font24_Table
 .rodata.CSWTCH.4
                0x0800f63a        0x7 library.a(stm32f4xx_hal_ltdc.o)
 .rodata.APBAHBPrescTable
                0x0800f641       0x10 library.a(stm32f4xx_hal_rcc.o)
                0x0800f641                APBAHBPrescTable
 .rodata.SVC_Label.str1.1
                0x0800f651        0xe library.a(svcHandler.o)
 .rodata.F32.str1.1
                0x0800f65f       0x20 library.a(svcHandler.o)
 .rodata.FlPtRegs.str1.1
                0x0800f67f       0x1a library.a(svcHandler.o)
 .rodata._MemManageHandler.str1.1
                0x0800f699       0x10 library.a(svcHandler.o)
 .rodata._BusFault_Handler.str1.1
                0x0800f6a9        0xb library.a(svcHandler.o)
 .rodata._HardFault_Handler.str1.1
                0x0800f6b4        0xc library.a(svcHandler.o)
 .rodata._UsageFault_Handler.str1.1
                0x0800f6c0       0x76 library.a(svcHandler.o)
 .rodata.SVC_Exception.str1.1
                0x0800f736       0x15 library.a(svcHandler.o)
 .rodata.str1.1
                0x0800f74b      0x11e library.a(svcHandler.o)
 *fill*         0x0800f869        0x3 
 .rodata._global_impure_ptr
                0x0800f86c        0x4 y:/coen20/gcc/bin/../lib/gcc/arm-none-eabi/9.3.1/../../../../arm-none-eabi/lib/thumb/v7e-m+fp/hard\libc.a(lib_a-impure.o)
                0x0800f86c                _global_impure_ptr
 .rodata._svfprintf_r.str1.4
                0x0800f870       0x42 y:/coen20/gcc/bin/../lib/gcc/arm-none-eabi/9.3.1/../../../../arm-none-eabi/lib/thumb/v7e-m+fp/hard\libc.a(lib_a-svfprintf.o)
 *fill*         0x0800f8b2        0x2 
 .rodata.blanks.8698
                0x0800f8b4       0x10 y:/coen20/gcc/bin/../lib/gcc/arm-none-eabi/9.3.1/../../../../arm-none-eabi/lib/thumb/v7e-m+fp/hard\libc.a(lib_a-svfprintf.o)
 .rodata.zeroes.8699
                0x0800f8c4       0x10 y:/coen20/gcc/bin/../lib/gcc/arm-none-eabi/9.3.1/../../../../arm-none-eabi/lib/thumb/v7e-m+fp/hard\libc.a(lib_a-svfprintf.o)
 .rodata._dtoa_r.str1.4
                0x0800f8d4       0xa0 y:/coen20/gcc/bin/../lib/gcc/arm-none-eabi/9.3.1/../../../../arm-none-eabi/lib/thumb/v7e-m+fp/hard\libc.a(lib_a-dtoa.o)
                                 0xa4 (size before relaxing)
 .rodata.__multadd.str1.4
                0x0800f974       0x7d y:/coen20/gcc/bin/../lib/gcc/arm-none-eabi/9.3.1/../../../../arm-none-eabi/lib/thumb/v7e-m+fp/hard\libc.a(lib_a-mprec.o)
                                 0x91 (size before relaxing)
 *fill*         0x0800f9f1        0x7 
 .rodata.__mprec_bigtens
                0x0800f9f8       0x28 y:/coen20/gcc/bin/../lib/gcc/arm-none-eabi/9.3.1/../../../../arm-none-eabi/lib/thumb/v7e-m+fp/hard\libc.a(lib_a-mprec.o)
                0x0800f9f8                __mprec_bigtens
 .rodata.__mprec_tens
                0x0800fa20       0xc8 y:/coen20/gcc/bin/../lib/gcc/arm-none-eabi/9.3.1/../../../../arm-none-eabi/lib/thumb/v7e-m+fp/hard\libc.a(lib_a-mprec.o)
                0x0800fa20                __mprec_tens
 .rodata.p05.7485
                0x0800fae8        0xc y:/coen20/gcc/bin/../lib/gcc/arm-none-eabi/9.3.1/../../../../arm-none-eabi/lib/thumb/v7e-m+fp/hard\libc.a(lib_a-mprec.o)
 .rodata._vfiprintf_r.str1.4
                0x0800faf4       0x2f y:/coen20/gcc/bin/../lib/gcc/arm-none-eabi/9.3.1/../../../../arm-none-eabi/lib/thumb/v7e-m+fp/hard\libc.a(lib_a-vfiprintf.o)
 .rodata.blanks.8691
                0x0800faf4       0x10 y:/coen20/gcc/bin/../lib/gcc/arm-none-eabi/9.3.1/../../../../arm-none-eabi/lib/thumb/v7e-m+fp/hard\libc.a(lib_a-vfiprintf.o)
 .rodata.zeroes.8692
                0x0800fb04       0x10 y:/coen20/gcc/bin/../lib/gcc/arm-none-eabi/9.3.1/../../../../arm-none-eabi/lib/thumb/v7e-m+fp/hard\libc.a(lib_a-vfiprintf.o)
 .rodata.__assert_func.str1.4
                0x0800fb14       0x3f y:/coen20/gcc/bin/../lib/gcc/arm-none-eabi/9.3.1/../../../../arm-none-eabi/lib/thumb/v7e-m+fp/hard\libc.a(lib_a-assert.o)
                                 0x43 (size before relaxing)
 *fill*         0x0800fb53        0x1 
 .rodata._setlocale_r.str1.4
                0x0800fb54        0xa y:/coen20/gcc/bin/../lib/gcc/arm-none-eabi/9.3.1/../../../../arm-none-eabi/lib/thumb/v7e-m+fp/hard\libc.a(lib_a-locale.o)
                                  0xd (size before relaxing)
 *fill*         0x0800fb5e        0x2 
 .rodata.str1.4
                0x0800fb60        0x2 y:/coen20/gcc/bin/../lib/gcc/arm-none-eabi/9.3.1/../../../../arm-none-eabi/lib/thumb/v7e-m+fp/hard\libc.a(lib_a-locale.o)
 *fill*         0x0800fb62        0x2 
 .rodata._ctype_
                0x0800fb64      0x101 y:/coen20/gcc/bin/../lib/gcc/arm-none-eabi/9.3.1/../../../../arm-none-eabi/lib/thumb/v7e-m+fp/hard\libc.a(lib_a-ctype_.o)
                0x0800fb64                _ctype_
 *(.eh_frame*)
 *fill*         0x0800fc65        0x3 
 .eh_frame      0x0800fc68        0x0 y:/coen20/gcc/bin/../lib/gcc/arm-none-eabi/9.3.1/thumb/v7e-m+fp/hard/crtbegin.o
 .eh_frame      0x0800fc68        0x4 y:/coen20/gcc/bin/../lib/gcc/arm-none-eabi/9.3.1/thumb/v7e-m+fp/hard/crtend.o

.glue_7         0x0800fc6c        0x0
 .glue_7        0x0800fc6c        0x0 linker stubs

.glue_7t        0x0800fc6c        0x0
 .glue_7t       0x0800fc6c        0x0 linker stubs

.vfp11_veneer   0x0800fc6c        0x0
 .vfp11_veneer  0x0800fc6c        0x0 linker stubs

.v4_bx          0x0800fc6c        0x0
 .v4_bx         0x0800fc6c        0x0 linker stubs

.iplt           0x0800fc6c        0x0
 .iplt          0x0800fc6c        0x0 y:/coen20/gcc/bin/../lib/gcc/arm-none-eabi/9.3.1/thumb/v7e-m+fp/hard/crtbegin.o

.ARM.extab
 *(.ARM.extab* .gnu.linkonce.armextab.*)
                0x0800fc6c                __exidx_start = .

.ARM.exidx      0x0800fc6c        0x8
 *(.ARM.exidx* .gnu.linkonce.armexidx.*)
 .ARM.exidx     0x0800fc6c        0x8 y:/coen20/gcc/bin/../lib/gcc/arm-none-eabi/9.3.1/../../../../arm-none-eabi/lib/thumb/v7e-m+fp/hard/crt0.o
                                 0x10 (size before relaxing)
 .ARM.exidx     0x0800fc74        0x0 y:/coen20/gcc/bin/../lib/gcc/arm-none-eabi/9.3.1/thumb/v7e-m+fp/hard\libgcc.a(_udivmoddi4.o)
                                  0x8 (size before relaxing)
                0x0800fc74                __exidx_end = .
                0x0800fc74                __etext = .

.rel.dyn        0x0800fc74        0x0
 .rel.iplt      0x0800fc74        0x0 y:/coen20/gcc/bin/../lib/gcc/arm-none-eabi/9.3.1/thumb/v7e-m+fp/hard/crtbegin.o

.data           0x20000000      0xb78 load address 0x0800fc74
                0x20000000                __data_start__ = .
 *(vtable)
 *(.data*)
 .data.colors   0x20000000       0x10 obj/Lab6E-Main-c.o
 .data.message.6803
                0x20000010       0x2c obj/Lab6E-Main-c.o
 .data.BUTTON_PORT
                0x2000003c        0x4 library.a(stm32f429i_discovery.o)
                0x2000003c                BUTTON_PORT
 .data.I2cxTimeout
                0x20000040        0x4 library.a(stm32f429i_discovery.o)
                0x20000040                I2cxTimeout
 .data.SpixTimeout
                0x20000044        0x4 library.a(stm32f429i_discovery.o)
                0x20000044                SpixTimeout
 .data.Font12   0x20000048        0x8 library.a(stm32f429i_discovery_lcd.o)
                0x20000048                Font12
 .data.Font16   0x20000050        0x8 library.a(stm32f429i_discovery_lcd.o)
                0x20000050                Font16
 .data.Font24   0x20000058        0x8 library.a(stm32f429i_discovery_lcd.o)
                0x20000058                Font24
 .data.context.0
                0x20000060       0x20 library.a(svcHandler.o)
 .data.context.1
                0x20000080       0x20 library.a(svcHandler.o)
 .data.context.3
                0x200000a0       0x20 library.a(svcHandler.o)
 .data.context.6
                0x200000c0       0x20 library.a(svcHandler.o)
 .data.lines.2  0x200000e0       0x30 library.a(svcHandler.o)
 .data.lines.5  0x20000110       0x40 library.a(svcHandler.o)
 .data.SystemCoreClock
                0x20000150        0x4 library.a(system_stm32f4xx.o)
                0x20000150                SystemCoreClock
 .data.x        0x20000154        0x4 library.a(touch.o)
 .data.y        0x20000158        0x4 library.a(touch.o)
 .data.ili9341_drv
                0x2000015c       0x38 library.a(ili9341.o)
                0x2000015c                ili9341_drv
 .data.stmpe811_ts_drv
                0x20000194       0x28 library.a(stmpe811.o)
                0x20000194                stmpe811_ts_drv
 .data._impure_ptr
                0x200001bc        0x4 y:/coen20/gcc/bin/../lib/gcc/arm-none-eabi/9.3.1/../../../../arm-none-eabi/lib/thumb/v7e-m+fp/hard\libc.a(lib_a-impure.o)
                0x200001bc                _impure_ptr
 .data.impure_data
                0x200001c0      0x428 y:/coen20/gcc/bin/../lib/gcc/arm-none-eabi/9.3.1/../../../../arm-none-eabi/lib/thumb/v7e-m+fp/hard\libc.a(lib_a-impure.o)
 .data.__malloc_av_
                0x200005e8      0x408 y:/coen20/gcc/bin/../lib/gcc/arm-none-eabi/9.3.1/../../../../arm-none-eabi/lib/thumb/v7e-m+fp/hard\libc.a(lib_a-mallocr.o)
                0x200005e8                __malloc_av_
 .data.__malloc_sbrk_base
                0x200009f0        0x4 y:/coen20/gcc/bin/../lib/gcc/arm-none-eabi/9.3.1/../../../../arm-none-eabi/lib/thumb/v7e-m+fp/hard\libc.a(lib_a-mallocr.o)
                0x200009f0                __malloc_sbrk_base
 .data.__malloc_trim_threshold
                0x200009f4        0x4 y:/coen20/gcc/bin/../lib/gcc/arm-none-eabi/9.3.1/../../../../arm-none-eabi/lib/thumb/v7e-m+fp/hard\libc.a(lib_a-mallocr.o)
                0x200009f4                __malloc_trim_threshold
 .data.__atexit_recursive_mutex
                0x200009f8        0x4 y:/coen20/gcc/bin/../lib/gcc/arm-none-eabi/9.3.1/../../../../arm-none-eabi/lib/thumb/v7e-m+fp/hard\libc.a(lib_a-__call_atexit.o)
                0x200009f8                __atexit_recursive_mutex
 .data.__global_locale
                0x200009fc      0x16c y:/coen20/gcc/bin/../lib/gcc/arm-none-eabi/9.3.1/../../../../arm-none-eabi/lib/thumb/v7e-m+fp/hard\libc.a(lib_a-locale.o)
                0x200009fc                __global_locale
                0x20000b68                . = ALIGN (0x4)
                0x20000b68                PROVIDE (__preinit_array_start = .)
 *(.preinit_array)
                0x20000b68                PROVIDE (__preinit_array_end = .)
                0x20000b68                . = ALIGN (0x4)
                0x20000b68                PROVIDE (__init_array_start = .)
 *(SORT_BY_NAME(.init_array.*))
 .init_array.00000
                0x20000b68        0x4 y:/coen20/gcc/bin/../lib/gcc/arm-none-eabi/9.3.1/../../../../arm-none-eabi/lib/thumb/v7e-m+fp/hard\libc.a(lib_a-__call_atexit.o)
 *(.init_array)
 .init_array    0x20000b6c        0x4 y:/coen20/gcc/bin/../lib/gcc/arm-none-eabi/9.3.1/thumb/v7e-m+fp/hard/crtbegin.o
                0x20000b70                PROVIDE (__init_array_end = .)
                0x20000b70                . = ALIGN (0x8)
                0x20000b70                PROVIDE (__fini_array_start = .)
 *(SORT_BY_NAME(.fini_array.*))
 *(.fini_array)
 .fini_array    0x20000b70        0x4 y:/coen20/gcc/bin/../lib/gcc/arm-none-eabi/9.3.1/thumb/v7e-m+fp/hard/crtbegin.o
                0x20000b74                PROVIDE (__fini_array_end = .)
                0x20000b78                . = ALIGN (0x8)
 *fill*         0x20000b74        0x4 
                0x20000b78                __data_end__ = .

.igot.plt       0x20000b78        0x0 load address 0x080107ec
 .igot.plt      0x20000b78        0x0 y:/coen20/gcc/bin/../lib/gcc/arm-none-eabi/9.3.1/thumb/v7e-m+fp/hard/crtbegin.o

.bss            0x20000b78    0x1cbac load address 0x080107ec
                0x20000b78                __bss_start__ = .
 *(.bss*)
 .bss           0x20000b78       0x1c y:/coen20/gcc/bin/../lib/gcc/arm-none-eabi/9.3.1/thumb/v7e-m+fp/hard/crtbegin.o
 .bss.__fixts__
                0x20000b94        0x4 obj/Lab6E-Main-c.o
                0x20000b94                __fixts__
 .bss.buffer    0x20000b98      0x620 library.a(initialize.o)
 .bss.txtCol    0x200011b8        0x4 library.a(initialize.o)
 .bss.txtRow    0x200011bc        0x4 library.a(initialize.o)
 .bss.I2cHandle
                0x200011c0       0x3c library.a(stm32f429i_discovery.o)
                0x200011c0                I2cHandle
 .bss.Is_LCD_IO_Initialized
                0x200011fc        0x1 library.a(stm32f429i_discovery.o)
 *fill*         0x200011fd        0x3 
 .bss.SpiHandle
                0x20001200       0x58 library.a(stm32f429i_discovery.o)
 .bss.ActiveLayer
                0x20001258        0x4 library.a(stm32f429i_discovery_lcd.o)
 .bss.Dma2dHandler
                0x2000125c       0x40 library.a(stm32f429i_discovery_lcd.o)
 .bss.DrawProp  0x2000129c       0x18 library.a(stm32f429i_discovery_lcd.o)
 .bss.LcdDrv    0x200012b4        0x4 library.a(stm32f429i_discovery_lcd.o)
                0x200012b4                LcdDrv
 .bss.LtdcHandler
                0x200012b8       0xa8 library.a(stm32f429i_discovery_lcd.o)
 .bss.PeriphClkInitStruct
                0x20001360       0x30 library.a(stm32f429i_discovery_lcd.o)
 .bss.Command   0x20001390       0x10 library.a(stm32f429i_discovery_sdram.o)
 .bss.SdramHandle
                0x200013a0       0x34 library.a(stm32f429i_discovery_sdram.o)
 .bss.Timing    0x200013d4       0x1c library.a(stm32f429i_discovery_sdram.o)
 .bss.dmaHandle.0
                0x200013f0       0x50 library.a(stm32f429i_discovery_sdram.o)
 .bss.uwTick    0x20001440        0x4 library.a(stm32f4xx_hal.o)
 .bss.rgb       0x20001444    0x1c200 library.a(svcHandler.o)
                0x20001444                rgb
 .bss.text.4    0x2001d644       0x64 library.a(svcHandler.o)
 .bss.TsDrv     0x2001d6a8        0x4 library.a(stm32f429i_discovery_ts.o)
 .bss.TsXBoundary
                0x2001d6ac        0x2 library.a(stm32f429i_discovery_ts.o)
 .bss.TsYBoundary
                0x2001d6ae        0x2 library.a(stm32f429i_discovery_ts.o)
 .bss._x.1      0x2001d6b0        0x4 library.a(stm32f429i_discovery_ts.o)
 .bss._y.0      0x2001d6b4        0x4 library.a(stm32f429i_discovery_ts.o)
 .bss.checked.3
                0x2001d6b8        0x4 library.a(stm32f429i_discovery_ts.o)
 .bss.reversed.2
                0x2001d6bc        0x4 library.a(stm32f429i_discovery_ts.o)
 .bss.stmpe811  0x2001d6c0        0x2 library.a(stmpe811.o)
                0x2001d6c0                stmpe811
 *fill*         0x2001d6c2        0x2 
 .bss.__malloc_current_mallinfo
                0x2001d6c4       0x28 y:/coen20/gcc/bin/../lib/gcc/arm-none-eabi/9.3.1/../../../../arm-none-eabi/lib/thumb/v7e-m+fp/hard\libc.a(lib_a-mallocr.o)
                0x2001d6c4                __malloc_current_mallinfo
 .bss.__malloc_max_sbrked_mem
                0x2001d6ec        0x4 y:/coen20/gcc/bin/../lib/gcc/arm-none-eabi/9.3.1/../../../../arm-none-eabi/lib/thumb/v7e-m+fp/hard\libc.a(lib_a-mallocr.o)
                0x2001d6ec                __malloc_max_sbrked_mem
 .bss.__malloc_max_total_mem
                0x2001d6f0        0x4 y:/coen20/gcc/bin/../lib/gcc/arm-none-eabi/9.3.1/../../../../arm-none-eabi/lib/thumb/v7e-m+fp/hard\libc.a(lib_a-mallocr.o)
                0x2001d6f0                __malloc_max_total_mem
 .bss.__malloc_top_pad
                0x2001d6f4        0x4 y:/coen20/gcc/bin/../lib/gcc/arm-none-eabi/9.3.1/../../../../arm-none-eabi/lib/thumb/v7e-m+fp/hard\libc.a(lib_a-mallocr.o)
                0x2001d6f4                __malloc_top_pad
 .bss.heap_end.5507
                0x2001d6f8        0x4 y:/coen20/gcc/bin/../lib/gcc/arm-none-eabi/9.3.1/../../../../arm-none-eabi/lib/thumb/v7e-m+fp/hard\libnosys.a(sbrk.o)
 *(COMMON)
 COMMON         0x2001d6fc       0x21 y:/coen20/gcc/bin/../lib/gcc/arm-none-eabi/9.3.1/../../../../arm-none-eabi/lib/thumb/v7e-m+fp/hard\libc.a(lib_a-lock.o)
                0x2001d6fc                __lock___atexit_recursive_mutex
                0x2001d700                __lock___arc4random_mutex
                0x2001d704                __lock___env_recursive_mutex
                0x2001d708                __lock___sinit_recursive_mutex
                0x2001d70c                __lock___malloc_recursive_mutex
                0x2001d710                __lock___at_quick_exit_mutex
                0x2001d714                __lock___dd_hash_mutex
                0x2001d718                __lock___tz_mutex
                0x2001d71c                __lock___sfp_recursive_mutex
 *fill*         0x2001d71d        0x3 
 COMMON         0x2001d720        0x4 y:/coen20/gcc/bin/../lib/gcc/arm-none-eabi/9.3.1/../../../../arm-none-eabi/lib/thumb/v7e-m+fp/hard\libc.a(lib_a-reent.o)
                0x2001d720                errno
                0x2001d724                __bss_end__ = .

.ccm            0x10000000        0x0
                0x10000000                . = ALIGN (0x4)
                0x10000000                __ccm_start__ = .
 *(.ccm*)
                0x10000000                . = ALIGN (0x4)
                0x10000000                __ccm_end__ = .

.heap           0x10000000      0xc00
                0x10000000                __end__ = .
                0x10000000                end = __end__
 *(.heap*)
 .heap          0x10000000      0xc00 library.a(startup_stm32f429xx.o)
                0x10000000                __HeapBase
                0x10000c00                __HeapLimit = .

.stack_dummy    0x10000000     0x1000
 *(.stack)
 .stack         0x10000000     0x1000 library.a(startup_stm32f429xx.o)
                0x10010000                __StackTop = (ORIGIN (CCM) + LENGTH (CCM))
                0x1000f000                __StackLimit = (__StackTop - SIZEOF (.stack_dummy))
                0x10010000                PROVIDE (__stack = __StackTop)
                0x00000001                ASSERT ((__StackLimit >= __HeapLimit), region CCM overflowed with stack)
OUTPUT(output.elf elf32-littlearm)
LOAD linker stubs

.ARM.attributes
                0x00000000       0x30
 .ARM.attributes
                0x00000000       0x1e y:/coen20/gcc/bin/../lib/gcc/arm-none-eabi/9.3.1/thumb/v7e-m+fp/hard/crti.o
 .ARM.attributes
                0x0000001e       0x34 y:/coen20/gcc/bin/../lib/gcc/arm-none-eabi/9.3.1/thumb/v7e-m+fp/hard/crtbegin.o
 .ARM.attributes
                0x00000052       0x1c y:/coen20/gcc/bin/../lib/gcc/arm-none-eabi/9.3.1/../../../../arm-none-eabi/lib/thumb/v7e-m+fp/hard/crt0.o
 .ARM.attributes
                0x0000006e       0x34 obj/Lab6E-Main-c.o
 .ARM.attributes
                0x000000a2       0x25 obj/Lab6E-Implementation-s.o
 .ARM.attributes
                0x000000c7       0x34 library.a(initialize.o)
 .ARM.attributes
                0x000000fb       0x34 library.a(stm32f429i_discovery.o)
 .ARM.attributes
                0x0000012f       0x34 library.a(stm32f429i_discovery_lcd.o)
 .ARM.attributes
                0x00000163       0x34 library.a(stm32f429i_discovery_sdram.o)
 .ARM.attributes
                0x00000197       0x34 library.a(stm32f4xx_hal.o)
 .ARM.attributes
                0x000001cb       0x34 library.a(stm32f4xx_hal_cortex.o)
 .ARM.attributes
                0x000001ff       0x34 library.a(stm32f4xx_hal_dma.o)
 .ARM.attributes
                0x00000233       0x34 library.a(stm32f4xx_hal_dma2d.o)
 .ARM.attributes
                0x00000267       0x34 library.a(stm32f4xx_hal_gpio.o)
 .ARM.attributes
                0x0000029b       0x34 library.a(stm32f4xx_hal_i2c.o)
 .ARM.attributes
                0x000002cf       0x34 library.a(stm32f4xx_hal_ltdc.o)
 .ARM.attributes
                0x00000303       0x34 library.a(stm32f4xx_hal_rcc.o)
 .ARM.attributes
                0x00000337       0x34 library.a(stm32f4xx_hal_rcc_ex.o)
 .ARM.attributes
                0x0000036b       0x34 library.a(stm32f4xx_hal_sdram.o)
 .ARM.attributes
                0x0000039f       0x34 library.a(stm32f4xx_hal_spi.o)
 .ARM.attributes
                0x000003d3       0x34 library.a(stm32f4xx_it.o)
 .ARM.attributes
                0x00000407       0x34 library.a(stm32f4xx_ll_fmc.o)
 .ARM.attributes
                0x0000043b       0x34 library.a(svcHandler.o)
 .ARM.attributes
                0x0000046f       0x34 library.a(system_stm32f4xx.o)
 .ARM.attributes
                0x000004a3       0x34 library.a(touch.o)
 .ARM.attributes
                0x000004d7       0x1f library.a(startup_stm32f429xx.o)
 .ARM.attributes
                0x000004f6       0x34 library.a(ili9341.o)
 .ARM.attributes
                0x0000052a       0x34 library.a(stm32f429i_discovery_ts.o)
 .ARM.attributes
                0x0000055e       0x34 library.a(stmpe811.o)
 .ARM.attributes
                0x00000592       0x34 y:/coen20/gcc/bin/../lib/gcc/arm-none-eabi/9.3.1/../../../../arm-none-eabi/lib/thumb/v7e-m+fp/hard\libc.a(lib_a-exit.o)
 .ARM.attributes
                0x000005c6       0x32 y:/coen20/gcc/bin/../lib/gcc/arm-none-eabi/9.3.1/../../../../arm-none-eabi/lib/thumb/v7e-m+fp/hard\libc.a(lib_a-impure.o)
 .ARM.attributes
                0x000005f8       0x34 y:/coen20/gcc/bin/../lib/gcc/arm-none-eabi/9.3.1/../../../../arm-none-eabi/lib/thumb/v7e-m+fp/hard\libc.a(lib_a-init.o)
 .ARM.attributes
                0x0000062c       0x34 y:/coen20/gcc/bin/../lib/gcc/arm-none-eabi/9.3.1/../../../../arm-none-eabi/lib/thumb/v7e-m+fp/hard\libc.a(lib_a-malloc.o)
 .ARM.attributes
                0x00000660       0x34 y:/coen20/gcc/bin/../lib/gcc/arm-none-eabi/9.3.1/../../../../arm-none-eabi/lib/thumb/v7e-m+fp/hard\libc.a(lib_a-mallocr.o)
 .ARM.attributes
                0x00000694       0x1c y:/coen20/gcc/bin/../lib/gcc/arm-none-eabi/9.3.1/../../../../arm-none-eabi/lib/thumb/v7e-m+fp/hard\libc.a(lib_a-memcpy.o)
 .ARM.attributes
                0x000006b0       0x34 y:/coen20/gcc/bin/../lib/gcc/arm-none-eabi/9.3.1/../../../../arm-none-eabi/lib/thumb/v7e-m+fp/hard\libc.a(lib_a-memset.o)
 .ARM.attributes
                0x000006e4       0x34 y:/coen20/gcc/bin/../lib/gcc/arm-none-eabi/9.3.1/../../../../arm-none-eabi/lib/thumb/v7e-m+fp/hard\libc.a(lib_a-mlock.o)
 .ARM.attributes
                0x00000718       0x34 y:/coen20/gcc/bin/../lib/gcc/arm-none-eabi/9.3.1/../../../../arm-none-eabi/lib/thumb/v7e-m+fp/hard\libc.a(lib_a-sbrkr.o)
 .ARM.attributes
                0x0000074c       0x34 y:/coen20/gcc/bin/../lib/gcc/arm-none-eabi/9.3.1/../../../../arm-none-eabi/lib/thumb/v7e-m+fp/hard\libc.a(lib_a-sprintf.o)
 .ARM.attributes
                0x00000780       0x34 y:/coen20/gcc/bin/../lib/gcc/arm-none-eabi/9.3.1/../../../../arm-none-eabi/lib/thumb/v7e-m+fp/hard\libc.a(lib_a-strcpy.o)
 .ARM.attributes
                0x000007b4       0x1c y:/coen20/gcc/bin/../lib/gcc/arm-none-eabi/9.3.1/../../../../arm-none-eabi/lib/thumb/v7e-m+fp/hard\libc.a(lib_a-strlen.o)
 .ARM.attributes
                0x000007d0       0x34 y:/coen20/gcc/bin/../lib/gcc/arm-none-eabi/9.3.1/../../../../arm-none-eabi/lib/thumb/v7e-m+fp/hard\libc.a(lib_a-svfprintf.o)
 .ARM.attributes
                0x00000804       0x34 y:/coen20/gcc/bin/../lib/gcc/arm-none-eabi/9.3.1/../../../../arm-none-eabi/lib/thumb/v7e-m+fp/hard\libc.a(lib_a-wsetup.o)
 .ARM.attributes
                0x00000838       0x34 y:/coen20/gcc/bin/../lib/gcc/arm-none-eabi/9.3.1/../../../../arm-none-eabi/lib/thumb/v7e-m+fp/hard\libc.a(lib_a-__call_atexit.o)
 .ARM.attributes
                0x0000086c       0x34 y:/coen20/gcc/bin/../lib/gcc/arm-none-eabi/9.3.1/../../../../arm-none-eabi/lib/thumb/v7e-m+fp/hard\libc.a(lib_a-atexit.o)
 .ARM.attributes
                0x000008a0       0x34 y:/coen20/gcc/bin/../lib/gcc/arm-none-eabi/9.3.1/../../../../arm-none-eabi/lib/thumb/v7e-m+fp/hard\libc.a(lib_a-dtoa.o)
 .ARM.attributes
                0x000008d4       0x34 y:/coen20/gcc/bin/../lib/gcc/arm-none-eabi/9.3.1/../../../../arm-none-eabi/lib/thumb/v7e-m+fp/hard\libc.a(lib_a-fflush.o)
 .ARM.attributes
                0x00000908       0x34 y:/coen20/gcc/bin/../lib/gcc/arm-none-eabi/9.3.1/../../../../arm-none-eabi/lib/thumb/v7e-m+fp/hard\libc.a(lib_a-findfp.o)
 .ARM.attributes
                0x0000093c       0x34 y:/coen20/gcc/bin/../lib/gcc/arm-none-eabi/9.3.1/../../../../arm-none-eabi/lib/thumb/v7e-m+fp/hard\libc.a(lib_a-fini.o)
 .ARM.attributes
                0x00000970       0x34 y:/coen20/gcc/bin/../lib/gcc/arm-none-eabi/9.3.1/../../../../arm-none-eabi/lib/thumb/v7e-m+fp/hard\libc.a(lib_a-freer.o)
 .ARM.attributes
                0x000009a4       0x34 y:/coen20/gcc/bin/../lib/gcc/arm-none-eabi/9.3.1/../../../../arm-none-eabi/lib/thumb/v7e-m+fp/hard\libc.a(lib_a-fwalk.o)
 .ARM.attributes
                0x000009d8       0x34 y:/coen20/gcc/bin/../lib/gcc/arm-none-eabi/9.3.1/../../../../arm-none-eabi/lib/thumb/v7e-m+fp/hard\libc.a(lib_a-localeconv.o)
 .ARM.attributes
                0x00000a0c       0x34 y:/coen20/gcc/bin/../lib/gcc/arm-none-eabi/9.3.1/../../../../arm-none-eabi/lib/thumb/v7e-m+fp/hard\libc.a(lib_a-lock.o)
 .ARM.attributes
                0x00000a40       0x34 y:/coen20/gcc/bin/../lib/gcc/arm-none-eabi/9.3.1/../../../../arm-none-eabi/lib/thumb/v7e-m+fp/hard\libc.a(lib_a-makebuf.o)
 .ARM.attributes
                0x00000a74       0x1c y:/coen20/gcc/bin/../lib/gcc/arm-none-eabi/9.3.1/../../../../arm-none-eabi/lib/thumb/v7e-m+fp/hard\libc.a(lib_a-memchr.o)
 .ARM.attributes
                0x00000a90       0x34 y:/coen20/gcc/bin/../lib/gcc/arm-none-eabi/9.3.1/../../../../arm-none-eabi/lib/thumb/v7e-m+fp/hard\libc.a(lib_a-mprec.o)
 .ARM.attributes
                0x00000ac4       0x34 y:/coen20/gcc/bin/../lib/gcc/arm-none-eabi/9.3.1/../../../../arm-none-eabi/lib/thumb/v7e-m+fp/hard\libc.a(lib_a-reent.o)
 .ARM.attributes
                0x00000af8       0x34 y:/coen20/gcc/bin/../lib/gcc/arm-none-eabi/9.3.1/../../../../arm-none-eabi/lib/thumb/v7e-m+fp/hard\libc.a(lib_a-s_frexp.o)
 .ARM.attributes
                0x00000b2c       0x34 y:/coen20/gcc/bin/../lib/gcc/arm-none-eabi/9.3.1/../../../../arm-none-eabi/lib/thumb/v7e-m+fp/hard\libc.a(lib_a-stdio.o)
 .ARM.attributes
                0x00000b60       0x34 y:/coen20/gcc/bin/../lib/gcc/arm-none-eabi/9.3.1/../../../../arm-none-eabi/lib/thumb/v7e-m+fp/hard\libc.a(lib_a-strncpy.o)
 .ARM.attributes
                0x00000b94       0x34 y:/coen20/gcc/bin/../lib/gcc/arm-none-eabi/9.3.1/../../../../arm-none-eabi/lib/thumb/v7e-m+fp/hard\libc.a(lib_a-svfiprintf.o)
 .ARM.attributes
                0x00000bc8       0x34 y:/coen20/gcc/bin/../lib/gcc/arm-none-eabi/9.3.1/../../../../arm-none-eabi/lib/thumb/v7e-m+fp/hard\libc.a(lib_a-vfiprintf.o)
 .ARM.attributes
                0x00000bfc       0x34 y:/coen20/gcc/bin/../lib/gcc/arm-none-eabi/9.3.1/../../../../arm-none-eabi/lib/thumb/v7e-m+fp/hard\libc.a(lib_a-writer.o)
 .ARM.attributes
                0x00000c30       0x34 y:/coen20/gcc/bin/../lib/gcc/arm-none-eabi/9.3.1/../../../../arm-none-eabi/lib/thumb/v7e-m+fp/hard\libc.a(lib_a-__atexit.o)
 .ARM.attributes
                0x00000c64       0x34 y:/coen20/gcc/bin/../lib/gcc/arm-none-eabi/9.3.1/../../../../arm-none-eabi/lib/thumb/v7e-m+fp/hard\libc.a(lib_a-assert.o)
 .ARM.attributes
                0x00000c98       0x34 y:/coen20/gcc/bin/../lib/gcc/arm-none-eabi/9.3.1/../../../../arm-none-eabi/lib/thumb/v7e-m+fp/hard\libc.a(lib_a-callocr.o)
 .ARM.attributes
                0x00000ccc       0x34 y:/coen20/gcc/bin/../lib/gcc/arm-none-eabi/9.3.1/../../../../arm-none-eabi/lib/thumb/v7e-m+fp/hard\libc.a(lib_a-closer.o)
 .ARM.attributes
                0x00000d00       0x34 y:/coen20/gcc/bin/../lib/gcc/arm-none-eabi/9.3.1/../../../../arm-none-eabi/lib/thumb/v7e-m+fp/hard\libc.a(lib_a-fclose.o)
 .ARM.attributes
                0x00000d34       0x34 y:/coen20/gcc/bin/../lib/gcc/arm-none-eabi/9.3.1/../../../../arm-none-eabi/lib/thumb/v7e-m+fp/hard\libc.a(lib_a-fiprintf.o)
 .ARM.attributes
                0x00000d68       0x34 y:/coen20/gcc/bin/../lib/gcc/arm-none-eabi/9.3.1/../../../../arm-none-eabi/lib/thumb/v7e-m+fp/hard\libc.a(lib_a-fputwc.o)
 .ARM.attributes
                0x00000d9c       0x34 y:/coen20/gcc/bin/../lib/gcc/arm-none-eabi/9.3.1/../../../../arm-none-eabi/lib/thumb/v7e-m+fp/hard\libc.a(lib_a-fstatr.o)
 .ARM.attributes
                0x00000dd0       0x34 y:/coen20/gcc/bin/../lib/gcc/arm-none-eabi/9.3.1/../../../../arm-none-eabi/lib/thumb/v7e-m+fp/hard\libc.a(lib_a-fvwrite.o)
 .ARM.attributes
                0x00000e04       0x34 y:/coen20/gcc/bin/../lib/gcc/arm-none-eabi/9.3.1/../../../../arm-none-eabi/lib/thumb/v7e-m+fp/hard\libc.a(lib_a-isattyr.o)
 .ARM.attributes
                0x00000e38       0x34 y:/coen20/gcc/bin/../lib/gcc/arm-none-eabi/9.3.1/../../../../arm-none-eabi/lib/thumb/v7e-m+fp/hard\libc.a(lib_a-locale.o)
 .ARM.attributes
                0x00000e6c       0x34 y:/coen20/gcc/bin/../lib/gcc/arm-none-eabi/9.3.1/../../../../arm-none-eabi/lib/thumb/v7e-m+fp/hard\libc.a(lib_a-lseekr.o)
 .ARM.attributes
                0x00000ea0       0x34 y:/coen20/gcc/bin/../lib/gcc/arm-none-eabi/9.3.1/../../../../arm-none-eabi/lib/thumb/v7e-m+fp/hard\libc.a(lib_a-mbtowc_r.o)
 .ARM.attributes
                0x00000ed4       0x34 y:/coen20/gcc/bin/../lib/gcc/arm-none-eabi/9.3.1/../../../../arm-none-eabi/lib/thumb/v7e-m+fp/hard\libc.a(lib_a-memmove.o)
 .ARM.attributes
                0x00000f08       0x34 y:/coen20/gcc/bin/../lib/gcc/arm-none-eabi/9.3.1/../../../../arm-none-eabi/lib/thumb/v7e-m+fp/hard\libc.a(lib_a-readr.o)
 .ARM.attributes
                0x00000f3c       0x34 y:/coen20/gcc/bin/../lib/gcc/arm-none-eabi/9.3.1/../../../../arm-none-eabi/lib/thumb/v7e-m+fp/hard\libc.a(lib_a-reallocr.o)
 .ARM.attributes
                0x00000f70       0x34 y:/coen20/gcc/bin/../lib/gcc/arm-none-eabi/9.3.1/../../../../arm-none-eabi/lib/thumb/v7e-m+fp/hard\libc.a(lib_a-wbuf.o)
 .ARM.attributes
                0x00000fa4       0x34 y:/coen20/gcc/bin/../lib/gcc/arm-none-eabi/9.3.1/../../../../arm-none-eabi/lib/thumb/v7e-m+fp/hard\libc.a(lib_a-wcrtomb.o)
 .ARM.attributes
                0x00000fd8       0x34 y:/coen20/gcc/bin/../lib/gcc/arm-none-eabi/9.3.1/../../../../arm-none-eabi/lib/thumb/v7e-m+fp/hard\libc.a(lib_a-wctomb_r.o)
 .ARM.attributes
                0x0000100c       0x34 y:/coen20/gcc/bin/../lib/gcc/arm-none-eabi/9.3.1/../../../../arm-none-eabi/lib/thumb/v7e-m+fp/hard\libc.a(lib_a-abort.o)
 .ARM.attributes
                0x00001040       0x32 y:/coen20/gcc/bin/../lib/gcc/arm-none-eabi/9.3.1/../../../../arm-none-eabi/lib/thumb/v7e-m+fp/hard\libc.a(lib_a-ctype_.o)
 .ARM.attributes
                0x00001072       0x34 y:/coen20/gcc/bin/../lib/gcc/arm-none-eabi/9.3.1/../../../../arm-none-eabi/lib/thumb/v7e-m+fp/hard\libc.a(lib_a-signal.o)
 .ARM.attributes
                0x000010a6       0x34 y:/coen20/gcc/bin/../lib/gcc/arm-none-eabi/9.3.1/../../../../arm-none-eabi/lib/thumb/v7e-m+fp/hard\libc.a(lib_a-signalr.o)
 .ARM.attributes
                0x000010da       0x34 y:/coen20/gcc/bin/../lib/gcc/arm-none-eabi/9.3.1/../../../../arm-none-eabi/lib/thumb/v7e-m+fp/hard\libnosys.a(sbrk.o)
 .ARM.attributes
                0x0000110e       0x34 y:/coen20/gcc/bin/../lib/gcc/arm-none-eabi/9.3.1/../../../../arm-none-eabi/lib/thumb/v7e-m+fp/hard\libnosys.a(_exit.o)
 .ARM.attributes
                0x00001142       0x1e y:/coen20/gcc/bin/../lib/gcc/arm-none-eabi/9.3.1/thumb/v7e-m+fp/hard\libgcc.a(_arm_addsubdf3.o)
 .ARM.attributes
                0x00001160       0x1e y:/coen20/gcc/bin/../lib/gcc/arm-none-eabi/9.3.1/thumb/v7e-m+fp/hard\libgcc.a(_arm_muldivdf3.o)
 .ARM.attributes
                0x0000117e       0x1e y:/coen20/gcc/bin/../lib/gcc/arm-none-eabi/9.3.1/thumb/v7e-m+fp/hard\libgcc.a(_arm_cmpdf2.o)
 .ARM.attributes
                0x0000119c       0x1e y:/coen20/gcc/bin/../lib/gcc/arm-none-eabi/9.3.1/thumb/v7e-m+fp/hard\libgcc.a(_arm_unorddf2.o)
 .ARM.attributes
                0x000011ba       0x1e y:/coen20/gcc/bin/../lib/gcc/arm-none-eabi/9.3.1/thumb/v7e-m+fp/hard\libgcc.a(_arm_fixdfsi.o)
 .ARM.attributes
                0x000011d8       0x1e y:/coen20/gcc/bin/../lib/gcc/arm-none-eabi/9.3.1/thumb/v7e-m+fp/hard\libgcc.a(_aeabi_uldivmod.o)
 .ARM.attributes
                0x000011f6       0x34 y:/coen20/gcc/bin/../lib/gcc/arm-none-eabi/9.3.1/thumb/v7e-m+fp/hard\libgcc.a(_udivmoddi4.o)
 .ARM.attributes
                0x0000122a       0x1e y:/coen20/gcc/bin/../lib/gcc/arm-none-eabi/9.3.1/thumb/v7e-m+fp/hard\libgcc.a(_dvmd_tls.o)
 .ARM.attributes
                0x00001248       0x32 y:/coen20/gcc/bin/../lib/gcc/arm-none-eabi/9.3.1/thumb/v7e-m+fp/hard/crtend.o
 .ARM.attributes
                0x0000127a       0x1e y:/coen20/gcc/bin/../lib/gcc/arm-none-eabi/9.3.1/thumb/v7e-m+fp/hard/crtn.o

.comment        0x00000000       0x7f
 .comment       0x00000000       0x4c obj/Lab6E-Main-c.o
                                 0x4d (size before relaxing)
 .comment       0x0000004c       0x33 library.a(initialize.o)
                                 0x34 (size before relaxing)
 .comment       0x0000007f       0x34 library.a(stm32f429i_discovery.o)
 .comment       0x0000007f       0x34 library.a(stm32f429i_discovery_lcd.o)
 .comment       0x0000007f       0x34 library.a(stm32f429i_discovery_sdram.o)
 .comment       0x0000007f       0x34 library.a(stm32f4xx_hal.o)
 .comment       0x0000007f       0x34 library.a(stm32f4xx_hal_cortex.o)
 .comment       0x0000007f       0x34 library.a(stm32f4xx_hal_dma.o)
 .comment       0x0000007f       0x34 library.a(stm32f4xx_hal_dma2d.o)
 .comment       0x0000007f       0x34 library.a(stm32f4xx_hal_gpio.o)
 .comment       0x0000007f       0x34 library.a(stm32f4xx_hal_i2c.o)
 .comment       0x0000007f       0x34 library.a(stm32f4xx_hal_ltdc.o)
 .comment       0x0000007f       0x34 library.a(stm32f4xx_hal_rcc.o)
 .comment       0x0000007f       0x34 library.a(stm32f4xx_hal_rcc_ex.o)
 .comment       0x0000007f       0x34 library.a(stm32f4xx_hal_sdram.o)
 .comment       0x0000007f       0x34 library.a(stm32f4xx_hal_spi.o)
 .comment       0x0000007f       0x34 library.a(stm32f4xx_it.o)
 .comment       0x0000007f       0x34 library.a(stm32f4xx_ll_fmc.o)
 .comment       0x0000007f       0x34 library.a(svcHandler.o)
 .comment       0x0000007f       0x34 library.a(system_stm32f4xx.o)
 .comment       0x0000007f       0x34 library.a(touch.o)
 .comment       0x0000007f       0x34 library.a(ili9341.o)
 .comment       0x0000007f       0x34 library.a(stm32f429i_discovery_ts.o)
 .comment       0x0000007f       0x34 library.a(stmpe811.o)

.debug_frame    0x00000000     0x1678
 .debug_frame   0x00000000       0x28 y:/coen20/gcc/bin/../lib/gcc/arm-none-eabi/9.3.1/../../../../arm-none-eabi/lib/thumb/v7e-m+fp/hard\libc.a(lib_a-exit.o)
 .debug_frame   0x00000028       0x2c y:/coen20/gcc/bin/../lib/gcc/arm-none-eabi/9.3.1/../../../../arm-none-eabi/lib/thumb/v7e-m+fp/hard\libc.a(lib_a-init.o)
 .debug_frame   0x00000054       0x30 y:/coen20/gcc/bin/../lib/gcc/arm-none-eabi/9.3.1/../../../../arm-none-eabi/lib/thumb/v7e-m+fp/hard\libc.a(lib_a-malloc.o)
 .debug_frame   0x00000084       0x4c y:/coen20/gcc/bin/../lib/gcc/arm-none-eabi/9.3.1/../../../../arm-none-eabi/lib/thumb/v7e-m+fp/hard\libc.a(lib_a-mallocr.o)
 .debug_frame   0x000000d0       0x38 y:/coen20/gcc/bin/../lib/gcc/arm-none-eabi/9.3.1/../../../../arm-none-eabi/lib/thumb/v7e-m+fp/hard\libc.a(lib_a-memset.o)